Archive member included because of file (symbol)

.\CortexM0\ARM_GCC_493\Debug\board1.a(cyfitter_cfg.o)
                              .\CortexM0\ARM_GCC_493\Debug\Cm0Start.o (cyfitter_cfg)
.\CortexM0\ARM_GCC_493\Debug\board1.a(HB25_PWM.o)
                              .\CortexM0\ARM_GCC_493\Debug\motor.o (HB25_PWM_Stop)
.\CortexM0\ARM_GCC_493\Debug\board1.a(HB25_Enable_Pin.o)
                              .\CortexM0\ARM_GCC_493\Debug\motor.o (HB25_Enable_Pin_Write)
.\CortexM0\ARM_GCC_493\Debug\board1.a(EZI2C.o)
                              .\CortexM0\ARM_GCC_493\Debug\i2c.o (EZI2C_Start)
.\CortexM0\ARM_GCC_493\Debug\board1.a(EZI2C_EZI2C.o)
                              .\CortexM0\ARM_GCC_493\Debug\board1.a(EZI2C.o) (EZI2C_EzI2CInit)
.\CortexM0\ARM_GCC_493\Debug\board1.a(EZI2C_EZI2C_INT.o)
                              .\CortexM0\ARM_GCC_493\Debug\board1.a(EZI2C_EZI2C.o) (EZI2C_EZI2C_STRETCH_ISR)
.\CortexM0\ARM_GCC_493\Debug\board1.a(ADC_Infrared.o)
                              .\CortexM0\ARM_GCC_493\Debug\infrared.o (ADC_Infrared_Start)
.\CortexM0\ARM_GCC_493\Debug\board1.a(ADC_Infrared_INT.o)
                              .\CortexM0\ARM_GCC_493\Debug\board1.a(ADC_Infrared.o) (ADC_Infrared_ISR)
.\CortexM0\ARM_GCC_493\Debug\board1.a(Encoder_Pins.o)
                              .\CortexM0\ARM_GCC_493\Debug\encoder.o (Encoder_Pins_Read)
.\CortexM0\ARM_GCC_493\Debug\board1.a(Encoder_Intr.o)
                              .\CortexM0\ARM_GCC_493\Debug\encoder.o (Encoder_Intr_Enable)
.\CortexM0\ARM_GCC_493\Debug\board1.a(HCSR04_Timer.o)
                              .\CortexM0\ARM_GCC_493\Debug\ultrasonic.o (HCSR04_Timer_ReadCounter)
.\CortexM0\ARM_GCC_493\Debug\board1.a(HCSR04_Timeout_Intr.o)
                              .\CortexM0\ARM_GCC_493\Debug\ultrasonic.o (HCSR04_Timeout_Intr_StartEx)
.\CortexM0\ARM_GCC_493\Debug\board1.a(HCSR04_Trigger_0.o)
                              .\CortexM0\ARM_GCC_493\Debug\ultrasonic.o (HCSR04_Trigger_0_Write)
.\CortexM0\ARM_GCC_493\Debug\board1.a(HCSR04_Trigger_2.o)
                              .\CortexM0\ARM_GCC_493\Debug\ultrasonic.o (HCSR04_Trigger_2_Write)
.\CortexM0\ARM_GCC_493\Debug\board1.a(HCSR04_Trigger_3.o)
                              .\CortexM0\ARM_GCC_493\Debug\ultrasonic.o (HCSR04_Trigger_3_Write)
.\CortexM0\ARM_GCC_493\Debug\board1.a(HCSR04_Control.o)
                              .\CortexM0\ARM_GCC_493\Debug\ultrasonic.o (HCSR04_Control_Write)
.\CortexM0\ARM_GCC_493\Debug\board1.a(HCSR04_Trigger_1.o)
                              .\CortexM0\ARM_GCC_493\Debug\ultrasonic.o (HCSR04_Trigger_1_Write)
.\CortexM0\ARM_GCC_493\Debug\board1.a(CyBootAsmGnu.o)
                              .\CortexM0\ARM_GCC_493\Debug\board1.a(HB25_PWM.o) (CyEnterCriticalSection)
.\CortexM0\ARM_GCC_493\Debug\board1.a(CyLib.o)
                              .\CortexM0\ARM_GCC_493\Debug\board1.a(cyfitter_cfg.o) (CyIntEnable)
.\CortexM0\ARM_GCC_493\Debug\board1.a(CyLFClk.o)
                              .\CortexM0\ARM_GCC_493\Debug\board1.a(CyLib.o) (CySysClkWcoEnabled)
.\CortexM0\ARM_GCC_493\Debug\board1.a(UARTCOMMS_UART.o)
                              .\CortexM0\ARM_GCC_493\Debug\boardmain.o (UARTCOMMS_UartPutString)
.\CortexM0\ARM_GCC_493\Debug\board1.a(CyFlash.o)
                              .\CortexM0\ARM_GCC_493\Debug\board1.a(CyLib.o) (CySysFlashSetWaitCycles)
.\CortexM0\ARM_GCC_493\Debug\board1.a(UARTCOMMS_SPI_UART.o)
                              .\CortexM0\ARM_GCC_493\Debug\board1.a(UARTCOMMS_UART.o) (UARTCOMMS_SpiUartReadRxData)
c:/program files (x86)/cypress/psoc creator/3.3/psoc creator/import/gnu/arm/4.9.3/bin/../lib/gcc/arm-none-eabi/4.9.3/../../../../arm-none-eabi/lib/armv6-m\libm.a(lib_a-w_pow.o)
                              .\CortexM0\ARM_GCC_493\Debug\infrared.o (pow)
c:/program files (x86)/cypress/psoc creator/3.3/psoc creator/import/gnu/arm/4.9.3/bin/../lib/gcc/arm-none-eabi/4.9.3/../../../../arm-none-eabi/lib/armv6-m\libm.a(lib_a-e_pow.o)
                              c:/program files (x86)/cypress/psoc creator/3.3/psoc creator/import/gnu/arm/4.9.3/bin/../lib/gcc/arm-none-eabi/4.9.3/../../../../arm-none-eabi/lib/armv6-m\libm.a(lib_a-w_pow.o) (__ieee754_pow)
c:/program files (x86)/cypress/psoc creator/3.3/psoc creator/import/gnu/arm/4.9.3/bin/../lib/gcc/arm-none-eabi/4.9.3/../../../../arm-none-eabi/lib/armv6-m\libm.a(lib_a-e_sqrt.o)
                              c:/program files (x86)/cypress/psoc creator/3.3/psoc creator/import/gnu/arm/4.9.3/bin/../lib/gcc/arm-none-eabi/4.9.3/../../../../arm-none-eabi/lib/armv6-m\libm.a(lib_a-e_pow.o) (__ieee754_sqrt)
c:/program files (x86)/cypress/psoc creator/3.3/psoc creator/import/gnu/arm/4.9.3/bin/../lib/gcc/arm-none-eabi/4.9.3/../../../../arm-none-eabi/lib/armv6-m\libm.a(lib_a-s_fabs.o)
[...]
Memory Configuration

Name             Origin             Length             Attributes
rom              0x00000000         0x00020000         xr
ram              0x20000000         0x00004000         xrw
*default*        0x00000000         0xffffffff

Linker script and memory map

LOAD c:/program files (x86)/cypress/psoc creator/3.3/psoc creator/import/gnu/arm/4.9.3/bin/../lib/gcc/arm-none-eabi/4.9.3/armv6-m/crti.o
LOAD c:/program files (x86)/cypress/psoc creator/3.3/psoc creator/import/gnu/arm/4.9.3/bin/../lib/gcc/arm-none-eabi/4.9.3/armv6-m/crtbegin.o
LOAD c:/program files (x86)/cypress/psoc creator/3.3/psoc creator/import/gnu/arm/4.9.3/bin/../lib/gcc/arm-none-eabi/4.9.3/../../../../arm-none-eabi/lib/armv6-m/crt0.o
START GROUP
LOAD .\CortexM0\ARM_GCC_493\Debug\main.o
LOAD .\CortexM0\ARM_GCC_493\Debug\boardmain.o
LOAD .\CortexM0\ARM_GCC_493\Debug\control.o
LOAD .\CortexM0\ARM_GCC_493\Debug\debug.o
LOAD .\CortexM0\ARM_GCC_493\Debug\encoder.o
LOAD .\CortexM0\ARM_GCC_493\Debug\i2c.o
LOAD .\CortexM0\ARM_GCC_493\Debug\infrared.o
LOAD .\CortexM0\ARM_GCC_493\Debug\motor.o
LOAD .\CortexM0\ARM_GCC_493\Debug\pid.o
LOAD .\CortexM0\ARM_GCC_493\Debug\time.o
LOAD .\CortexM0\ARM_GCC_493\Debug\ultrasonic.o
LOAD .\CortexM0\ARM_GCC_493\Debug\utils.o
LOAD .\CortexM0\ARM_GCC_493\Debug\cymetadata.o
LOAD .\CortexM0\ARM_GCC_493\Debug\Cm0Start.o
LOAD .\CortexM0\ARM_GCC_493\Debug\board1.a
LOAD C:\Program Files (x86)\Cypress\PSoC Creator\3.3\PSoC Creator\psoc\content\cycomponentlibrary\CyComponentLibrary.cylib\CortexM0\ARM_GCC_493\Debug\CyComponentLibrary.a
LOAD c:/program files (x86)/cypress/psoc creator/3.3/psoc creator/import/gnu/arm/4.9.3/bin/../lib/gcc/arm-none-eabi/4.9.3/../../../../arm-none-eabi/lib/armv6-m\libm.a
END GROUP
START GROUP
LOAD c:/program files (x86)/cypress/psoc creator/3.3/psoc creator/import/gnu/arm/4.9.3/bin/../lib/gcc/arm-none-eabi/4.9.3/armv6-m\libgcc.a
LOAD c:/program files (x86)/cypress/psoc creator/3.3/psoc creator/import/gnu/arm/4.9.3/bin/../lib/gcc/arm-none-eabi/4.9.3/../../../../arm-none-eabi/lib/armv6-m\libg_nano.a
LOAD c:/program files (x86)/cypress/psoc creator/3.3/psoc creator/import/gnu/arm/4.9.3/bin/../lib/gcc/arm-none-eabi/4.9.3/../../../../arm-none-eabi/lib/armv6-m\libc_nano.a
END GROUP
START GROUP
LOAD c:/program files (x86)/cypress/psoc creator/3.3/psoc creator/import/gnu/arm/4.9.3/bin/../lib/gcc/arm-none-eabi/4.9.3/armv6-m\libgcc.a
LOAD c:/program files (x86)/cypress/psoc creator/3.3/psoc creator/import/gnu/arm/4.9.3/bin/../lib/gcc/arm-none-eabi/4.9.3/../../../../arm-none-eabi/lib/armv6-m\libc_nano.a
END GROUP
LOAD c:/program files (x86)/cypress/psoc creator/3.3/psoc creator/import/gnu/arm/4.9.3/bin/../lib/gcc/arm-none-eabi/4.9.3/armv6-m/crtend.o
LOAD c:/program files (x86)/cypress/psoc creator/3.3/psoc creator/import/gnu/arm/4.9.3/bin/../lib/gcc/arm-none-eabi/4.9.3/armv6-m/crtn.o
START GROUP
LOAD c:/program files (x86)/cypress/psoc creator/3.3/psoc creator/import/gnu/arm/4.9.3/bin/../lib/gcc/arm-none-eabi/4.9.3/armv6-m\libgcc.a
LOAD c:/program files (x86)/cypress/psoc creator/3.3/psoc creator/import/gnu/arm/4.9.3/bin/../lib/gcc/arm-none-eabi/4.9.3/../../../../arm-none-eabi/lib/armv6-m\libc.a
LOAD c:/program files (x86)/cypress/psoc creator/3.3/psoc creator/import/gnu/arm/4.9.3/bin/../lib/gcc/arm-none-eabi/4.9.3/../../../../arm-none-eabi/lib/armv6-m\libnosys.a
END GROUP
                0x00000000                CY_APPL_ORIGIN = 0x0
                0x00000080                CY_FLASH_ROW_SIZE = 0x80
                0x00000001                CY_APPL_NUM = 0x1
                0x00000001                CY_APPL_MAX = 0x1
                0x00000040                CY_METADATA_SIZE = 0x40
                0x00000000                CY_APPL_LOADABLE = 0x0
                0x00000000                CY_CHECKSUM_EXCLUDE_SIZE = ALIGN (0x0, CY_FLASH_ROW_SIZE)
                0x00000000                CY_APP_FOR_STACK_AND_COPIER = 0x0
                0x20000388                PROVIDE (__cy_heap_start, _end)
                0x00000001                PROVIDE (__cy_region_num, ((__cy_regions_end - __cy_regions) / 0x10))
                0x20004000                PROVIDE (__cy_stack, (ORIGIN (ram) + 0x4000))
                0x20003800                PROVIDE (__cy_heap_end, (__cy_stack - 0x800))

.cybootloader   0x00000000        0x0
 *(.cybootloader)
                0x00000000                appl1_start = CY_APPL_ORIGIN?CY_APPL_ORIGIN:ALIGN (CY_FLASH_ROW_SIZE)
                0x0000ff80                appl2_start = (appl1_start + ALIGN ((((0x20000 - appl1_start) - (0x2 * CY_FLASH_ROW_SIZE)) / 0x2), CY_FLASH_ROW_SIZE))
                0x00000000                appl_start = (CY_APPL_NUM == 0x1)?appl1_start:appl2_start
                0x00000001                cy_project_type_bootloader = (appl_start == 0x0)?0x1:0x0
                0x00000000                cy_project_type_app_for_stack_and_copier = (CY_APP_FOR_STACK_AND_COPIER == 0x1)?0x1:0x0

.text           0x00000000     0x5fce
 CREATE_OBJECT_SYMBOLS
                0x00000000                PROVIDE (__cy_interrupt_vector, RomVectors)
 *(.romvectors)
 .romvectors    0x00000000       0x10 .\CortexM0\ARM_GCC_493\Debug\Cm0Start.o
                0x00000000                RomVectors
                0x00000001                ASSERT ((. != __cy_interrupt_vector), No interrupt vector)
                0x00000001                ASSERT (CY_APPL_ORIGIN?(SIZEOF (.cybootloader) <= CY_APPL_ORIGIN):0x1, Wrong image location)
                0x00000010                PROVIDE (__cy_reset, Reset)
 *(.text.Reset)
 .text.Reset    0x00000010        0x8 .\CortexM0\ARM_GCC_493\Debug\Cm0Start.o
                0x00000010                Reset
                0x00000001                ASSERT ((. != __cy_reset), No reset code)
 *(.psocinit)
 .psocinit      0x00000018      0x274 .\CortexM0\ARM_GCC_493\Debug\board1.a(cyfitter_cfg.o)
                0x00000104                cyfitter_cfg
                0x0000028c                . = MAX (., 0x100)
 *(.text .text.* .gnu.linkonce.t.*)
 .text          0x0000028c       0x60 c:/program files (x86)/cypress/psoc creator/3.3/psoc creator/import/gnu/arm/4.9.3/bin/../lib/gcc/arm-none-eabi/4.9.3/armv6-m/crtbegin.o
 .text.main     0x000002ec        0xc .\CortexM0\ARM_GCC_493\Debug\main.o
                0x000002ec                main
 .text.Board_Main
                0x000002f8       0xb0 .\CortexM0\ARM_GCC_493\Debug\boardmain.o
                0x000002f8                Board_Main
 .text.Control_Init
                0x000003a8       0x10 .\CortexM0\ARM_GCC_493\Debug\control.o
                0x000003a8                Control_Init
 .text.Control_Start
                0x000003b8        0x8 .\CortexM0\ARM_GCC_493\Debug\control.o
                0x000003b8                Control_Start
 .text.Control_Update
                0x000003c0       0x34 .\CortexM0\ARM_GCC_493\Debug\control.o
                0x000003c0                Control_Update
 .text.Debug_Init
                0x000003f4       0x14 .\CortexM0\ARM_GCC_493\Debug\debug.o
                0x000003f4                Debug_Init
 .text.CalcCount
                0x00000408       0x28 .\CortexM0\ARM_GCC_493\Debug\encoder.o
 .text.Encoder_Interrupt_Handler
                0x00000430       0x30 .\CortexM0\ARM_GCC_493\Debug\encoder.o
                0x00000430                Encoder_Interrupt_Handler
 .text.Encoder_Init
                0x00000460       0x14 .\CortexM0\ARM_GCC_493\Debug\encoder.o
                0x00000460                Encoder_Init
 .text.Encoder_Start
                0x00000474       0x10 .\CortexM0\ARM_GCC_493\Debug\encoder.o
                0x00000474                Encoder_Start
 .text.Encoder_GetVelocity
                0x00000484        0xc .\CortexM0\ARM_GCC_493\Debug\encoder.o
                0x00000484                Encoder_GetVelocity
 .text.Encoder_GetCount
                0x00000490        0xc .\CortexM0\ARM_GCC_493\Debug\encoder.o
                0x00000490                Encoder_GetCount
 .text.Encoder_Update
                0x0000049c       0x40 .\CortexM0\ARM_GCC_493\Debug\encoder.o
                0x0000049c                Encoder_Update
 .text.I2c_Init
                0x000004dc       0x18 .\CortexM0\ARM_GCC_493\Debug\i2c.o
                0x000004dc                I2c_Init
 .text.I2c_Start
                0x000004f4       0x1c .\CortexM0\ARM_GCC_493\Debug\i2c.o
                0x000004f4                I2c_Start
 .text.I2c_ReadControl
                0x00000510       0x10 .\CortexM0\ARM_GCC_493\Debug\i2c.o
                0x00000510                I2c_ReadControl
 .text.I2c_ReadVelocity
                0x00000520       0x14 .\CortexM0\ARM_GCC_493\Debug\i2c.o
                0x00000520                I2c_ReadVelocity
 .text.I2c_WriteCount
                0x00000534       0x18 .\CortexM0\ARM_GCC_493\Debug\i2c.o
                0x00000534                I2c_WriteCount
 .text.I2c_WriteVelocity
                0x0000054c       0x10 .\CortexM0\ARM_GCC_493\Debug\i2c.o
                0x0000054c                I2c_WriteVelocity
 .text.I2c_WriteUltrasonicDistance
                0x0000055c       0x1c .\CortexM0\ARM_GCC_493\Debug\i2c.o
                0x0000055c                I2c_WriteUltrasonicDistance
 .text.I2c_WriteInfraredDistance
                0x00000578        0xc .\CortexM0\ARM_GCC_493\Debug\i2c.o
                0x00000578                I2c_WriteInfraredDistance
 .text.I2c_WriteTest
                0x00000584       0x30 .\CortexM0\ARM_GCC_493\Debug\i2c.o
                0x00000584                I2c_WriteTest
 .text.Infrared_Measure
                0x000005b4       0xc4 .\CortexM0\ARM_GCC_493\Debug\infrared.o
                0x000005b4                Infrared_Measure
 .text.CalculateCompare
                0x00000678       0x5c .\CortexM0\ARM_GCC_493\Debug\motor.o
 .text.Motor_Init
                0x000006d4        0xc .\CortexM0\ARM_GCC_493\Debug\motor.o
                0x000006d4                Motor_Init
 .text.Motor_Start
                0x000006e0       0x10 .\CortexM0\ARM_GCC_493\Debug\motor.o
                0x000006e0                Motor_Start
 .text.Motor_SetOutput
                0x000006f0        0xc .\CortexM0\ARM_GCC_493\Debug\motor.o
                0x000006f0                Motor_SetOutput
 .text.Motor_Stop
                0x000006fc       0x10 .\CortexM0\ARM_GCC_493\Debug\motor.o
                0x000006fc                Motor_Stop
 .text.Calculate
                0x0000070c      0x13c .\CortexM0\ARM_GCC_493\Debug\pid.o
 .text.PID_Update
                0x00000848       0x30 .\CortexM0\ARM_GCC_493\Debug\pid.o
                0x00000848                PID_Update
 .text.SysTickIsrHandler
                0x00000878       0x10 .\CortexM0\ARM_GCC_493\Debug\time.o
 .text.Time_Init
                0x00000888        0xc .\CortexM0\ARM_GCC_493\Debug\time.o
                0x00000888                Time_Init
 .text.Time_Start
                0x00000894       0x34 .\CortexM0\ARM_GCC_493\Debug\time.o
                0x00000894                Time_Start
 .text.millis   0x000008c8        0xc .\CortexM0\ARM_GCC_493\Debug\time.o
                0x000008c8                millis
 .text.WaitForPulseIn
                0x000008d4       0x2c .\CortexM0\ARM_GCC_493\Debug\ultrasonic.o
 .text.PulseOut
                0x00000900       0x24 .\CortexM0\ARM_GCC_493\Debug\ultrasonic.o
 .text.CalcDistance
                0x00000924       0x54 .\CortexM0\ARM_GCC_493\Debug\ultrasonic.o
 .text.Ultrasonic_Measure
                0x00000978       0xa0 .\CortexM0\ARM_GCC_493\Debug\ultrasonic.o
                0x00000978                Ultrasonic_Measure
 .text.MovingAverage
                0x00000a18       0x20 .\CortexM0\ARM_GCC_493\Debug\utils.o
                0x00000a18                MovingAverage
 .text.IntDefaultHandler
                0x00000a38        0x4 .\CortexM0\ARM_GCC_493\Debug\Cm0Start.o
                0x00000a38                IntDefaultHandler
 .text._sbrk    0x00000a3c       0x30 .\CortexM0\ARM_GCC_493\Debug\Cm0Start.o
                0x00000a3c                _sbrk
 .text.Start_c  0x00000a6c       0x48 .\CortexM0\ARM_GCC_493\Debug\Cm0Start.o
                0x00000a6c                Start_c
 .text.initialize_psoc
                0x00000ab4       0x54 .\CortexM0\ARM_GCC_493\Debug\Cm0Start.o
                0x00000ab4                initialize_psoc
 .text.cfg_write_bytes32
                0x00000b08       0x34 .\CortexM0\ARM_GCC_493\Debug\board1.a(cyfitter_cfg.o)
 .text.CYMEMZERO
                0x00000b3c        0xc .\CortexM0\ARM_GCC_493\Debug\board1.a(cyfitter_cfg.o)
 .text.SetAnalogRoutingPumps
                0x00000b48       0x20 .\CortexM0\ARM_GCC_493\Debug\board1.a(cyfitter_cfg.o)
                0x00000b48                SetAnalogRoutingPumps
 .text.AnalogSetDefault
                0x00000b68       0x44 .\CortexM0\ARM_GCC_493\Debug\board1.a(cyfitter_cfg.o)
 .text.HB25_PWM_Stop
                0x00000bac       0x1c .\CortexM0\ARM_GCC_493\Debug\board1.a(HB25_PWM.o)
                0x00000bac                HB25_PWM_Stop
 .text.HB25_PWM_WriteCounter
                0x00000bc8       0x10 .\CortexM0\ARM_GCC_493\Debug\board1.a(HB25_PWM.o)
                0x00000bc8                HB25_PWM_WriteCounter
 .text.HB25_PWM_WritePeriod
                0x00000bd8       0x10 .\CortexM0\ARM_GCC_493\Debug\board1.a(HB25_PWM.o)
                0x00000bd8                HB25_PWM_WritePeriod
 .text.HB25_PWM_WriteCompare
                0x00000be8       0x10 .\CortexM0\ARM_GCC_493\Debug\board1.a(HB25_PWM.o)
                0x00000be8                HB25_PWM_WriteCompare
 .text.HB25_PWM_TriggerCommand
                0x00000bf8       0x1c .\CortexM0\ARM_GCC_493\Debug\board1.a(HB25_PWM.o)
                0x00000bf8                HB25_PWM_TriggerCommand
 .text.HB25_PWM_Enable
                0x00000c14       0x24 .\CortexM0\ARM_GCC_493\Debug\board1.a(HB25_PWM.o)
                0x00000c14                HB25_PWM_Enable
 .text.HB25_PWM_SetInterruptMode
                0x00000c38        0xc .\CortexM0\ARM_GCC_493\Debug\board1.a(HB25_PWM.o)
                0x00000c38                HB25_PWM_SetInterruptMode
 .text.HB25_PWM_Init
                0x00000c44       0x4c .\CortexM0\ARM_GCC_493\Debug\board1.a(HB25_PWM.o)
                0x00000c44                HB25_PWM_Init
 .text.HB25_PWM_Start
                0x00000c90       0x20 .\CortexM0\ARM_GCC_493\Debug\board1.a(HB25_PWM.o)
                0x00000c90                HB25_PWM_Start
 .text.HB25_Enable_Pin_Write
                0x00000cb0       0x18 .\CortexM0\ARM_GCC_493\Debug\board1.a(HB25_Enable_Pin.o)
                0x00000cb0                HB25_Enable_Pin_Write
 .text.EZI2C_ScbEnableIntr
                0x00000cc8        0xc .\CortexM0\ARM_GCC_493\Debug\board1.a(EZI2C.o)
 .text.EZI2C_Init
                0x00000cd4        0x8 .\CortexM0\ARM_GCC_493\Debug\board1.a(EZI2C.o)
                0x00000cd4                EZI2C_Init
 .text.EZI2C_Enable
                0x00000cdc       0x18 .\CortexM0\ARM_GCC_493\Debug\board1.a(EZI2C.o)
                0x00000cdc                EZI2C_Enable
 .text.EZI2C_Start
                0x00000cf4       0x20 .\CortexM0\ARM_GCC_493\Debug\board1.a(EZI2C.o)
                0x00000cf4                EZI2C_Start
 .text.EZI2C_EzI2CInit
                0x00000d14       0xc0 .\CortexM0\ARM_GCC_493\Debug\board1.a(EZI2C_EZI2C.o)
                0x00000d14                EZI2C_EzI2CInit
 .text.EZI2C_EzI2CSetAddress1
                0x00000dd4       0x18 .\CortexM0\ARM_GCC_493\Debug\board1.a(EZI2C_EZI2C.o)
                0x00000dd4                EZI2C_EzI2CSetAddress1
 .text.EZI2C_EzI2CSetBuffer1
                0x00000dec       0x30 .\CortexM0\ARM_GCC_493\Debug\board1.a(EZI2C_EZI2C.o)
                0x00000dec                EZI2C_EzI2CSetBuffer1
 .text.EZI2C_EZI2C_STRETCH_ISR
                0x00000e1c      0x324 .\CortexM0\ARM_GCC_493\Debug\board1.a(EZI2C_EZI2C_INT.o)
                0x00000e1c                EZI2C_EZI2C_STRETCH_ISR
 .text.ADC_Infrared_StartConvert
                0x00001140       0x14 .\CortexM0\ARM_GCC_493\Debug\board1.a(ADC_Infrared.o)
                0x00001140                ADC_Infrared_StartConvert
 .text.ADC_Infrared_IsEndConversion
                0x00001154       0x28 .\CortexM0\ARM_GCC_493\Debug\board1.a(ADC_Infrared.o)
                0x00001154                ADC_Infrared_IsEndConversion
 .text.ADC_Infrared_GetResult16
                0x0000117c       0x2c .\CortexM0\ARM_GCC_493\Debug\board1.a(ADC_Infrared.o)
                0x0000117c                ADC_Infrared_GetResult16
 .text.Encoder_Pins_Read
                0x000011a8       0x10 .\CortexM0\ARM_GCC_493\Debug\board1.a(Encoder_Pins.o)
                0x000011a8                Encoder_Pins_Read
 .text.Encoder_Pins_ClearInterrupt
                0x000011b8       0x14 .\CortexM0\ARM_GCC_493\Debug\board1.a(Encoder_Pins.o)
                0x000011b8                Encoder_Pins_ClearInterrupt
 .text.Encoder_Intr_SetVector
                0x000011cc        0xc .\CortexM0\ARM_GCC_493\Debug\board1.a(Encoder_Intr.o)
                0x000011cc                Encoder_Intr_SetVector
 .text.Encoder_Intr_SetPriority
                0x000011d8       0x20 .\CortexM0\ARM_GCC_493\Debug\board1.a(Encoder_Intr.o)
                0x000011d8                Encoder_Intr_SetPriority
 .text.Encoder_Intr_Enable
                0x000011f8        0xc .\CortexM0\ARM_GCC_493\Debug\board1.a(Encoder_Intr.o)
                0x000011f8                Encoder_Intr_Enable
 .text.Encoder_Intr_Disable
                0x00001204        0xc .\CortexM0\ARM_GCC_493\Debug\board1.a(Encoder_Intr.o)
                0x00001204                Encoder_Intr_Disable
 .text.Encoder_Intr_StartEx
                0x00001210       0x1c .\CortexM0\ARM_GCC_493\Debug\board1.a(Encoder_Intr.o)
                0x00001210                Encoder_Intr_StartEx
 .text.HCSR04_Trigger_0_Write
                0x0000122c       0x18 .\CortexM0\ARM_GCC_493\Debug\board1.a(HCSR04_Trigger_0.o)
                0x0000122c                HCSR04_Trigger_0_Write
 .text.HCSR04_Trigger_2_Write
                0x00001244       0x18 .\CortexM0\ARM_GCC_493\Debug\board1.a(HCSR04_Trigger_2.o)
                0x00001244                HCSR04_Trigger_2_Write
 .text.HCSR04_Trigger_3_Write
                0x0000125c       0x18 .\CortexM0\ARM_GCC_493\Debug\board1.a(HCSR04_Trigger_3.o)
                0x0000125c                HCSR04_Trigger_3_Write
 .text.HCSR04_Control_Write
                0x00001274        0xc .\CortexM0\ARM_GCC_493\Debug\board1.a(HCSR04_Control.o)
                0x00001274                HCSR04_Control_Write
 .text.HCSR04_Trigger_1_Write
                0x00001280       0x18 .\CortexM0\ARM_GCC_493\Debug\board1.a(HCSR04_Trigger_1.o)
                0x00001280                HCSR04_Trigger_1_Write
 .text          0x00001298       0x20 .\CortexM0\ARM_GCC_493\Debug\board1.a(CyBootAsmGnu.o)
                0x00001298                CyDelayCycles
                0x000012aa                CyEnterCriticalSection
                0x000012b2                CyExitCriticalSection
 .text.CySysClkImoDisableWcoLock
                0x000012b8       0x14 .\CortexM0\ARM_GCC_493\Debug\board1.a(CyLib.o)
                0x000012b8                CySysClkImoDisableWcoLock
 .text.CySysClkImoGetWcoLock
                0x000012cc       0x14 .\CortexM0\ARM_GCC_493\Debug\board1.a(CyLib.o)
                0x000012cc                CySysClkImoGetWcoLock
 .text.CyIntEnable
                0x000012e0       0x14 .\CortexM0\ARM_GCC_493\Debug\board1.a(CyLib.o)
                0x000012e0                CyIntEnable
 .text.CyIntDisable
                0x000012f4       0x14 .\CortexM0\ARM_GCC_493\Debug\board1.a(CyLib.o)
                0x000012f4                CyIntDisable
 .text.CyHalt   0x00001308        0x4 .\CortexM0\ARM_GCC_493\Debug\board1.a(CyLib.o)
                0x00001308                CyHalt
 .text.CyIntSetSysVector
                0x0000130c       0x20 .\CortexM0\ARM_GCC_493\Debug\board1.a(CyLib.o)
                0x0000130c                CyIntSetSysVector
 .text.CyIntSetVector
                0x0000132c       0x24 .\CortexM0\ARM_GCC_493\Debug\board1.a(CyLib.o)
                0x0000132c                CyIntSetVector
 .text.CyIntSetPriority
                0x00001350       0x4c .\CortexM0\ARM_GCC_493\Debug\board1.a(CyLib.o)
                0x00001350                CyIntSetPriority
 .text.CyDelay  0x0000139c       0x30 .\CortexM0\ARM_GCC_493\Debug\board1.a(CyLib.o)
                0x0000139c                CyDelay
 .text.CySysClkImoEnableWcoLock
                0x000013cc       0xe8 .\CortexM0\ARM_GCC_493\Debug\board1.a(CyLib.o)
                0x000013cc                CySysClkImoEnableWcoLock
 .text.CySysClkWriteImoFreq
                0x000014b4       0x80 .\CortexM0\ARM_GCC_493\Debug\board1.a(CyLib.o)
                0x000014b4                CySysClkWriteImoFreq
 .text.CyDelayUs
                0x00001534       0x14 .\CortexM0\ARM_GCC_493\Debug\board1.a(CyLib.o)
                0x00001534                CyDelayUs
 .text.CySysTickEnableInterrupt
                0x00001548       0x10 .\CortexM0\ARM_GCC_493\Debug\board1.a(CyLib.o)
                0x00001548                CySysTickEnableInterrupt
 .text.CySysTickEnable
                0x00001558       0x18 .\CortexM0\ARM_GCC_493\Debug\board1.a(CyLib.o)
                0x00001558                CySysTickEnable
 .text.CySysTickSetReload
                0x00001570       0x10 .\CortexM0\ARM_GCC_493\Debug\board1.a(CyLib.o)
                0x00001570                CySysTickSetReload
 .text.CySysTickSetClockSource
                0x00001580       0x20 .\CortexM0\ARM_GCC_493\Debug\board1.a(CyLib.o)
                0x00001580                CySysTickSetClockSource
 .text.CySysTickGetCountFlag
                0x000015a0       0x10 .\CortexM0\ARM_GCC_493\Debug\board1.a(CyLib.o)
                0x000015a0                CySysTickGetCountFlag
 .text.CySysTickServiceCallbacks
                0x000015b0       0x28 .\CortexM0\ARM_GCC_493\Debug\board1.a(CyLib.o)
 .text.CySysTickClear
                0x000015d8        0xc .\CortexM0\ARM_GCC_493\Debug\board1.a(CyLib.o)
                0x000015d8                CySysTickClear
 .text.CySysTickInit
                0x000015e4       0x4c .\CortexM0\ARM_GCC_493\Debug\board1.a(CyLib.o)
                0x000015e4                CySysTickInit
 .text.CySysTickStart
                0x00001630       0x20 .\CortexM0\ARM_GCC_493\Debug\board1.a(CyLib.o)
                0x00001630                CySysTickStart
 .text.CySysTickSetCallback
                0x00001650       0x10 .\CortexM0\ARM_GCC_493\Debug\board1.a(CyLib.o)
                0x00001650                CySysTickSetCallback
 .text.CySysTickGetCallback
                0x00001660        0xc .\CortexM0\ARM_GCC_493\Debug\board1.a(CyLib.o)
                0x00001660                CySysTickGetCallback
 .text.CySysWdtLocked
                0x0000166c       0x14 .\CortexM0\ARM_GCC_493\Debug\board1.a(CyLFClk.o)
 .text.CySysClkWcoEnabled
                0x00001680       0x14 .\CortexM0\ARM_GCC_493\Debug\board1.a(CyLFClk.o)
                0x00001680                CySysClkWcoEnabled
 .text.CySysWdtLock
                0x00001694       0x1c .\CortexM0\ARM_GCC_493\Debug\board1.a(CyLFClk.o)
                0x00001694                CySysWdtLock
 .text.CySysWdtUnlock
                0x000016b0       0x30 .\CortexM0\ARM_GCC_493\Debug\board1.a(CyLFClk.o)
                0x000016b0                CySysWdtUnlock
 .text.CySysWdtClearInterrupt
                0x000016e0       0x4c .\CortexM0\ARM_GCC_493\Debug\board1.a(CyLFClk.o)
                0x000016e0                CySysWdtClearInterrupt
 .text.CySysWdtIsr
                0x0000172c       0xa4 .\CortexM0\ARM_GCC_493\Debug\board1.a(CyLFClk.o)
                0x0000172c                CySysWdtIsr
 .text.UARTCOMMS_UartPutString
                0x000017d0       0x18 .\CortexM0\ARM_GCC_493\Debug\board1.a(UARTCOMMS_UART.o)
                0x000017d0                UARTCOMMS_UartPutString
 .text.CySysFlashSetWaitCycles
                0x000017e8       0x54 .\CortexM0\ARM_GCC_493\Debug\board1.a(CyFlash.o)
                0x000017e8                CySysFlashSetWaitCycles
 .text.UARTCOMMS_SpiUartWriteTxData
                0x0000183c       0x1c .\CortexM0\ARM_GCC_493\Debug\board1.a(UARTCOMMS_SPI_UART.o)
                0x0000183c                UARTCOMMS_SpiUartWriteTxData
 .text.pow      0x00001858      0x35c c:/program files (x86)/cypress/psoc creator/3.3/psoc creator/import/gnu/arm/4.9.3/bin/../lib/gcc/arm-none-eabi/4.9.3/../../../../arm-none-eabi/lib/armv6-m\libm.a(lib_a-w_pow.o)
                0x00001858                pow
 .text.__ieee754_pow
                0x00001bb4      0xa8c c:/program files (x86)/cypress/psoc creator/3.3/psoc creator/import/gnu/arm/4.9.3/bin/../lib/gcc/arm-none-eabi/4.9.3/../../../../arm-none-eabi/lib/armv6-m\libm.a(lib_a-e_pow.o)
                0x00001bb4                __ieee754_pow
 .text.__ieee754_sqrt
                0x00002640      0x1ec c:/program files (x86)/cypress/psoc creator/3.3/psoc creator/import/gnu/arm/4.9.3/bin/../lib/gcc/arm-none-eabi/4.9.3/../../../../arm-none-eabi/lib/armv6-m\libm.a(lib_a-e_sqrt.o)
                0x00002640                __ieee754_sqrt
 .text.fabs     0x0000282c        0x8 c:/program files (x86)/cypress/psoc creator/3.3/psoc creator/import/gnu/arm/4.9.3/bin/../lib/gcc/arm-none-eabi/4.9.3/../../../../arm-none-eabi/lib/armv6-m\libm.a(lib_a-s_fabs.o)
                0x0000282c                fabs
 .text.finite   0x00002834       0x14 c:/program files (x86)/cypress/psoc creator/3.3/psoc creator/import/gnu/arm/4.9.3/bin/../lib/gcc/arm-none-eabi/4.9.3/../../../../arm-none-eabi/lib/armv6-m\libm.a(lib_a-s_finite.o)
                0x00002834                finite
 .text.__fpclassifyd
                0x00002848       0x5c c:/program files (x86)/cypress/psoc creator/3.3/psoc creator/import/gnu/arm/4.9.3/bin/../lib/gcc/arm-none-eabi/4.9.3/../../../../arm-none-eabi/lib/armv6-m\libm.a(lib_a-s_fpclassify.o)
                0x00002848                __fpclassifyd
 .text.matherr  0x000028a4        0x4 c:/program files (x86)/cypress/psoc creator/3.3/psoc creator/import/gnu/arm/4.9.3/bin/../lib/gcc/arm-none-eabi/4.9.3/../../../../arm-none-eabi/lib/armv6-m\libm.a(lib_a-s_matherr.o)
                0x000028a4                matherr
 .text.nan      0x000028a8        0xc c:/program files (x86)/cypress/psoc creator/3.3/psoc creator/import/gnu/arm/4.9.3/bin/../lib/gcc/arm-none-eabi/4.9.3/../../../../arm-none-eabi/lib/armv6-m\libm.a(lib_a-s_nan.o)
                0x000028a8                nan
 .text.rint     0x000028b4      0x144 c:/program files (x86)/cypress/psoc creator/3.3/psoc creator/import/gnu/arm/4.9.3/bin/../lib/gcc/arm-none-eabi/4.9.3/../../../../arm-none-eabi/lib/armv6-m\libm.a(lib_a-s_rint.o)
                0x000028b4                rint
 .text.scalbn   0x000029f8       0xf8 c:/program files (x86)/cypress/psoc creator/3.3/psoc creator/import/gnu/arm/4.9.3/bin/../lib/gcc/arm-none-eabi/4.9.3/../../../../arm-none-eabi/lib/armv6-m\libm.a(lib_a-s_scalbn.o)
                0x000029f8                scalbn
 .text.copysign
                0x00002af0       0x10 c:/program files (x86)/cypress/psoc creator/3.3/psoc creator/import/gnu/arm/4.9.3/bin/../lib/gcc/arm-none-eabi/4.9.3/../../../../arm-none-eabi/lib/armv6-m\libm.a(lib_a-s_copysign.o)
                0x00002af0                copysign
 .text          0x00002b00      0x120 c:/program files (x86)/cypress/psoc creator/3.3/psoc creator/import/gnu/arm/4.9.3/bin/../lib/gcc/arm-none-eabi/4.9.3/armv6-m\libgcc.a(_udivsi3.o)
                0x00002b00                __aeabi_uidiv
                0x00002b00                __udivsi3
                0x00002c0c                __aeabi_uidivmod
 .text          0x00002c20      0x1e0 c:/program files (x86)/cypress/psoc creator/3.3/psoc creator/import/gnu/arm/4.9.3/bin/../lib/gcc/arm-none-eabi/4.9.3/armv6-m\libgcc.a(_divsi3.o)
                0x00002c20                __divsi3
                0x00002c20                __aeabi_idiv
                0x00002dec                __aeabi_idivmod
 .text          0x00002e00        0x4 c:/program files (x86)/cypress/psoc creator/3.3/psoc creator/import/gnu/arm/4.9.3/bin/../lib/gcc/arm-none-eabi/4.9.3/armv6-m\libgcc.a(_dvmd_tls.o)
                0x00002e00                __aeabi_idiv0
                0x00002e00                __aeabi_ldiv0
 .text          0x00002e04       0x7c c:/program files (x86)/cypress/psoc creator/3.3/psoc creator/import/gnu/arm/4.9.3/bin/../lib/gcc/arm-none-eabi/4.9.3/armv6-m\libgcc.a(_arm_cmpdf2.o)
                0x00002e04                __aeabi_cdrcmple
                0x00002e14                __aeabi_cdcmple
                0x00002e14                __aeabi_cdcmpeq
                0x00002e24                __aeabi_dcmpeq
                0x00002e30                __aeabi_dcmplt
                0x00002e44                __aeabi_dcmple
                0x00002e58                __aeabi_dcmpgt
                0x00002e6c                __aeabi_dcmpge
 .text          0x00002e80       0x74 c:/program files (x86)/cypress/psoc creator/3.3/psoc creator/import/gnu/arm/4.9.3/bin/../lib/gcc/arm-none-eabi/4.9.3/armv6-m\libgcc.a(_arm_cmpsf2.o)
                0x00002e80                __aeabi_cfrcmple
                0x00002e88                __aeabi_cfcmpeq
                0x00002e88                __aeabi_cfcmple
                0x00002e98                __aeabi_fcmpeq
                0x00002ea4                __aeabi_fcmplt
                0x00002eb8                __aeabi_fcmple
                0x00002ecc                __aeabi_fcmpgt
                0x00002ee0                __aeabi_fcmpge
 .text          0x00002ef4       0x30 c:/program files (x86)/cypress/psoc creator/3.3/psoc creator/import/gnu/arm/4.9.3/bin/../lib/gcc/arm-none-eabi/4.9.3/armv6-m\libgcc.a(_fixunssfsi.o)
                0x00002ef4                __fixunssfsi
                0x00002ef4                __aeabi_f2uiz
 .text          0x00002f24      0x2f8 c:/program files (x86)/cypress/psoc creator/3.3/psoc creator/import/gnu/arm/4.9.3/bin/../lib/gcc/arm-none-eabi/4.9.3/armv6-m\libgcc.a(addsf3.o)
                0x00002f24                __aeabi_fadd
 .text          0x0000321c       0x54 c:/program files (x86)/cypress/psoc creator/3.3/psoc creator/import/gnu/arm/4.9.3/bin/../lib/gcc/arm-none-eabi/4.9.3/armv6-m\libgcc.a(eqsf2.o)
                0x0000321c                __eqsf2
                0x0000321c                __nesf2
 .text          0x00003270       0x94 c:/program files (x86)/cypress/psoc creator/3.3/psoc creator/import/gnu/arm/4.9.3/bin/../lib/gcc/arm-none-eabi/4.9.3/armv6-m\libgcc.a(gesf2.o)
                0x00003270                __gesf2
                0x00003270                __gtsf2
 .text          0x00003304       0x8c c:/program files (x86)/cypress/psoc creator/3.3/psoc creator/import/gnu/arm/4.9.3/bin/../lib/gcc/arm-none-eabi/4.9.3/armv6-m\libgcc.a(lesf2.o)
                0x00003304                __ltsf2
                0x00003304                __lesf2
 .text          0x00003390      0x264 c:/program files (x86)/cypress/psoc creator/3.3/psoc creator/import/gnu/arm/4.9.3/bin/../lib/gcc/arm-none-eabi/4.9.3/armv6-m\libgcc.a(mulsf3.o)
                0x00003390                __aeabi_fmul
 .text          0x000035f4      0x2fc c:/program files (x86)/cypress/psoc creator/3.3/psoc creator/import/gnu/arm/4.9.3/bin/../lib/gcc/arm-none-eabi/4.9.3/armv6-m\libgcc.a(subsf3.o)
                0x000035f4                __aeabi_fsub
 .text          0x000038f0       0x40 c:/program files (x86)/cypress/psoc creator/3.3/psoc creator/import/gnu/arm/4.9.3/bin/../lib/gcc/arm-none-eabi/4.9.3/armv6-m\libgcc.a(fixsfsi.o)
                0x000038f0                __aeabi_f2iz
 .text          0x00003930       0x90 c:/program files (x86)/cypress/psoc creator/3.3/psoc creator/import/gnu/arm/4.9.3/bin/../lib/gcc/arm-none-eabi/4.9.3/armv6-m\libgcc.a(floatsisf.o)
                0x00003930                __aeabi_i2f
 .text          0x000039c0      0x650 c:/program files (x86)/cypress/psoc creator/3.3/psoc creator/import/gnu/arm/4.9.3/bin/../lib/gcc/arm-none-eabi/4.9.3/armv6-m\libgcc.a(adddf3.o)
                0x000039c0                __aeabi_dadd
 .text          0x00004010      0x648 c:/program files (x86)/cypress/psoc creator/3.3/psoc creator/import/gnu/arm/4.9.3/bin/../lib/gcc/arm-none-eabi/4.9.3/armv6-m\libgcc.a(divdf3.o)
                0x00004010                __aeabi_ddiv
 .text          0x00004658       0x88 c:/program files (x86)/cypress/psoc creator/3.3/psoc creator/import/gnu/arm/4.9.3/bin/../lib/gcc/arm-none-eabi/4.9.3/armv6-m\libgcc.a(eqdf2.o)
                0x00004658                __nedf2
                0x00004658                __eqdf2
 .text          0x000046e0       0xe0 c:/program files (x86)/cypress/psoc creator/3.3/psoc creator/import/gnu/arm/4.9.3/bin/../lib/gcc/arm-none-eabi/4.9.3/armv6-m\libgcc.a(gedf2.o)
                0x000046e0                __gedf2
                0x000046e0                __gtdf2
 .text          0x000047c0       0xcc c:/program files (x86)/cypress/psoc creator/3.3/psoc creator/import/gnu/arm/4.9.3/bin/../lib/gcc/arm-none-eabi/4.9.3/armv6-m\libgcc.a(ledf2.o)
                0x000047c0                __ledf2
                0x000047c0                __ltdf2
 .text          0x0000488c      0x534 c:/program files (x86)/cypress/psoc creator/3.3/psoc creator/import/gnu/arm/4.9.3/bin/../lib/gcc/arm-none-eabi/4.9.3/armv6-m\libgcc.a(muldf3.o)
                0x0000488c                __aeabi_dmul
 .text          0x00004dc0      0x6f4 c:/program files (x86)/cypress/psoc creator/3.3/psoc creator/import/gnu/arm/4.9.3/bin/../lib/gcc/arm-none-eabi/4.9.3/armv6-m\libgcc.a(subdf3.o)
                0x00004dc0                __aeabi_dsub
 .text          0x000054b4       0x78 c:/program files (x86)/cypress/psoc creator/3.3/psoc creator/import/gnu/arm/4.9.3/bin/../lib/gcc/arm-none-eabi/4.9.3/armv6-m\libgcc.a(floatsidf.o)
                0x000054b4                __aeabi_i2d
 .text          0x0000552c       0xa8 c:/program files (x86)/cypress/psoc creator/3.3/psoc creator/import/gnu/arm/4.9.3/bin/../lib/gcc/arm-none-eabi/4.9.3/armv6-m\libgcc.a(extendsfdf2.o)
                0x0000552c                __aeabi_f2d
 .text          0x000055d4      0x120 c:/program files (x86)/cypress/psoc creator/3.3/psoc creator/import/gnu/arm/4.9.3/bin/../lib/gcc/arm-none-eabi/4.9.3/armv6-m\libgcc.a(truncdfsf2.o)
                0x000055d4                __aeabi_d2f
 .text          0x000056f4       0x3c c:/program files (x86)/cypress/psoc creator/3.3/psoc creator/import/gnu/arm/4.9.3/bin/../lib/gcc/arm-none-eabi/4.9.3/armv6-m\libgcc.a(_clzsi2.o)
                0x000056f4                __clzsi2
 .text.__errno  0x00005730        0xc c:/program files (x86)/cypress/psoc creator/3.3/psoc creator/import/gnu/arm/4.9.3/bin/../lib/gcc/arm-none-eabi/4.9.3/../../../../arm-none-eabi/lib/armv6-m\libg_nano.a(lib_a-errno.o)
                0x00005730                __errno
 .text.__libc_init_array
                0x0000573c       0x4c c:/program files (x86)/cypress/psoc creator/3.3/psoc creator/import/gnu/arm/4.9.3/bin/../lib/gcc/arm-none-eabi/4.9.3/../../../../arm-none-eabi/lib/armv6-m\libg_nano.a(lib_a-init.o)
                0x0000573c                __libc_init_array
 .text.memcpy   0x00005788       0x12 c:/program files (x86)/cypress/psoc creator/3.3/psoc creator/import/gnu/arm/4.9.3/bin/../lib/gcc/arm-none-eabi/4.9.3/../../../../arm-none-eabi/lib/armv6-m\libg_nano.a(lib_a-memcpy.o)
                0x00005788                memcpy
 .text.memset   0x0000579a       0x10 c:/program files (x86)/cypress/psoc creator/3.3/psoc creator/import/gnu/arm/4.9.3/bin/../lib/gcc/arm-none-eabi/4.9.3/../../../../arm-none-eabi/lib/armv6-m\libg_nano.a(lib_a-memset.o)
                0x0000579a                memset
 *fill*         0x000057aa        0x2 
 .text.snprintf
                0x000057ac       0x68 c:/program files (x86)/cypress/psoc creator/3.3/psoc creator/import/gnu/arm/4.9.3/bin/../lib/gcc/arm-none-eabi/4.9.3/../../../../arm-none-eabi/lib/armv6-m\libg_nano.a(lib_a-snprintf.o)
                0x000057ac                sniprintf
                0x000057ac                snprintf
 .text.__ssputs_r
                0x00005814       0xc0 c:/program files (x86)/cypress/psoc creator/3.3/psoc creator/import/gnu/arm/4.9.3/bin/../lib/gcc/arm-none-eabi/4.9.3/../../../../arm-none-eabi/lib/armv6-m\libg_nano.a(lib_a-nano-svfprintf.o)
                0x00005814                __ssputs_r
 .text._svfprintf_r
                0x000058d4      0x1ec c:/program files (x86)/cypress/psoc creator/3.3/psoc creator/import/gnu/arm/4.9.3/bin/../lib/gcc/arm-none-eabi/4.9.3/../../../../arm-none-eabi/lib/armv6-m\libg_nano.a(lib_a-nano-svfprintf.o)
                0x000058d4                _svfiprintf_r
                0x000058d4                _svfprintf_r
 .text._printf_common
                0x00005ac0       0xdc c:/program files (x86)/cypress/psoc creator/3.3/psoc creator/import/gnu/arm/4.9.3/bin/../lib/gcc/arm-none-eabi/4.9.3/../../../../arm-none-eabi/lib/armv6-m\libg_nano.a(lib_a-nano-vfprintf_i.o)
                0x00005ac0                _printf_common
 .text._printf_i
                0x00005b9c      0x230 c:/program files (x86)/cypress/psoc creator/3.3/psoc creator/import/gnu/arm/4.9.3/bin/../lib/gcc/arm-none-eabi/4.9.3/../../../../arm-none-eabi/lib/armv6-m\libg_nano.a(lib_a-nano-vfprintf_i.o)
                0x00005b9c                _printf_i
 .text.memchr   0x00005dcc       0x16 c:/program files (x86)/cypress/psoc creator/3.3/psoc creator/import/gnu/arm/4.9.3/bin/../lib/gcc/arm-none-eabi/4.9.3/../../../../arm-none-eabi/lib/armv6-m\libg_nano.a(lib_a-memchr.o)
                0x00005dcc                memchr
 .text.memmove  0x00005de2       0x28 c:/program files (x86)/cypress/psoc creator/3.3/psoc creator/import/gnu/arm/4.9.3/bin/../lib/gcc/arm-none-eabi/4.9.3/../../../../arm-none-eabi/lib/armv6-m\libg_nano.a(lib_a-memmove.o)
                0x00005de2                memmove
 *fill*         0x00005e0a        0x2 
 .text._free_r  0x00005e0c       0x8c c:/program files (x86)/cypress/psoc creator/3.3/psoc creator/import/gnu/arm/4.9.3/bin/../lib/gcc/arm-none-eabi/4.9.3/../../../../arm-none-eabi/lib/armv6-m\libg_nano.a(lib_a-nano-freer.o)
                0x00005e0c                _free_r
 .text._malloc_r
                0x00005e98       0xb0 c:/program files (x86)/cypress/psoc creator/3.3/psoc creator/import/gnu/arm/4.9.3/bin/../lib/gcc/arm-none-eabi/4.9.3/../../../../arm-none-eabi/lib/armv6-m\libg_nano.a(lib_a-nano-mallocr.o)
                0x00005e98                _malloc_r
 .text._realloc_r
                0x00005f48       0x4c c:/program files (x86)/cypress/psoc creator/3.3/psoc creator/import/gnu/arm/4.9.3/bin/../lib/gcc/arm-none-eabi/4.9.3/../../../../arm-none-eabi/lib/armv6-m\libg_nano.a(lib_a-nano-reallocr.o)
                0x00005f48                _realloc_r
 .text._sbrk_r  0x00005f94       0x24 c:/program files (x86)/cypress/psoc creator/3.3/psoc creator/import/gnu/arm/4.9.3/bin/../lib/gcc/arm-none-eabi/4.9.3/../../../../arm-none-eabi/lib/armv6-m\libg_nano.a(lib_a-sbrkr.o)
                0x00005f94                _sbrk_r
 .text._malloc_usable_size_r
                0x00005fb8       0x16 c:/program files (x86)/cypress/psoc creator/3.3/psoc creator/import/gnu/arm/4.9.3/bin/../lib/gcc/arm-none-eabi/4.9.3/../../../../arm-none-eabi/lib/armv6-m\libg_nano.a(lib_a-nano-msizer.o)
                0x00005fb8                _malloc_usable_size_r
 *(.plt)
 *(.gnu.warning)
 *(.glue_7t)
 .glue_7t       0x00000000        0x0 linker stubs
 *(.glue_7)
 .glue_7        0x00000000        0x0 linker stubs
 *(.vfp11_veneer)
 .vfp11_veneer  0x00000000        0x0 linker stubs
 *(.bootloader)
 *(.ARM.extab* .gnu.linkonce.armextab.*)
 *(.gcc_except_table)

.v4_bx          0x00005fd0        0x0
 .v4_bx         0x00000000        0x0 linker stubs

.iplt           0x00005fd0        0x0
 .iplt          0x00000000        0x0 c:/program files (x86)/cypress/psoc creator/3.3/psoc creator/import/gnu/arm/4.9.3/bin/../lib/gcc/arm-none-eabi/4.9.3/armv6-m/crtbegin.o

.eh_frame_hdr
 *(.eh_frame_hdr)

.eh_frame       0x00005fd0        0x4
 *(.eh_frame)
 .eh_frame      0x00005fd0        0x0 c:/program files (x86)/cypress/psoc creator/3.3/psoc creator/import/gnu/arm/4.9.3/bin/../lib/gcc/arm-none-eabi/4.9.3/armv6-m/crtbegin.o
 .eh_frame      0x00005fd0        0x4 c:/program files (x86)/cypress/psoc creator/3.3/psoc creator/import/gnu/arm/4.9.3/bin/../lib/gcc/arm-none-eabi/4.9.3/armv6-m/crtend.o
                0x00005fd4                PROVIDE (__exidx_start, .)

.ARM.exidx
 *(.ARM.exidx* .gnu.linkonce.armexidx.*)
                0x00005fd4                __exidx_end = .

.rodata         0x00005fd8      0x3d8
 *(.rodata .rodata.* .gnu.linkonce.r.*)
 .rodata        0x00005fd8        0xc .\CortexM0\ARM_GCC_493\Debug\boardmain.o
 .rodata.str1.4
                0x00005fe4       0x59 .\CortexM0\ARM_GCC_493\Debug\boardmain.o
                                 0x5c (size before relaxing)
 *fill*         0x0000603d        0x3 
 .rodata        0x00006040       0x10 .\CortexM0\ARM_GCC_493\Debug\encoder.o
 .rodata.cst2   0x00006050        0x2 .\CortexM0\ARM_GCC_493\Debug\infrared.o
                                  0x4 (size before relaxing)
 .rodata.cst1   0x00006052        0x1 .\CortexM0\ARM_GCC_493\Debug\motor.o
 *fill*         0x00006053        0x1 
 .rodata        0x00006054        0xc .\CortexM0\ARM_GCC_493\Debug\pid.o
 .rodata.str1.4
                0x00006060       0x5b .\CortexM0\ARM_GCC_493\Debug\pid.o
                                 0x5c (size before relaxing)
 *fill*         0x000060bb        0x1 
 .rodata        0x000060bc       0x24 .\CortexM0\ARM_GCC_493\Debug\ultrasonic.o
 .rodata.str1.4
                0x000060e0       0x56 .\CortexM0\ARM_GCC_493\Debug\ultrasonic.o
                                 0x58 (size before relaxing)
 *fill*         0x00006136        0x2 
 .rodata        0x00006138       0xb8 .\CortexM0\ARM_GCC_493\Debug\board1.a(cyfitter_cfg.o)
 .rodata        0x000061f0       0x48 .\CortexM0\ARM_GCC_493\Debug\board1.a(CyLib.o)
                0x000061f0                cyImoFreqMhz2Reg
                0x00006220                cyImoFreqMhz2DpllOffset
 .rodata.str1.4
                0x00006238        0x4 c:/program files (x86)/cypress/psoc creator/3.3/psoc creator/import/gnu/arm/4.9.3/bin/../lib/gcc/arm-none-eabi/4.9.3/../../../../arm-none-eabi/lib/armv6-m\libm.a(lib_a-w_pow.o)
 *fill*         0x0000623c        0x4 
 .rodata.dp_h   0x00006240       0x10 c:/program files (x86)/cypress/psoc creator/3.3/psoc creator/import/gnu/arm/4.9.3/bin/../lib/gcc/arm-none-eabi/4.9.3/../../../../arm-none-eabi/lib/armv6-m\libm.a(lib_a-e_pow.o)
 .rodata.dp_l   0x00006250       0x10 c:/program files (x86)/cypress/psoc creator/3.3/psoc creator/import/gnu/arm/4.9.3/bin/../lib/gcc/arm-none-eabi/4.9.3/../../../../arm-none-eabi/lib/armv6-m\libm.a(lib_a-e_pow.o)
 .rodata.bp     0x00006260       0x10 c:/program files (x86)/cypress/psoc creator/3.3/psoc creator/import/gnu/arm/4.9.3/bin/../lib/gcc/arm-none-eabi/4.9.3/../../../../arm-none-eabi/lib/armv6-m\libm.a(lib_a-e_pow.o)
 .rodata.str1.4
                0x00000000        0x4 c:/program files (x86)/cypress/psoc creator/3.3/psoc creator/import/gnu/arm/4.9.3/bin/../lib/gcc/arm-none-eabi/4.9.3/../../../../arm-none-eabi/lib/armv6-m\libm.a(lib_a-e_pow.o)
 .rodata.TWO52  0x00006270       0x10 c:/program files (x86)/cypress/psoc creator/3.3/psoc creator/import/gnu/arm/4.9.3/bin/../lib/gcc/arm-none-eabi/4.9.3/../../../../arm-none-eabi/lib/armv6-m\libm.a(lib_a-s_rint.o)
 .rodata        0x00006280       0x40 c:/program files (x86)/cypress/psoc creator/3.3/psoc creator/import/gnu/arm/4.9.3/bin/../lib/gcc/arm-none-eabi/4.9.3/armv6-m\libgcc.a(mulsf3.o)
 .rodata        0x000062c0       0x40 c:/program files (x86)/cypress/psoc creator/3.3/psoc creator/import/gnu/arm/4.9.3/bin/../lib/gcc/arm-none-eabi/4.9.3/armv6-m\libgcc.a(divdf3.o)
 .rodata        0x00006300       0x40 c:/program files (x86)/cypress/psoc creator/3.3/psoc creator/import/gnu/arm/4.9.3/bin/../lib/gcc/arm-none-eabi/4.9.3/armv6-m\libgcc.a(muldf3.o)
 .rodata.str1.1
                0x00006340        0x2 c:/program files (x86)/cypress/psoc creator/3.3/psoc creator/import/gnu/arm/4.9.3/bin/../lib/gcc/arm-none-eabi/4.9.3/../../../../arm-none-eabi/lib/armv6-m\libg_nano.a(lib_a-impure.o)
 .rodata.str1.1
                0x00006342       0x11 c:/program files (x86)/cypress/psoc creator/3.3/psoc creator/import/gnu/arm/4.9.3/bin/../lib/gcc/arm-none-eabi/4.9.3/../../../../arm-none-eabi/lib/armv6-m\libg_nano.a(lib_a-nano-svfprintf.o)
 .rodata.str1.1
                0x00006353       0x22 c:/program files (x86)/cypress/psoc creator/3.3/psoc creator/import/gnu/arm/4.9.3/bin/../lib/gcc/arm-none-eabi/4.9.3/../../../../arm-none-eabi/lib/armv6-m\libg_nano.a(lib_a-nano-vfprintf_i.o)
                0x00006378                . = ALIGN (0x4)
 *fill*         0x00006375        0x3 
 *(.init)
 .init          0x00006378        0x4 c:/program files (x86)/cypress/psoc creator/3.3/psoc creator/import/gnu/arm/4.9.3/bin/../lib/gcc/arm-none-eabi/4.9.3/armv6-m/crti.o
                0x00006378                _init
 .init          0x0000637c        0x8 c:/program files (x86)/cypress/psoc creator/3.3/psoc creator/import/gnu/arm/4.9.3/bin/../lib/gcc/arm-none-eabi/4.9.3/armv6-m/crtn.o
                0x00006384                . = ALIGN (0x4)
                0x00006384                __preinit_array_start = .
 *(.preinit_array)
                0x00006384                __preinit_array_end = .
                0x00006384                . = ALIGN (0x4)
                0x00006384                __init_array_start = .
 *(SORT(.init_array.*))
 *(.init_array)
 .init_array    0x00006384        0x4 c:/program files (x86)/cypress/psoc creator/3.3/psoc creator/import/gnu/arm/4.9.3/bin/../lib/gcc/arm-none-eabi/4.9.3/armv6-m/crtbegin.o
 .init_array    0x00006388        0x4 .\CortexM0\ARM_GCC_493\Debug\Cm0Start.o
                0x0000638c                __init_array_end = .
                0x0000638c                . = ALIGN (0x4)
 *(.fini)
 .fini          0x0000638c        0x4 c:/program files (x86)/cypress/psoc creator/3.3/psoc creator/import/gnu/arm/4.9.3/bin/../lib/gcc/arm-none-eabi/4.9.3/armv6-m/crti.o
                0x0000638c                _fini
 .fini          0x00006390        0x8 c:/program files (x86)/cypress/psoc creator/3.3/psoc creator/import/gnu/arm/4.9.3/bin/../lib/gcc/arm-none-eabi/4.9.3/armv6-m/crtn.o
                0x00006398                . = ALIGN (0x4)
                0x00006398                __fini_array_start = .
 *(.fini_array)
 .fini_array    0x00006398        0x4 c:/program files (x86)/cypress/psoc creator/3.3/psoc creator/import/gnu/arm/4.9.3/bin/../lib/gcc/arm-none-eabi/4.9.3/armv6-m/crtbegin.o
 *(SORT(.fini_array.*))
                0x0000639c                __fini_array_end = .
                0x0000639c                . = ALIGN (0x4)
 *crtbegin.o(.ctors)
 *(EXCLUDE_FILE(*crtend.o) .ctors)
 *(SORT(.ctors.*))
 *crtend.o(.ctors)
                0x0000639c                . = ALIGN (0x4)
 *crtbegin.o(.dtors)
 *(EXCLUDE_FILE(*crtend.o) .dtors)
 *(SORT(.dtors.*))
 *crtend.o(.dtors)
                0x0000639c                . = ALIGN (0x4)
                0x0000639c                __cy_regions = .
                0x0000639c        0x4 LONG 0x63b0 __cy_region_init_ram
                0x000063a0        0x4 LONG 0x200000c8 __cy_region_start_data
                0x000063a4        0x4 LONG 0x88 __cy_region_init_size_ram
                0x000063a8        0x4 LONG 0x238 __cy_region_zero_size_ram
                0x000063ac                __cy_regions_end = .
                0x000063b0                . = ALIGN (0x8)
 *fill*         0x000063ac        0x4 
                0x000063b0                _etext = .

.cy_checksum_exclude
                0x000063b0        0x0
 *(.cy_checksum_exclude)

.ramvectors     0x20000000       0xc0
                0x20000000                __cy_region_start_ram = .
 *(.ramvectors)
 .ramvectors    0x20000000       0xc0 .\CortexM0\ARM_GCC_493\Debug\Cm0Start.o
                0x20000000                CyRamVectors

.noinit         0x200000c0        0x4
 *(.noinit)
 .noinit        0x200000c0        0x4 .\CortexM0\ARM_GCC_493\Debug\Cm0Start.o

.data           0x200000c8       0x88 load address 0x000063b0
                0x200000c8                __cy_region_start_data = .
 *(.jcr)
 .jcr           0x200000c8        0x0 c:/program files (x86)/cypress/psoc creator/3.3/psoc creator/import/gnu/arm/4.9.3/bin/../lib/gcc/arm-none-eabi/4.9.3/armv6-m/crtbegin.o
 .jcr           0x200000c8        0x4 c:/program files (x86)/cypress/psoc creator/3.3/psoc creator/import/gnu/arm/4.9.3/bin/../lib/gcc/arm-none-eabi/4.9.3/armv6-m/crtend.o
 *(.got.plt)
 *(.got)
 *(.shdata)
 *(.data .data.* .gnu.linkonce.d.*)
 .data          0x200000cc        0x1 .\CortexM0\ARM_GCC_493\Debug\i2c.o
 *fill*         0x200000cd        0x3 
 .data          0x200000d0        0x4 .\CortexM0\ARM_GCC_493\Debug\Cm0Start.o
 .data          0x200000d4       0x10 .\CortexM0\ARM_GCC_493\Debug\board1.a(CyLib.o)
                0x200000d4                cydelay32kMs
                0x200000d8                cydelayFreqKhz
                0x200000dc                cydelayFreqMhz
                0x200000e0                cydelayFreqHz
 .data          0x200000e4        0x4 .\CortexM0\ARM_GCC_493\Debug\board1.a(CyLFClk.o)
 .data.__fdlib_version
                0x200000e8        0x1 c:/program files (x86)/cypress/psoc creator/3.3/psoc creator/import/gnu/arm/4.9.3/bin/../lib/gcc/arm-none-eabi/4.9.3/../../../../arm-none-eabi/lib/armv6-m\libm.a(lib_a-s_lib_ver.o)
                0x200000e8                __fdlib_version
 *fill*         0x200000e9        0x3 
 .data.impure_data
                0x200000ec       0x60 c:/program files (x86)/cypress/psoc creator/3.3/psoc creator/import/gnu/arm/4.9.3/bin/../lib/gcc/arm-none-eabi/4.9.3/../../../../arm-none-eabi/lib/armv6-m\libg_nano.a(lib_a-impure.o)
 .data._impure_ptr
                0x2000014c        0x4 c:/program files (x86)/cypress/psoc creator/3.3/psoc creator/import/gnu/arm/4.9.3/bin/../lib/gcc/arm-none-eabi/4.9.3/../../../../arm-none-eabi/lib/armv6-m\libg_nano.a(lib_a-impure.o)
                0x2000014c                _impure_ptr
                0x20000150                . = ALIGN (0x8)
 *(.ram)
                0x20000150                _edata = .

.igot.plt       0x20000150        0x0 load address 0x00006438
 .igot.plt      0x00000000        0x0 c:/program files (x86)/cypress/psoc creator/3.3/psoc creator/import/gnu/arm/4.9.3/bin/../lib/gcc/arm-none-eabi/4.9.3/armv6-m/crtbegin.o

.bss            0x20000150      0x238 load address 0x00006438
                0x20000150                PROVIDE (__bss_start__, .)
 *(.shbss)
 *(.bss .bss.* .gnu.linkonce.b.*)
 .bss           0x20000150       0x1c c:/program files (x86)/cypress/psoc creator/3.3/psoc creator/import/gnu/arm/4.9.3/bin/../lib/gcc/arm-none-eabi/4.9.3/armv6-m/crtbegin.o
 .bss           0x2000016c        0xc .\CortexM0\ARM_GCC_493\Debug\boardmain.o
 .bss           0x20000178        0x4 .\CortexM0\ARM_GCC_493\Debug\control.o
 .bss           0x2000017c       0x14 .\CortexM0\ARM_GCC_493\Debug\encoder.o
 .bss           0x20000190       0x20 .\CortexM0\ARM_GCC_493\Debug\i2c.o
 .bss           0x200001b0        0x8 .\CortexM0\ARM_GCC_493\Debug\infrared.o
 .bss           0x200001b8       0x18 .\CortexM0\ARM_GCC_493\Debug\pid.o
 .bss           0x200001d0        0x4 .\CortexM0\ARM_GCC_493\Debug\time.o
 .bss           0x200001d4       0x4c .\CortexM0\ARM_GCC_493\Debug\ultrasonic.o
 .bss           0x20000220        0x1 .\CortexM0\ARM_GCC_493\Debug\board1.a(HB25_PWM.o)
                0x20000220                HB25_PWM_initVar
 *fill*         0x20000221        0x3 
 .bss           0x20000224        0x8 .\CortexM0\ARM_GCC_493\Debug\board1.a(EZI2C.o)
                0x20000224                EZI2C_initVar
                0x20000228                EZI2C_customIntrHandler
 .bss           0x2000022c        0x2 .\CortexM0\ARM_GCC_493\Debug\board1.a(EZI2C_EZI2C_INT.o)
 *fill*         0x2000022e        0x2 
 .bss           0x20000230       0x18 .\CortexM0\ARM_GCC_493\Debug\board1.a(CyLib.o)
                0x20000244                CySysTickInitVar
 .bss           0x20000248       0x1c .\CortexM0\ARM_GCC_493\Debug\board1.a(CyLFClk.o)
 .bss.__malloc_sbrk_start
                0x20000264        0x4 c:/program files (x86)/cypress/psoc creator/3.3/psoc creator/import/gnu/arm/4.9.3/bin/../lib/gcc/arm-none-eabi/4.9.3/../../../../arm-none-eabi/lib/armv6-m\libg_nano.a(lib_a-nano-mallocr.o)
                0x20000264                __malloc_sbrk_start
 .bss.__malloc_free_list
                0x20000268        0x4 c:/program files (x86)/cypress/psoc creator/3.3/psoc creator/import/gnu/arm/4.9.3/bin/../lib/gcc/arm-none-eabi/4.9.3/../../../../arm-none-eabi/lib/armv6-m\libg_nano.a(lib_a-nano-mallocr.o)
                0x20000268                __malloc_free_list
 *(COMMON)
 COMMON         0x2000026c      0x100 .\CortexM0\ARM_GCC_493\Debug\boardmain.o
                0x2000026c                formatted_string
 COMMON         0x2000036c       0x12 .\CortexM0\ARM_GCC_493\Debug\board1.a(EZI2C_EZI2C.o)
                0x2000036c                EZI2C_offsetBuf1
                0x2000036e                EZI2C_indexBuf1
                0x20000370                EZI2C_fsmState
                0x20000372                EZI2C_protectBuf1
                0x20000374                EZI2C_curStatus
                0x20000378                EZI2C_dataBuffer1
                0x2000037c                EZI2C_bufSizeBuf1
 *fill*         0x2000037e        0x2 
 COMMON         0x20000380        0x4 c:/program files (x86)/cypress/psoc creator/3.3/psoc creator/import/gnu/arm/4.9.3/bin/../lib/gcc/arm-none-eabi/4.9.3/../../../../arm-none-eabi/lib/armv6-m\libg_nano.a(lib_a-reent.o)
                0x20000380                errno
                0x20000388                . = ALIGN (0x8)
 *fill*         0x20000384        0x4 
 *(.ram.b)
                0x20000388                _end = .
                0x20000388                __end = .
                0x20000388                PROVIDE (end, .)
                0x20000388                PROVIDE (__bss_end__, .)
                0x000063b0                __cy_region_init_ram = LOADADDR (.data)
                0x00000088                __cy_region_init_size_ram = (_edata - ADDR (.data))
                0x00000238                __cy_region_zero_size_ram = (_end - _edata)

.heap           0x20000388       0x80 load address 0x00006438
                0x20000388                . = _end
                0x20000408                . = (. + 0x80)
 *fill*         0x20000388       0x80 
                0x20000408                __cy_heap_limit = .

.stack          0x20003800      0x800
                0x20003800                __cy_stack_limit = .
                0x20004000                . = (. + 0x800)
 *fill*         0x20003800      0x800 
                0x00000001                ASSERT ((__cy_stack_limit >= __cy_heap_limit), region RAM overflowed with stack)
                0x00000000                cy_checksum_exclude_size = (CY_APPL_LOADABLE == 0x1)?SIZEOF (.cy_checksum_exclude):0x0
                0x00000001                ASSERT ((cy_checksum_exclude_size <= CY_CHECKSUM_EXCLUDE_SIZE), CY_BOOT: Section .cy_checksum_exclude size exceedes specified limit.)
                0x0001ffc0                cyloadermeta_start = (cy_project_type_bootloader || cy_project_type_app_for_stack_and_copier)?(0x20000 - CY_METADATA_SIZE):0xf0000000

.cyloadermeta
 *(.cyloadermeta)
                0x0001ffc0                cyloadablemeta_start = cy_project_type_app_for_stack_and_copier?((0x20000 - CY_FLASH_ROW_SIZE) - CY_METADATA_SIZE):((0x20000 - (CY_FLASH_ROW_SIZE * (CY_APPL_NUM - 0x1))) - CY_METADATA_SIZE)

.cyloadablemeta
 *(.cyloadablemeta)

.cyflashprotect
                0x90400000       0x80
 *(.cyflashprotect)
 .cyflashprotect
                0x90400000       0x80 .\CortexM0\ARM_GCC_493\Debug\cymetadata.o
                0x90400000                cy_meta_flashprotect

.cymeta         0x90500000        0xc
 *(.cymeta)
 .cymeta        0x90500000        0xc .\CortexM0\ARM_GCC_493\Debug\cymetadata.o
                0x90500000                cy_metadata

.cychipprotect  0x90600000        0x4
 *(.cychipprotect)
 .cychipprotect
                0x90600000        0x4 .\CortexM0\ARM_GCC_493\Debug\cymetadata.o
                0x90600000                cy_meta_chipprotect

.rel.dyn        0x00006438        0x0 load address 0x90600004
 .rel.iplt      0x00000000        0x0 c:/program files (x86)/cypress/psoc creator/3.3/psoc creator/import/gnu/arm/4.9.3/bin/../lib/gcc/arm-none-eabi/4.9.3/armv6-m/crtbegin.o

.stab
 *(.stab)

.stabstr
 *(.stabstr)

.debug
 *(.debug)

.line
 *(.line)

.debug_srcinfo
 *(.debug_srcinfo)

.debug_sfnames
 *(.debug_sfnames)

.debug_aranges  0x00000000      0xee0
 *(.debug_aranges)
 .debug_aranges
                0x00000000       0x20 .\CortexM0\ARM_GCC_493\Debug\main.o
 .debug_aranges
                0x00000020       0x20 .\CortexM0\ARM_GCC_493\Debug\boardmain.o
 .debug_aranges
                0x00000040       0x30 .\CortexM0\ARM_GCC_493\Debug\control.o
 .debug_aranges
                0x00000070       0x28 .\CortexM0\ARM_GCC_493\Debug\debug.o
 .debug_aranges
                0x00000098       0x58 .\CortexM0\ARM_GCC_493\Debug\encoder.o
 .debug_aranges
                0x000000f0       0x70 .\CortexM0\ARM_GCC_493\Debug\i2c.o
 .debug_aranges
                0x00000160       0x38 .\CortexM0\ARM_GCC_493\Debug\infrared.o
 .debug_aranges
                0x00000198       0x48 .\CortexM0\ARM_GCC_493\Debug\motor.o
 .debug_aranges
                0x000001e0       0x38 .\CortexM0\ARM_GCC_493\Debug\pid.o
 .debug_aranges
                0x00000218       0x38 .\CortexM0\ARM_GCC_493\Debug\time.o
 .debug_aranges
                0x00000250       0x58 .\CortexM0\ARM_GCC_493\Debug\ultrasonic.o
 .debug_aranges
                0x000002a8       0x20 .\CortexM0\ARM_GCC_493\Debug\utils.o
 .debug_aranges
                0x000002c8       0x18 .\CortexM0\ARM_GCC_493\Debug\cymetadata.o
 .debug_aranges
                0x000002e0       0x48 .\CortexM0\ARM_GCC_493\Debug\Cm0Start.o
 .debug_aranges
                0x00000328       0x48 .\CortexM0\ARM_GCC_493\Debug\board1.a(cyfitter_cfg.o)
 .debug_aranges
                0x00000370      0x158 .\CortexM0\ARM_GCC_493\Debug\board1.a(HB25_PWM.o)
 .debug_aranges
                0x000004c8       0x48 .\CortexM0\ARM_GCC_493\Debug\board1.a(HB25_Enable_Pin.o)
 .debug_aranges
                0x00000510       0x60 .\CortexM0\ARM_GCC_493\Debug\board1.a(EZI2C.o)
 .debug_aranges
                0x00000570       0x50 .\CortexM0\ARM_GCC_493\Debug\board1.a(EZI2C_EZI2C.o)
 .debug_aranges
                0x000005c0       0x20 .\CortexM0\ARM_GCC_493\Debug\board1.a(EZI2C_EZI2C_INT.o)
 .debug_aranges
                0x000005e0       0xa8 .\CortexM0\ARM_GCC_493\Debug\board1.a(ADC_Infrared.o)
 .debug_aranges
                0x00000688       0x20 .\CortexM0\ARM_GCC_493\Debug\board1.a(ADC_Infrared_INT.o)
 .debug_aranges
                0x000006a8       0x48 .\CortexM0\ARM_GCC_493\Debug\board1.a(Encoder_Pins.o)
 .debug_aranges
                0x000006f0       0x80 .\CortexM0\ARM_GCC_493\Debug\board1.a(Encoder_Intr.o)
 .debug_aranges
                0x00000770      0x158 .\CortexM0\ARM_GCC_493\Debug\board1.a(HCSR04_Timer.o)
 .debug_aranges
                0x000008c8       0x80 .\CortexM0\ARM_GCC_493\Debug\board1.a(HCSR04_Timeout_Intr.o)
 .debug_aranges
                0x00000948       0x48 .\CortexM0\ARM_GCC_493\Debug\board1.a(HCSR04_Trigger_0.o)
 .debug_aranges
                0x00000990       0x48 .\CortexM0\ARM_GCC_493\Debug\board1.a(HCSR04_Trigger_2.o)
 .debug_aranges
                0x000009d8       0x48 .\CortexM0\ARM_GCC_493\Debug\board1.a(HCSR04_Trigger_3.o)
 .debug_aranges
                0x00000a20       0x28 .\CortexM0\ARM_GCC_493\Debug\board1.a(HCSR04_Control.o)
 .debug_aranges
                0x00000a48       0x48 .\CortexM0\ARM_GCC_493\Debug\board1.a(HCSR04_Trigger_1.o)
 .debug_aranges
                0x00000a90       0x20 .\CortexM0\ARM_GCC_493\Debug\board1.a(CyBootAsmGnu.o)
 .debug_aranges
                0x00000ab0      0x1b8 .\CortexM0\ARM_GCC_493\Debug\board1.a(CyLib.o)
 .debug_aranges
                0x00000c68      0x150 .\CortexM0\ARM_GCC_493\Debug\board1.a(CyLFClk.o)
 .debug_aranges
                0x00000db8       0x88 .\CortexM0\ARM_GCC_493\Debug\board1.a(UARTCOMMS_UART.o)
 .debug_aranges
                0x00000e40       0x40 .\CortexM0\ARM_GCC_493\Debug\board1.a(CyFlash.o)
 .debug_aranges
                0x00000e80       0x60 .\CortexM0\ARM_GCC_493\Debug\board1.a(UARTCOMMS_SPI_UART.o)

.debug_pubnames
 *(.debug_pubnames)

.debug_info     0x00000000     0x7dba
 *(.debug_info .gnu.linkonce.wi.*)
 .debug_info    0x00000000       0xb4 .\CortexM0\ARM_GCC_493\Debug\main.o
 .debug_info    0x000000b4      0x40b .\CortexM0\ARM_GCC_493\Debug\boardmain.o
 .debug_info    0x000004bf      0x1c6 .\CortexM0\ARM_GCC_493\Debug\control.o
 .debug_info    0x00000685      0x10a .\CortexM0\ARM_GCC_493\Debug\debug.o
 .debug_info    0x0000078f      0x36b .\CortexM0\ARM_GCC_493\Debug\encoder.o
 .debug_info    0x00000afa      0x30d .\CortexM0\ARM_GCC_493\Debug\i2c.o
 .debug_info    0x00000e07      0x3fb .\CortexM0\ARM_GCC_493\Debug\infrared.o
 .debug_info    0x00001202      0x20b .\CortexM0\ARM_GCC_493\Debug\motor.o
 .debug_info    0x0000140d      0x3b3 .\CortexM0\ARM_GCC_493\Debug\pid.o
 .debug_info    0x000017c0      0x1a0 .\CortexM0\ARM_GCC_493\Debug\time.o
 .debug_info    0x00001960      0x602 .\CortexM0\ARM_GCC_493\Debug\ultrasonic.o
 .debug_info    0x00001f62      0x10e .\CortexM0\ARM_GCC_493\Debug\utils.o
 .debug_info    0x00002070       0xfe .\CortexM0\ARM_GCC_493\Debug\cymetadata.o
 .debug_info    0x0000216e      0x38e .\CortexM0\ARM_GCC_493\Debug\Cm0Start.o
 .debug_info    0x000024fc      0x422 .\CortexM0\ARM_GCC_493\Debug\board1.a(cyfitter_cfg.o)
 .debug_info    0x0000291e      0x906 .\CortexM0\ARM_GCC_493\Debug\board1.a(HB25_PWM.o)
 .debug_info    0x00003224      0x19d .\CortexM0\ARM_GCC_493\Debug\board1.a(HB25_Enable_Pin.o)
 .debug_info    0x000033c1      0x297 .\CortexM0\ARM_GCC_493\Debug\board1.a(EZI2C.o)
 .debug_info    0x00003658      0x347 .\CortexM0\ARM_GCC_493\Debug\board1.a(EZI2C_EZI2C.o)
 .debug_info    0x0000399f      0x1df .\CortexM0\ARM_GCC_493\Debug\board1.a(EZI2C_EZI2C_INT.o)
 .debug_info    0x00003b7e      0x5bf .\CortexM0\ARM_GCC_493\Debug\board1.a(ADC_Infrared.o)
 .debug_info    0x0000413d       0xc4 .\CortexM0\ARM_GCC_493\Debug\board1.a(ADC_Infrared_INT.o)
 .debug_info    0x00004201      0x19d .\CortexM0\ARM_GCC_493\Debug\board1.a(Encoder_Pins.o)
 .debug_info    0x0000439e      0x300 .\CortexM0\ARM_GCC_493\Debug\board1.a(Encoder_Intr.o)
 .debug_info    0x0000469e      0x8dd .\CortexM0\ARM_GCC_493\Debug\board1.a(HCSR04_Timer.o)
 .debug_info    0x00004f7b      0x300 .\CortexM0\ARM_GCC_493\Debug\board1.a(HCSR04_Timeout_Intr.o)
 .debug_info    0x0000527b      0x19b .\CortexM0\ARM_GCC_493\Debug\board1.a(HCSR04_Trigger_0.o)
 .debug_info    0x00005416      0x19d .\CortexM0\ARM_GCC_493\Debug\board1.a(HCSR04_Trigger_2.o)
 .debug_info    0x000055b3      0x19d .\CortexM0\ARM_GCC_493\Debug\board1.a(HCSR04_Trigger_3.o)
 .debug_info    0x00005750       0xd6 .\CortexM0\ARM_GCC_493\Debug\board1.a(HCSR04_Control.o)
 .debug_info    0x00005826      0x19d .\CortexM0\ARM_GCC_493\Debug\board1.a(HCSR04_Trigger_1.o)
 .debug_info    0x000059c3       0x8b .\CortexM0\ARM_GCC_493\Debug\board1.a(CyBootAsmGnu.o)
 .debug_info    0x00005a4e      0xcf4 .\CortexM0\ARM_GCC_493\Debug\board1.a(CyLib.o)
 .debug_info    0x00006742      0xda4 .\CortexM0\ARM_GCC_493\Debug\board1.a(CyLFClk.o)
 .debug_info    0x000074e6      0x352 .\CortexM0\ARM_GCC_493\Debug\board1.a(UARTCOMMS_UART.o)
 .debug_info    0x00007838      0x36b .\CortexM0\ARM_GCC_493\Debug\board1.a(CyFlash.o)
 .debug_info    0x00007ba3      0x217 .\CortexM0\ARM_GCC_493\Debug\board1.a(UARTCOMMS_SPI_UART.o)

.debug_abbrev   0x00000000     0x2d9a
 *(.debug_abbrev)
 .debug_abbrev  0x00000000       0x63 .\CortexM0\ARM_GCC_493\Debug\main.o
 .debug_abbrev  0x00000063      0x14b .\CortexM0\ARM_GCC_493\Debug\boardmain.o
 .debug_abbrev  0x000001ae       0xf0 .\CortexM0\ARM_GCC_493\Debug\control.o
 .debug_abbrev  0x0000029e       0xb1 .\CortexM0\ARM_GCC_493\Debug\debug.o
 .debug_abbrev  0x0000034f      0x1c5 .\CortexM0\ARM_GCC_493\Debug\encoder.o
 .debug_abbrev  0x00000514      0x165 .\CortexM0\ARM_GCC_493\Debug\i2c.o
 .debug_abbrev  0x00000679      0x1bb .\CortexM0\ARM_GCC_493\Debug\infrared.o
 .debug_abbrev  0x00000834      0x124 .\CortexM0\ARM_GCC_493\Debug\motor.o
 .debug_abbrev  0x00000958      0x1a0 .\CortexM0\ARM_GCC_493\Debug\pid.o
 .debug_abbrev  0x00000af8      0x150 .\CortexM0\ARM_GCC_493\Debug\time.o
 .debug_abbrev  0x00000c48      0x26d .\CortexM0\ARM_GCC_493\Debug\ultrasonic.o
 .debug_abbrev  0x00000eb5       0xc3 .\CortexM0\ARM_GCC_493\Debug\utils.o
 .debug_abbrev  0x00000f78       0x5d .\CortexM0\ARM_GCC_493\Debug\cymetadata.o
 .debug_abbrev  0x00000fd5      0x1d5 .\CortexM0\ARM_GCC_493\Debug\Cm0Start.o
 .debug_abbrev  0x000011aa      0x20b .\CortexM0\ARM_GCC_493\Debug\board1.a(cyfitter_cfg.o)
 .debug_abbrev  0x000013b5      0x133 .\CortexM0\ARM_GCC_493\Debug\board1.a(HB25_PWM.o)
 .debug_abbrev  0x000014e8       0xc8 .\CortexM0\ARM_GCC_493\Debug\board1.a(HB25_Enable_Pin.o)
 .debug_abbrev  0x000015b0      0x143 .\CortexM0\ARM_GCC_493\Debug\board1.a(EZI2C.o)
 .debug_abbrev  0x000016f3      0x170 .\CortexM0\ARM_GCC_493\Debug\board1.a(EZI2C_EZI2C.o)
 .debug_abbrev  0x00001863       0xc6 .\CortexM0\ARM_GCC_493\Debug\board1.a(EZI2C_EZI2C_INT.o)
 .debug_abbrev  0x00001929      0x1dd .\CortexM0\ARM_GCC_493\Debug\board1.a(ADC_Infrared.o)
 .debug_abbrev  0x00001b06       0x65 .\CortexM0\ARM_GCC_493\Debug\board1.a(ADC_Infrared_INT.o)
 .debug_abbrev  0x00001b6b       0xc8 .\CortexM0\ARM_GCC_493\Debug\board1.a(Encoder_Pins.o)
 .debug_abbrev  0x00001c33      0x1b4 .\CortexM0\ARM_GCC_493\Debug\board1.a(Encoder_Intr.o)
 .debug_abbrev  0x00001de7      0x133 .\CortexM0\ARM_GCC_493\Debug\board1.a(HCSR04_Timer.o)
 .debug_abbrev  0x00001f1a      0x1b4 .\CortexM0\ARM_GCC_493\Debug\board1.a(HCSR04_Timeout_Intr.o)
 .debug_abbrev  0x000020ce       0xc8 .\CortexM0\ARM_GCC_493\Debug\board1.a(HCSR04_Trigger_0.o)
 .debug_abbrev  0x00002196       0xc8 .\CortexM0\ARM_GCC_493\Debug\board1.a(HCSR04_Trigger_2.o)
 .debug_abbrev  0x0000225e       0xc8 .\CortexM0\ARM_GCC_493\Debug\board1.a(HCSR04_Trigger_3.o)
 .debug_abbrev  0x00002326       0x81 .\CortexM0\ARM_GCC_493\Debug\board1.a(HCSR04_Control.o)
 .debug_abbrev  0x000023a7       0xc8 .\CortexM0\ARM_GCC_493\Debug\board1.a(HCSR04_Trigger_1.o)
 .debug_abbrev  0x0000246f       0x14 .\CortexM0\ARM_GCC_493\Debug\board1.a(CyBootAsmGnu.o)
 .debug_abbrev  0x00002483      0x245 .\CortexM0\ARM_GCC_493\Debug\board1.a(CyLib.o)
 .debug_abbrev  0x000026c8      0x26d .\CortexM0\ARM_GCC_493\Debug\board1.a(CyLFClk.o)
 .debug_abbrev  0x00002935      0x13b .\CortexM0\ARM_GCC_493\Debug\board1.a(UARTCOMMS_UART.o)
 .debug_abbrev  0x00002a70      0x1c1 .\CortexM0\ARM_GCC_493\Debug\board1.a(CyFlash.o)
 .debug_abbrev  0x00002c31      0x169 .\CortexM0\ARM_GCC_493\Debug\board1.a(UARTCOMMS_SPI_UART.o)

.debug_line     0x00000000     0x3913
 *(.debug_line)
 .debug_line    0x00000000       0x3b .\CortexM0\ARM_GCC_493\Debug\main.o
 .debug_line    0x0000003b      0x1fc .\CortexM0\ARM_GCC_493\Debug\boardmain.o
 .debug_line    0x00000237       0xb3 .\CortexM0\ARM_GCC_493\Debug\control.o
 .debug_line    0x000002ea       0x5d .\CortexM0\ARM_GCC_493\Debug\debug.o
 .debug_line    0x00000347      0x22b .\CortexM0\ARM_GCC_493\Debug\encoder.o
 .debug_line    0x00000572      0x14e .\CortexM0\ARM_GCC_493\Debug\i2c.o
 .debug_line    0x000006c0      0x243 .\CortexM0\ARM_GCC_493\Debug\infrared.o
 .debug_line    0x00000903      0x114 .\CortexM0\ARM_GCC_493\Debug\motor.o
 .debug_line    0x00000a17      0x212 .\CortexM0\ARM_GCC_493\Debug\pid.o
 .debug_line    0x00000c29       0xbc .\CortexM0\ARM_GCC_493\Debug\time.o
 .debug_line    0x00000ce5      0x31e .\CortexM0\ARM_GCC_493\Debug\ultrasonic.o
 .debug_line    0x00001003       0x77 .\CortexM0\ARM_GCC_493\Debug\utils.o
 .debug_line    0x0000107a       0x53 .\CortexM0\ARM_GCC_493\Debug\cymetadata.o
 .debug_line    0x000010cd      0x249 .\CortexM0\ARM_GCC_493\Debug\Cm0Start.o
 .debug_line    0x00001316      0x1af .\CortexM0\ARM_GCC_493\Debug\board1.a(cyfitter_cfg.o)
 .debug_line    0x000014c5      0x383 .\CortexM0\ARM_GCC_493\Debug\board1.a(HB25_PWM.o)
 .debug_line    0x00001848       0xc9 .\CortexM0\ARM_GCC_493\Debug\board1.a(HB25_Enable_Pin.o)
 .debug_line    0x00001911      0x141 .\CortexM0\ARM_GCC_493\Debug\board1.a(EZI2C.o)
 .debug_line    0x00001a52      0x11c .\CortexM0\ARM_GCC_493\Debug\board1.a(EZI2C_EZI2C.o)
 .debug_line    0x00001b6e      0x150 .\CortexM0\ARM_GCC_493\Debug\board1.a(EZI2C_EZI2C_INT.o)
 .debug_line    0x00001cbe      0x293 .\CortexM0\ARM_GCC_493\Debug\board1.a(ADC_Infrared.o)
 .debug_line    0x00001f51       0x6d .\CortexM0\ARM_GCC_493\Debug\board1.a(ADC_Infrared_INT.o)
 .debug_line    0x00001fbe       0xc7 .\CortexM0\ARM_GCC_493\Debug\board1.a(Encoder_Pins.o)
 .debug_line    0x00002085      0x171 .\CortexM0\ARM_GCC_493\Debug\board1.a(Encoder_Intr.o)
 .debug_line    0x000021f6      0x37f .\CortexM0\ARM_GCC_493\Debug\board1.a(HCSR04_Timer.o)
 .debug_line    0x00002575      0x178 .\CortexM0\ARM_GCC_493\Debug\board1.a(HCSR04_Timeout_Intr.o)
 .debug_line    0x000026ed       0xc9 .\CortexM0\ARM_GCC_493\Debug\board1.a(HCSR04_Trigger_0.o)
 .debug_line    0x000027b6       0xca .\CortexM0\ARM_GCC_493\Debug\board1.a(HCSR04_Trigger_2.o)
 .debug_line    0x00002880       0xca .\CortexM0\ARM_GCC_493\Debug\board1.a(HCSR04_Trigger_3.o)
 .debug_line    0x0000294a       0x79 .\CortexM0\ARM_GCC_493\Debug\board1.a(HCSR04_Control.o)
 .debug_line    0x000029c3       0xca .\CortexM0\ARM_GCC_493\Debug\board1.a(HCSR04_Trigger_1.o)
 .debug_line    0x00002a8d       0x68 .\CortexM0\ARM_GCC_493\Debug\board1.a(CyBootAsmGnu.o)
 .debug_line    0x00002af5      0x51a .\CortexM0\ARM_GCC_493\Debug\board1.a(CyLib.o)
 .debug_line    0x0000300f      0x4c5 .\CortexM0\ARM_GCC_493\Debug\board1.a(CyLFClk.o)
 .debug_line    0x000034d4      0x1c0 .\CortexM0\ARM_GCC_493\Debug\board1.a(UARTCOMMS_UART.o)
 .debug_line    0x00003694      0x147 .\CortexM0\ARM_GCC_493\Debug\board1.a(CyFlash.o)
 .debug_line    0x000037db      0x138 .\CortexM0\ARM_GCC_493\Debug\board1.a(UARTCOMMS_SPI_UART.o)

.debug_frame    0x00000000     0x2be8
 *(.debug_frame)
 .debug_frame   0x00000000       0x2c .\CortexM0\ARM_GCC_493\Debug\main.o
 .debug_frame   0x0000002c       0x30 .\CortexM0\ARM_GCC_493\Debug\boardmain.o
 .debug_frame   0x0000005c       0x64 .\CortexM0\ARM_GCC_493\Debug\control.o
 .debug_frame   0x000000c0       0x3c .\CortexM0\ARM_GCC_493\Debug\debug.o
 .debug_frame   0x000000fc       0xc0 .\CortexM0\ARM_GCC_493\Debug\encoder.o
 .debug_frame   0x000001bc       0xe4 .\CortexM0\ARM_GCC_493\Debug\i2c.o
 .debug_frame   0x000002a0       0x80 .\CortexM0\ARM_GCC_493\Debug\infrared.o
 .debug_frame   0x00000320       0xa0 .\CortexM0\ARM_GCC_493\Debug\motor.o
 .debug_frame   0x000003c0       0x74 .\CortexM0\ARM_GCC_493\Debug\pid.o
 .debug_frame   0x00000434       0x5c .\CortexM0\ARM_GCC_493\Debug\time.o
 .debug_frame   0x00000490       0xf8 .\CortexM0\ARM_GCC_493\Debug\ultrasonic.o
 .debug_frame   0x00000588       0x30 .\CortexM0\ARM_GCC_493\Debug\utils.o
 .debug_frame   0x000005b8       0xb0 .\CortexM0\ARM_GCC_493\Debug\Cm0Start.o
 .debug_frame   0x00000668       0xb4 .\CortexM0\ARM_GCC_493\Debug\board1.a(cyfitter_cfg.o)
 .debug_frame   0x0000071c      0x390 .\CortexM0\ARM_GCC_493\Debug\board1.a(HB25_PWM.o)
 .debug_frame   0x00000aac       0x70 .\CortexM0\ARM_GCC_493\Debug\board1.a(HB25_Enable_Pin.o)
 .debug_frame   0x00000b1c       0xe8 .\CortexM0\ARM_GCC_493\Debug\board1.a(EZI2C.o)
 .debug_frame   0x00000c04       0xa8 .\CortexM0\ARM_GCC_493\Debug\board1.a(EZI2C_EZI2C.o)
 .debug_frame   0x00000cac       0x30 .\CortexM0\ARM_GCC_493\Debug\board1.a(EZI2C_EZI2C_INT.o)
 .debug_frame   0x00000cdc      0x1b0 .\CortexM0\ARM_GCC_493\Debug\board1.a(ADC_Infrared.o)
 .debug_frame   0x00000e8c       0x20 .\CortexM0\ARM_GCC_493\Debug\board1.a(ADC_Infrared_INT.o)
 .debug_frame   0x00000eac       0x70 .\CortexM0\ARM_GCC_493\Debug\board1.a(Encoder_Pins.o)
 .debug_frame   0x00000f1c      0x110 .\CortexM0\ARM_GCC_493\Debug\board1.a(Encoder_Intr.o)
 .debug_frame   0x0000102c      0x390 .\CortexM0\ARM_GCC_493\Debug\board1.a(HCSR04_Timer.o)
 .debug_frame   0x000013bc      0x110 .\CortexM0\ARM_GCC_493\Debug\board1.a(HCSR04_Timeout_Intr.o)
 .debug_frame   0x000014cc       0x70 .\CortexM0\ARM_GCC_493\Debug\board1.a(HCSR04_Trigger_0.o)
 .debug_frame   0x0000153c       0x70 .\CortexM0\ARM_GCC_493\Debug\board1.a(HCSR04_Trigger_2.o)
 .debug_frame   0x000015ac       0x70 .\CortexM0\ARM_GCC_493\Debug\board1.a(HCSR04_Trigger_3.o)
 .debug_frame   0x0000161c       0x30 .\CortexM0\ARM_GCC_493\Debug\board1.a(HCSR04_Control.o)
 .debug_frame   0x0000164c       0x70 .\CortexM0\ARM_GCC_493\Debug\board1.a(HCSR04_Trigger_1.o)
 .debug_frame   0x000016bc      0x468 .\CortexM0\ARM_GCC_493\Debug\board1.a(CyLib.o)
 .debug_frame   0x00001b24      0x3fc .\CortexM0\ARM_GCC_493\Debug\board1.a(CyLFClk.o)
 .debug_frame   0x00001f20      0x130 .\CortexM0\ARM_GCC_493\Debug\board1.a(UARTCOMMS_UART.o)
 .debug_frame   0x00002050       0x90 .\CortexM0\ARM_GCC_493\Debug\board1.a(CyFlash.o)
 .debug_frame   0x000020e0       0xb0 .\CortexM0\ARM_GCC_493\Debug\board1.a(UARTCOMMS_SPI_UART.o)
 .debug_frame   0x00002190       0x38 c:/program files (x86)/cypress/psoc creator/3.3/psoc creator/import/gnu/arm/4.9.3/bin/../lib/gcc/arm-none-eabi/4.9.3/../../../../arm-none-eabi/lib/armv6-m\libm.a(lib_a-w_pow.o)
 .debug_frame   0x000021c8       0x3c c:/program files (x86)/cypress/psoc creator/3.3/psoc creator/import/gnu/arm/4.9.3/bin/../lib/gcc/arm-none-eabi/4.9.3/../../../../arm-none-eabi/lib/armv6-m\libm.a(lib_a-e_pow.o)
 .debug_frame   0x00002204       0x3c c:/program files (x86)/cypress/psoc creator/3.3/psoc creator/import/gnu/arm/4.9.3/bin/../lib/gcc/arm-none-eabi/4.9.3/../../../../arm-none-eabi/lib/armv6-m\libm.a(lib_a-e_sqrt.o)
 .debug_frame   0x00002240       0x20 c:/program files (x86)/cypress/psoc creator/3.3/psoc creator/import/gnu/arm/4.9.3/bin/../lib/gcc/arm-none-eabi/4.9.3/../../../../arm-none-eabi/lib/armv6-m\libm.a(lib_a-s_fabs.o)
 .debug_frame   0x00002260       0x20 c:/program files (x86)/cypress/psoc creator/3.3/psoc creator/import/gnu/arm/4.9.3/bin/../lib/gcc/arm-none-eabi/4.9.3/../../../../arm-none-eabi/lib/armv6-m\libm.a(lib_a-s_finite.o)
 .debug_frame   0x00002280       0x2c c:/program files (x86)/cypress/psoc creator/3.3/psoc creator/import/gnu/arm/4.9.3/bin/../lib/gcc/arm-none-eabi/4.9.3/../../../../arm-none-eabi/lib/armv6-m\libm.a(lib_a-s_fpclassify.o)
 .debug_frame   0x000022ac       0x20 c:/program files (x86)/cypress/psoc creator/3.3/psoc creator/import/gnu/arm/4.9.3/bin/../lib/gcc/arm-none-eabi/4.9.3/../../../../arm-none-eabi/lib/armv6-m\libm.a(lib_a-s_matherr.o)
 .debug_frame   0x000022cc       0x20 c:/program files (x86)/cypress/psoc creator/3.3/psoc creator/import/gnu/arm/4.9.3/bin/../lib/gcc/arm-none-eabi/4.9.3/../../../../arm-none-eabi/lib/armv6-m\libm.a(lib_a-s_nan.o)
 .debug_frame   0x000022ec       0x38 c:/program files (x86)/cypress/psoc creator/3.3/psoc creator/import/gnu/arm/4.9.3/bin/../lib/gcc/arm-none-eabi/4.9.3/../../../../arm-none-eabi/lib/armv6-m\libm.a(lib_a-s_rint.o)
 .debug_frame   0x00002324       0x30 c:/program files (x86)/cypress/psoc creator/3.3/psoc creator/import/gnu/arm/4.9.3/bin/../lib/gcc/arm-none-eabi/4.9.3/../../../../arm-none-eabi/lib/armv6-m\libm.a(lib_a-s_scalbn.o)
 .debug_frame   0x00002354       0x2c c:/program files (x86)/cypress/psoc creator/3.3/psoc creator/import/gnu/arm/4.9.3/bin/../lib/gcc/arm-none-eabi/4.9.3/../../../../arm-none-eabi/lib/armv6-m\libm.a(lib_a-s_copysign.o)
 .debug_frame   0x00002380       0x20 c:/program files (x86)/cypress/psoc creator/3.3/psoc creator/import/gnu/arm/4.9.3/bin/../lib/gcc/arm-none-eabi/4.9.3/armv6-m\libgcc.a(_udivsi3.o)
 .debug_frame   0x000023a0       0x20 c:/program files (x86)/cypress/psoc creator/3.3/psoc creator/import/gnu/arm/4.9.3/bin/../lib/gcc/arm-none-eabi/4.9.3/armv6-m\libgcc.a(_divsi3.o)
 .debug_frame   0x000023c0       0x34 c:/program files (x86)/cypress/psoc creator/3.3/psoc creator/import/gnu/arm/4.9.3/bin/../lib/gcc/arm-none-eabi/4.9.3/armv6-m\libgcc.a(_muldi3.o)
 .debug_frame   0x000023f4       0x28 c:/program files (x86)/cypress/psoc creator/3.3/psoc creator/import/gnu/arm/4.9.3/bin/../lib/gcc/arm-none-eabi/4.9.3/armv6-m\libgcc.a(_fixunssfsi.o)
 .debug_frame   0x0000241c       0x50 c:/program files (x86)/cypress/psoc creator/3.3/psoc creator/import/gnu/arm/4.9.3/bin/../lib/gcc/arm-none-eabi/4.9.3/armv6-m\libgcc.a(bpabi.o)
 .debug_frame   0x0000246c       0x30 c:/program files (x86)/cypress/psoc creator/3.3/psoc creator/import/gnu/arm/4.9.3/bin/../lib/gcc/arm-none-eabi/4.9.3/armv6-m\libgcc.a(addsf3.o)
 .debug_frame   0x0000249c       0x3c c:/program files (x86)/cypress/psoc creator/3.3/psoc creator/import/gnu/arm/4.9.3/bin/../lib/gcc/arm-none-eabi/4.9.3/armv6-m\libgcc.a(divsf3.o)
 .debug_frame   0x000024d8       0x2c c:/program files (x86)/cypress/psoc creator/3.3/psoc creator/import/gnu/arm/4.9.3/bin/../lib/gcc/arm-none-eabi/4.9.3/armv6-m\libgcc.a(eqsf2.o)
 .debug_frame   0x00002504       0x30 c:/program files (x86)/cypress/psoc creator/3.3/psoc creator/import/gnu/arm/4.9.3/bin/../lib/gcc/arm-none-eabi/4.9.3/armv6-m\libgcc.a(gesf2.o)
 .debug_frame   0x00002534       0x30 c:/program files (x86)/cypress/psoc creator/3.3/psoc creator/import/gnu/arm/4.9.3/bin/../lib/gcc/arm-none-eabi/4.9.3/armv6-m\libgcc.a(lesf2.o)
 .debug_frame   0x00002564       0x3c c:/program files (x86)/cypress/psoc creator/3.3/psoc creator/import/gnu/arm/4.9.3/bin/../lib/gcc/arm-none-eabi/4.9.3/armv6-m\libgcc.a(mulsf3.o)
 .debug_frame   0x000025a0       0x30 c:/program files (x86)/cypress/psoc creator/3.3/psoc creator/import/gnu/arm/4.9.3/bin/../lib/gcc/arm-none-eabi/4.9.3/armv6-m\libgcc.a(subsf3.o)
 .debug_frame   0x000025d0       0x20 c:/program files (x86)/cypress/psoc creator/3.3/psoc creator/import/gnu/arm/4.9.3/bin/../lib/gcc/arm-none-eabi/4.9.3/armv6-m\libgcc.a(fixsfsi.o)
 .debug_frame   0x000025f0       0x2c c:/program files (x86)/cypress/psoc creator/3.3/psoc creator/import/gnu/arm/4.9.3/bin/../lib/gcc/arm-none-eabi/4.9.3/armv6-m\libgcc.a(floatsisf.o)
 .debug_frame   0x0000261c       0x38 c:/program files (x86)/cypress/psoc creator/3.3/psoc creator/import/gnu/arm/4.9.3/bin/../lib/gcc/arm-none-eabi/4.9.3/armv6-m\libgcc.a(adddf3.o)
 .debug_frame   0x00002654       0x3c c:/program files (x86)/cypress/psoc creator/3.3/psoc creator/import/gnu/arm/4.9.3/bin/../lib/gcc/arm-none-eabi/4.9.3/armv6-m\libgcc.a(divdf3.o)
 .debug_frame   0x00002690       0x38 c:/program files (x86)/cypress/psoc creator/3.3/psoc creator/import/gnu/arm/4.9.3/bin/../lib/gcc/arm-none-eabi/4.9.3/armv6-m\libgcc.a(eqdf2.o)
 .debug_frame   0x000026c8       0x38 c:/program files (x86)/cypress/psoc creator/3.3/psoc creator/import/gnu/arm/4.9.3/bin/../lib/gcc/arm-none-eabi/4.9.3/armv6-m\libgcc.a(gedf2.o)
 .debug_frame   0x00002700       0x38 c:/program files (x86)/cypress/psoc creator/3.3/psoc creator/import/gnu/arm/4.9.3/bin/../lib/gcc/arm-none-eabi/4.9.3/armv6-m\libgcc.a(ledf2.o)
 .debug_frame   0x00002738       0x3c c:/program files (x86)/cypress/psoc creator/3.3/psoc creator/import/gnu/arm/4.9.3/bin/../lib/gcc/arm-none-eabi/4.9.3/armv6-m\libgcc.a(muldf3.o)
 .debug_frame   0x00002774       0x3c c:/program files (x86)/cypress/psoc creator/3.3/psoc creator/import/gnu/arm/4.9.3/bin/../lib/gcc/arm-none-eabi/4.9.3/armv6-m\libgcc.a(subdf3.o)
 .debug_frame   0x000027b0       0x2c c:/program files (x86)/cypress/psoc creator/3.3/psoc creator/import/gnu/arm/4.9.3/bin/../lib/gcc/arm-none-eabi/4.9.3/armv6-m\libgcc.a(floatsidf.o)
 .debug_frame   0x000027dc       0x2c c:/program files (x86)/cypress/psoc creator/3.3/psoc creator/import/gnu/arm/4.9.3/bin/../lib/gcc/arm-none-eabi/4.9.3/armv6-m\libgcc.a(extendsfdf2.o)
 .debug_frame   0x00002808       0x2c c:/program files (x86)/cypress/psoc creator/3.3/psoc creator/import/gnu/arm/4.9.3/bin/../lib/gcc/arm-none-eabi/4.9.3/armv6-m\libgcc.a(truncdfsf2.o)
 .debug_frame   0x00002834       0x3c c:/program files (x86)/cypress/psoc creator/3.3/psoc creator/import/gnu/arm/4.9.3/bin/../lib/gcc/arm-none-eabi/4.9.3/armv6-m\libgcc.a(_divdi3.o)
 .debug_frame   0x00002870       0x3c c:/program files (x86)/cypress/psoc creator/3.3/psoc creator/import/gnu/arm/4.9.3/bin/../lib/gcc/arm-none-eabi/4.9.3/armv6-m\libgcc.a(_udivdi3.o)
 .debug_frame   0x000028ac       0x20 c:/program files (x86)/cypress/psoc creator/3.3/psoc creator/import/gnu/arm/4.9.3/bin/../lib/gcc/arm-none-eabi/4.9.3/../../../../arm-none-eabi/lib/armv6-m\libg_nano.a(lib_a-errno.o)
 .debug_frame   0x000028cc       0x28 c:/program files (x86)/cypress/psoc creator/3.3/psoc creator/import/gnu/arm/4.9.3/bin/../lib/gcc/arm-none-eabi/4.9.3/../../../../arm-none-eabi/lib/armv6-m\libg_nano.a(lib_a-exit.o)
 .debug_frame   0x000028f4       0x2c c:/program files (x86)/cypress/psoc creator/3.3/psoc creator/import/gnu/arm/4.9.3/bin/../lib/gcc/arm-none-eabi/4.9.3/../../../../arm-none-eabi/lib/armv6-m\libg_nano.a(lib_a-init.o)
 .debug_frame   0x00002920       0x28 c:/program files (x86)/cypress/psoc creator/3.3/psoc creator/import/gnu/arm/4.9.3/bin/../lib/gcc/arm-none-eabi/4.9.3/../../../../arm-none-eabi/lib/armv6-m\libg_nano.a(lib_a-memcpy.o)
 .debug_frame   0x00002948       0x20 c:/program files (x86)/cypress/psoc creator/3.3/psoc creator/import/gnu/arm/4.9.3/bin/../lib/gcc/arm-none-eabi/4.9.3/../../../../arm-none-eabi/lib/armv6-m\libg_nano.a(lib_a-memset.o)
 .debug_frame   0x00002968       0x54 c:/program files (x86)/cypress/psoc creator/3.3/psoc creator/import/gnu/arm/4.9.3/bin/../lib/gcc/arm-none-eabi/4.9.3/../../../../arm-none-eabi/lib/armv6-m\libg_nano.a(lib_a-snprintf.o)
 .debug_frame   0x000029bc       0x74 c:/program files (x86)/cypress/psoc creator/3.3/psoc creator/import/gnu/arm/4.9.3/bin/../lib/gcc/arm-none-eabi/4.9.3/../../../../arm-none-eabi/lib/armv6-m\libg_nano.a(lib_a-nano-svfprintf.o)
 .debug_frame   0x00002a30       0x54 c:/program files (x86)/cypress/psoc creator/3.3/psoc creator/import/gnu/arm/4.9.3/bin/../lib/gcc/arm-none-eabi/4.9.3/../../../../arm-none-eabi/lib/armv6-m\libg_nano.a(lib_a-nano-vfprintf_i.o)
 .debug_frame   0x00002a84       0x20 c:/program files (x86)/cypress/psoc creator/3.3/psoc creator/import/gnu/arm/4.9.3/bin/../lib/gcc/arm-none-eabi/4.9.3/../../../../arm-none-eabi/lib/armv6-m\libg_nano.a(lib_a-memchr.o)
 .debug_frame   0x00002aa4       0x28 c:/program files (x86)/cypress/psoc creator/3.3/psoc creator/import/gnu/arm/4.9.3/bin/../lib/gcc/arm-none-eabi/4.9.3/../../../../arm-none-eabi/lib/armv6-m\libg_nano.a(lib_a-memmove.o)
 .debug_frame   0x00002acc       0x2c c:/program files (x86)/cypress/psoc creator/3.3/psoc creator/import/gnu/arm/4.9.3/bin/../lib/gcc/arm-none-eabi/4.9.3/../../../../arm-none-eabi/lib/armv6-m\libg_nano.a(lib_a-nano-freer.o)
 .debug_frame   0x00002af8       0x2c c:/program files (x86)/cypress/psoc creator/3.3/psoc creator/import/gnu/arm/4.9.3/bin/../lib/gcc/arm-none-eabi/4.9.3/../../../../arm-none-eabi/lib/armv6-m\libg_nano.a(lib_a-nano-mallocr.o)
 .debug_frame   0x00002b24       0x30 c:/program files (x86)/cypress/psoc creator/3.3/psoc creator/import/gnu/arm/4.9.3/bin/../lib/gcc/arm-none-eabi/4.9.3/../../../../arm-none-eabi/lib/armv6-m\libg_nano.a(lib_a-nano-reallocr.o)
 .debug_frame   0x00002b54       0x2c c:/program files (x86)/cypress/psoc creator/3.3/psoc creator/import/gnu/arm/4.9.3/bin/../lib/gcc/arm-none-eabi/4.9.3/../../../../arm-none-eabi/lib/armv6-m\libg_nano.a(lib_a-sbrkr.o)
 .debug_frame   0x00002b80       0x20 c:/program files (x86)/cypress/psoc creator/3.3/psoc creator/import/gnu/arm/4.9.3/bin/../lib/gcc/arm-none-eabi/4.9.3/../../../../arm-none-eabi/lib/armv6-m\libg_nano.a(lib_a-nano-msizer.o)
 .debug_frame   0x00002ba0       0x48 c:/program files (x86)/cypress/psoc creator/3.3/psoc creator/import/gnu/arm/4.9.3/bin/../lib/gcc/arm-none-eabi/4.9.3/../../../../arm-none-eabi/lib/armv6-m\libg_nano.a(lib_a-reent.o)

.debug_str      0x00000000     0x3028
 *(.debug_str)
 .debug_str     0x00000000      0x141 .\CortexM0\ARM_GCC_493\Debug\main.o
                                0x181 (size before relaxing)
 .debug_str     0x00000141      0x1c7 .\CortexM0\ARM_GCC_493\Debug\boardmain.o
                                0x346 (size before relaxing)
 .debug_str     0x00000308       0x6d .\CortexM0\ARM_GCC_493\Debug\control.o
                                0x21e (size before relaxing)
 .debug_str     0x00000375       0x28 .\CortexM0\ARM_GCC_493\Debug\debug.o
                                0x1ac (size before relaxing)
 .debug_str     0x0000039d      0x145 .\CortexM0\ARM_GCC_493\Debug\encoder.o
                                0x346 (size before relaxing)
 .debug_str     0x000004e2       0xed .\CortexM0\ARM_GCC_493\Debug\i2c.o
                                0x2f0 (size before relaxing)
 .debug_str     0x000005cf       0xa4 .\CortexM0\ARM_GCC_493\Debug\infrared.o
                                0x2d5 (size before relaxing)
 .debug_str     0x00000673       0x8c .\CortexM0\ARM_GCC_493\Debug\motor.o
                                0x24c (size before relaxing)
 .debug_str     0x000006ff       0xa3 .\CortexM0\ARM_GCC_493\Debug\pid.o
                                0x2e8 (size before relaxing)
 .debug_str     0x000007a2       0x8f .\CortexM0\ARM_GCC_493\Debug\time.o
                                0x21a (size before relaxing)
 .debug_str     0x00000831      0x1b2 .\CortexM0\ARM_GCC_493\Debug\ultrasonic.o
                                0x407 (size before relaxing)
 .debug_str     0x000009e3       0x1d .\CortexM0\ARM_GCC_493\Debug\utils.o
                                0x1cd (size before relaxing)
 .debug_str     0x00000a00       0x5b .\CortexM0\ARM_GCC_493\Debug\cymetadata.o
                                0x1c9 (size before relaxing)
 .debug_str     0x00000a5b      0x142 .\CortexM0\ARM_GCC_493\Debug\Cm0Start.o
                                0x2f0 (size before relaxing)
 .debug_str     0x00000b9d      0x119 .\CortexM0\ARM_GCC_493\Debug\board1.a(cyfitter_cfg.o)
                                0x2f9 (size before relaxing)
 .debug_str     0x00000cb6      0x45d .\CortexM0\ARM_GCC_493\Debug\board1.a(HB25_PWM.o)
                                0x61e (size before relaxing)
 .debug_str     0x00001113       0xdd .\CortexM0\ARM_GCC_493\Debug\board1.a(HB25_Enable_Pin.o)
                                0x277 (size before relaxing)
 .debug_str     0x000011f0      0x13a .\CortexM0\ARM_GCC_493\Debug\board1.a(EZI2C.o)
                                0x2cd (size before relaxing)
 .debug_str     0x0000132a      0x121 .\CortexM0\ARM_GCC_493\Debug\board1.a(EZI2C_EZI2C.o)
                                0x334 (size before relaxing)
 .debug_str     0x0000144b       0x99 .\CortexM0\ARM_GCC_493\Debug\board1.a(EZI2C_EZI2C_INT.o)
                                0x2bd (size before relaxing)
 .debug_str     0x000014e4      0x255 .\CortexM0\ARM_GCC_493\Debug\board1.a(ADC_Infrared.o)
                                0x4ac (size before relaxing)
 .debug_str     0x00001739       0x49 .\CortexM0\ARM_GCC_493\Debug\board1.a(ADC_Infrared_INT.o)
                                0x1be (size before relaxing)
 .debug_str     0x00001782       0x8c .\CortexM0\ARM_GCC_493\Debug\board1.a(Encoder_Pins.o)
                                0x262 (size before relaxing)
 .debug_str     0x0000180e      0x133 .\CortexM0\ARM_GCC_493\Debug\board1.a(Encoder_Intr.o)
                                0x33b (size before relaxing)
 .debug_str     0x00001941      0x407 .\CortexM0\ARM_GCC_493\Debug\board1.a(HCSR04_Timer.o)
                                0x6c6 (size before relaxing)
 .debug_str     0x00001d48      0x190 .\CortexM0\ARM_GCC_493\Debug\board1.a(HCSR04_Timeout_Intr.o)
                                0x39d (size before relaxing)
 .debug_str     0x00001ed8       0xd6 .\CortexM0\ARM_GCC_493\Debug\board1.a(HCSR04_Trigger_0.o)
                                0x27e (size before relaxing)
 .debug_str     0x00001fae       0xd6 .\CortexM0\ARM_GCC_493\Debug\board1.a(HCSR04_Trigger_2.o)
                                0x27e (size before relaxing)
 .debug_str     0x00002084       0xd6 .\CortexM0\ARM_GCC_493\Debug\board1.a(HCSR04_Trigger_3.o)
                                0x27e (size before relaxing)
 .debug_str     0x0000215a       0x3e .\CortexM0\ARM_GCC_493\Debug\board1.a(HCSR04_Control.o)
                                0x1c5 (size before relaxing)
 .debug_str     0x00002198       0xd6 .\CortexM0\ARM_GCC_493\Debug\board1.a(HCSR04_Trigger_1.o)
                                0x27e (size before relaxing)
 .debug_str     0x0000226e      0x4fa .\CortexM0\ARM_GCC_493\Debug\board1.a(CyLib.o)
                                0x7bd (size before relaxing)
 .debug_str     0x00002768      0x4f7 .\CortexM0\ARM_GCC_493\Debug\board1.a(CyLFClk.o)
                                0x6fe (size before relaxing)
 .debug_str     0x00002c5f      0x20f .\CortexM0\ARM_GCC_493\Debug\board1.a(UARTCOMMS_UART.o)
                                0x3c0 (size before relaxing)
 .debug_str     0x00002e6e       0xb2 .\CortexM0\ARM_GCC_493\Debug\board1.a(CyFlash.o)
                                0x29f (size before relaxing)
 .debug_str     0x00002f20      0x108 .\CortexM0\ARM_GCC_493\Debug\board1.a(UARTCOMMS_SPI_UART.o)
                                0x2ef (size before relaxing)

.debug_loc      0x00000000     0x32fb
 *(.debug_loc)
 .debug_loc     0x00000000       0x2a .\CortexM0\ARM_GCC_493\Debug\control.o
 .debug_loc     0x0000002a       0xc5 .\CortexM0\ARM_GCC_493\Debug\encoder.o
 .debug_loc     0x000000ef       0x83 .\CortexM0\ARM_GCC_493\Debug\i2c.o
 .debug_loc     0x00000172       0xff .\CortexM0\ARM_GCC_493\Debug\infrared.o
 .debug_loc     0x00000271       0xe1 .\CortexM0\ARM_GCC_493\Debug\motor.o
 .debug_loc     0x00000352      0x157 .\CortexM0\ARM_GCC_493\Debug\pid.o
 .debug_loc     0x000004a9       0x1f .\CortexM0\ARM_GCC_493\Debug\time.o
 .debug_loc     0x000004c8      0x107 .\CortexM0\ARM_GCC_493\Debug\ultrasonic.o
 .debug_loc     0x000005cf       0x60 .\CortexM0\ARM_GCC_493\Debug\utils.o
 .debug_loc     0x0000062f      0x14f .\CortexM0\ARM_GCC_493\Debug\Cm0Start.o
 .debug_loc     0x0000077e      0x136 .\CortexM0\ARM_GCC_493\Debug\board1.a(cyfitter_cfg.o)
 .debug_loc     0x000008b4      0x547 .\CortexM0\ARM_GCC_493\Debug\board1.a(HB25_PWM.o)
 .debug_loc     0x00000dfb       0xa2 .\CortexM0\ARM_GCC_493\Debug\board1.a(HB25_Enable_Pin.o)
 .debug_loc     0x00000e9d       0x7e .\CortexM0\ARM_GCC_493\Debug\board1.a(EZI2C.o)
 .debug_loc     0x00000f1b       0xe1 .\CortexM0\ARM_GCC_493\Debug\board1.a(EZI2C_EZI2C.o)
 .debug_loc     0x00000ffc      0x132 .\CortexM0\ARM_GCC_493\Debug\board1.a(EZI2C_EZI2C_INT.o)
 .debug_loc     0x0000112e      0x47d .\CortexM0\ARM_GCC_493\Debug\board1.a(ADC_Infrared.o)
 .debug_loc     0x000015ab       0xa2 .\CortexM0\ARM_GCC_493\Debug\board1.a(Encoder_Pins.o)
 .debug_loc     0x0000164d       0x82 .\CortexM0\ARM_GCC_493\Debug\board1.a(Encoder_Intr.o)
 .debug_loc     0x000016cf      0x547 .\CortexM0\ARM_GCC_493\Debug\board1.a(HCSR04_Timer.o)
 .debug_loc     0x00001c16       0x82 .\CortexM0\ARM_GCC_493\Debug\board1.a(HCSR04_Timeout_Intr.o)
 .debug_loc     0x00001c98       0x81 .\CortexM0\ARM_GCC_493\Debug\board1.a(HCSR04_Trigger_0.o)
 .debug_loc     0x00001d19       0xa2 .\CortexM0\ARM_GCC_493\Debug\board1.a(HCSR04_Trigger_2.o)
 .debug_loc     0x00001dbb       0xa2 .\CortexM0\ARM_GCC_493\Debug\board1.a(HCSR04_Trigger_3.o)
 .debug_loc     0x00001e5d       0xa2 .\CortexM0\ARM_GCC_493\Debug\board1.a(HCSR04_Trigger_1.o)
 .debug_loc     0x00001eff      0x7be .\CortexM0\ARM_GCC_493\Debug\board1.a(CyLib.o)
 .debug_loc     0x000026bd      0x8af .\CortexM0\ARM_GCC_493\Debug\board1.a(CyLFClk.o)
 .debug_loc     0x00002f6c      0x1b2 .\CortexM0\ARM_GCC_493\Debug\board1.a(UARTCOMMS_UART.o)
 .debug_loc     0x0000311e      0x147 .\CortexM0\ARM_GCC_493\Debug\board1.a(CyFlash.o)
 .debug_loc     0x00003265       0x96 .\CortexM0\ARM_GCC_493\Debug\board1.a(UARTCOMMS_SPI_UART.o)

.debug_macinfo
 *(.debug_macinfo)

.debug_ranges   0x00000000      0xc78
 *(.debug_ranges)
 .debug_ranges  0x00000000       0x10 .\CortexM0\ARM_GCC_493\Debug\main.o
 .debug_ranges  0x00000010       0x10 .\CortexM0\ARM_GCC_493\Debug\boardmain.o
 .debug_ranges  0x00000020       0x20 .\CortexM0\ARM_GCC_493\Debug\control.o
 .debug_ranges  0x00000040       0x18 .\CortexM0\ARM_GCC_493\Debug\debug.o
 .debug_ranges  0x00000058       0x48 .\CortexM0\ARM_GCC_493\Debug\encoder.o
 .debug_ranges  0x000000a0       0x60 .\CortexM0\ARM_GCC_493\Debug\i2c.o
 .debug_ranges  0x00000100       0x28 .\CortexM0\ARM_GCC_493\Debug\infrared.o
 .debug_ranges  0x00000128       0x38 .\CortexM0\ARM_GCC_493\Debug\motor.o
 .debug_ranges  0x00000160       0x28 .\CortexM0\ARM_GCC_493\Debug\pid.o
 .debug_ranges  0x00000188       0x28 .\CortexM0\ARM_GCC_493\Debug\time.o
 .debug_ranges  0x000001b0       0x48 .\CortexM0\ARM_GCC_493\Debug\ultrasonic.o
 .debug_ranges  0x000001f8       0x10 .\CortexM0\ARM_GCC_493\Debug\utils.o
 .debug_ranges  0x00000208       0x38 .\CortexM0\ARM_GCC_493\Debug\Cm0Start.o
 .debug_ranges  0x00000240       0x38 .\CortexM0\ARM_GCC_493\Debug\board1.a(cyfitter_cfg.o)