Archive member included because of file (symbol)

.\CortexM0\ARM_GCC_493\Debug\board1.a(cyfitter_cfg.o)
                              .\CortexM0\ARM_GCC_493\Debug\Cm0Start.o (cyfitter_cfg)
.\CortexM0\ARM_GCC_493\Debug\board1.a(HB25_PWM.o)
                              .\CortexM0\ARM_GCC_493\Debug\motor.o (HB25_PWM_Stop)
.\CortexM0\ARM_GCC_493\Debug\board1.a(HB25_Enable_Pin.o)
                              .\CortexM0\ARM_GCC_493\Debug\motor.o (HB25_Enable_Pin_Write)
.\CortexM0\ARM_GCC_493\Debug\board1.a(EZI2C.o)
                              .\CortexM0\ARM_GCC_493\Debug\i2c.o (EZI2C_Start)
.\CortexM0\ARM_GCC_493\Debug\board1.a(EZI2C_EZI2C.o)
                              .\CortexM0\ARM_GCC_493\Debug\board1.a(EZI2C.o) (EZI2C_EzI2CInit)
.\CortexM0\ARM_GCC_493\Debug\board1.a(EZI2C_EZI2C_INT.o)
                              .\CortexM0\ARM_GCC_493\Debug\board1.a(EZI2C_EZI2C.o) (EZI2C_EZI2C_STRETCH_ISR)
.\CortexM0\ARM_GCC_493\Debug\board1.a(ADC_Infrared.o)
                              .\CortexM0\ARM_GCC_493\Debug\infrared.o (ADC_Infrared_Start)
.\CortexM0\ARM_GCC_493\Debug\board1.a(ADC_Infrared_INT.o)
                              .\CortexM0\ARM_GCC_493\Debug\board1.a(ADC_Infrared.o) (ADC_Infrared_ISR)
.\CortexM0\ARM_GCC_493\Debug\board1.a(Encoder_Pins.o)
                              .\CortexM0\ARM_GCC_493\Debug\encoder.o (Encoder_Pins_Read)
.\CortexM0\ARM_GCC_493\Debug\board1.a(Encoder_Intr.o)
                              .\CortexM0\ARM_GCC_493\Debug\encoder.o (Encoder_Intr_Enable)
.\CortexM0\ARM_GCC_493\Debug\board1.a(HCSR04_Timer.o)
                              .\CortexM0\ARM_GCC_493\Debug\ultrasonic.o (HCSR04_Timer_ReadCounter)
.\CortexM0\ARM_GCC_493\Debug\board1.a(HCSR04_Timeout_Intr.o)
                              .\CortexM0\ARM_GCC_493\Debug\ultrasonic.o (HCSR04_Timeout_Intr_StartEx)
.\CortexM0\ARM_GCC_493\Debug\board1.a(HCSR04_Trigger_0.o)
                              .\CortexM0\ARM_GCC_493\Debug\ultrasonic.o (HCSR04_Trigger_0_Write)
.\CortexM0\ARM_GCC_493\Debug\board1.a(HCSR04_Trigger_2.o)
                              .\CortexM0\ARM_GCC_493\Debug\ultrasonic.o (HCSR04_Trigger_2_Write)
.\CortexM0\ARM_GCC_493\Debug\board1.a(HCSR04_Trigger_3.o)
                              .\CortexM0\ARM_GCC_493\Debug\ultrasonic.o (HCSR04_Trigger_3_Write)
.\CortexM0\ARM_GCC_493\Debug\board1.a(HCSR04_Control.o)
                              .\CortexM0\ARM_GCC_493\Debug\ultrasonic.o (HCSR04_Control_Write)
.\CortexM0\ARM_GCC_493\Debug\board1.a(HCSR04_Trigger_1.o)
                              .\CortexM0\ARM_GCC_493\Debug\ultrasonic.o (HCSR04_Trigger_1_Write)
.\CortexM0\ARM_GCC_493\Debug\board1.a(CyBootAsmGnu.o)
                              .\CortexM0\ARM_GCC_493\Debug\board1.a(HB25_PWM.o) (CyEnterCriticalSection)
.\CortexM0\ARM_GCC_493\Debug\board1.a(CyLib.o)
                              .\CortexM0\ARM_GCC_493\Debug\board1.a(cyfitter_cfg.o) (CyIntEnable)
.\CortexM0\ARM_GCC_493\Debug\board1.a(CyLFClk.o)
                              .\CortexM0\ARM_GCC_493\Debug\board1.a(CyLib.o) (CySysClkWcoEnabled)
.\CortexM0\ARM_GCC_493\Debug\board1.a(UARTCOMMS.o)
                              .\CortexM0\ARM_GCC_493\Debug\debug.o (UARTCOMMS_Start)
.\CortexM0\ARM_GCC_493\Debug\board1.a(UARTCOMMS_UART.o)
                              .\CortexM0\ARM_GCC_493\Debug\board1.a(UARTCOMMS.o) (UARTCOMMS_UartInit)
.\CortexM0\ARM_GCC_493\Debug\board1.a(CyFlash.o)
                              .\CortexM0\ARM_GCC_493\Debug\board1.a(CyLib.o) (CySysFlashSetWaitCycles)
.\CortexM0\ARM_GCC_493\Debug\board1.a(UARTCOMMS_SPI_UART.o)
                              .\CortexM0\ARM_GCC_493\Debug\board1.a(UARTCOMMS_UART.o) (UARTCOMMS_SpiUartReadRxData)
c:/program files (x86)/cypress/psoc creator/3.3/psoc creator/import/gnu/arm/4.9.3/bin/../lib/gcc/arm-none-eabi/4.9.3/../../../../arm-none-eabi/lib/armv6-m\libm.a(lib_a-w_pow.o)
                              .\CortexM0\ARM_GCC_493\Debug\infrared.o (pow)
c:/program files (x86)/cypress/psoc creator/3.3/psoc creator/import/gnu/arm/4.9.3/bin/../lib/gcc/arm-none-eabi/4.9.3/../../../../arm-none-eabi/lib/armv6-m\libm.a(lib_a-e_pow.o)
                              c:/program files (x86)/cypress/psoc creator/3.3/psoc creator/import/gnu/arm/4.9.3/bin/../lib/gcc/arm-none-eabi/4.9.3/../../../../arm-none-eabi/lib/armv6-m\libm.a(lib_a-w_pow.o) (__ieee754_pow)
c:/program files (x86)/cypress/psoc creator/3.3/psoc creator/import/gnu/arm/4.9.3/bin/../lib/gcc/arm-none-eabi/4.9.3/../../../../arm-none-eabi/lib/armv6-m\libm.a(lib_a-e_sqrt.o)
                              c:/program files (x86)/cypress/psoc creator/3.3/psoc creator/import/gnu/arm/4.9.3/bin/../lib/gcc/arm-none-eabi/4.9.3/../../../../arm-none-eabi/lib/armv6-m\libm.a(lib_a-e_pow.o) (__ieee754_sqrt)
c:/program files (x86)/cypress/psoc creator/3.3/psoc creator/import/gnu/arm/4.9.3/bin/../lib/gcc/arm-none-eabi/4.9.3/../../../../arm-none-eabi/lib/armv6-m\libm.a(lib_a-s_fabs.o)
[...]
Memory Configuration

Name             Origin             Length             Attributes
rom              0x00000000         0x00020000         xr
ram              0x20000000         0x00004000         xrw
*default*        0x00000000         0xffffffff

Linker script and memory map

LOAD c:/program files (x86)/cypress/psoc creator/3.3/psoc creator/import/gnu/arm/4.9.3/bin/../lib/gcc/arm-none-eabi/4.9.3/armv6-m/crti.o
LOAD c:/program files (x86)/cypress/psoc creator/3.3/psoc creator/import/gnu/arm/4.9.3/bin/../lib/gcc/arm-none-eabi/4.9.3/armv6-m/crtbegin.o
LOAD c:/program files (x86)/cypress/psoc creator/3.3/psoc creator/import/gnu/arm/4.9.3/bin/../lib/gcc/arm-none-eabi/4.9.3/../../../../arm-none-eabi/lib/armv6-m/crt0.o
START GROUP
LOAD .\CortexM0\ARM_GCC_493\Debug\main.o
LOAD .\CortexM0\ARM_GCC_493\Debug\boardmain.o
LOAD .\CortexM0\ARM_GCC_493\Debug\control.o
LOAD .\CortexM0\ARM_GCC_493\Debug\debug.o
LOAD .\CortexM0\ARM_GCC_493\Debug\encoder.o
LOAD .\CortexM0\ARM_GCC_493\Debug\i2c.o
LOAD .\CortexM0\ARM_GCC_493\Debug\infrared.o
LOAD .\CortexM0\ARM_GCC_493\Debug\motor.o
LOAD .\CortexM0\ARM_GCC_493\Debug\pid.o
LOAD .\CortexM0\ARM_GCC_493\Debug\time.o
LOAD .\CortexM0\ARM_GCC_493\Debug\ultrasonic.o
LOAD .\CortexM0\ARM_GCC_493\Debug\utils.o
LOAD .\CortexM0\ARM_GCC_493\Debug\cymetadata.o
LOAD .\CortexM0\ARM_GCC_493\Debug\Cm0Start.o
LOAD .\CortexM0\ARM_GCC_493\Debug\board1.a
LOAD C:\Program Files (x86)\Cypress\PSoC Creator\3.3\PSoC Creator\psoc\content\cycomponentlibrary\CyComponentLibrary.cylib\CortexM0\ARM_GCC_493\Debug\CyComponentLibrary.a
LOAD c:/program files (x86)/cypress/psoc creator/3.3/psoc creator/import/gnu/arm/4.9.3/bin/../lib/gcc/arm-none-eabi/4.9.3/../../../../arm-none-eabi/lib/armv6-m\libm.a
END GROUP
START GROUP
LOAD c:/program files (x86)/cypress/psoc creator/3.3/psoc creator/import/gnu/arm/4.9.3/bin/../lib/gcc/arm-none-eabi/4.9.3/armv6-m\libgcc.a
LOAD c:/program files (x86)/cypress/psoc creator/3.3/psoc creator/import/gnu/arm/4.9.3/bin/../lib/gcc/arm-none-eabi/4.9.3/../../../../arm-none-eabi/lib/armv6-m\libg_nano.a
LOAD c:/program files (x86)/cypress/psoc creator/3.3/psoc creator/import/gnu/arm/4.9.3/bin/../lib/gcc/arm-none-eabi/4.9.3/../../../../arm-none-eabi/lib/armv6-m\libc_nano.a
END GROUP
START GROUP
LOAD c:/program files (x86)/cypress/psoc creator/3.3/psoc creator/import/gnu/arm/4.9.3/bin/../lib/gcc/arm-none-eabi/4.9.3/armv6-m\libgcc.a
LOAD c:/program files (x86)/cypress/psoc creator/3.3/psoc creator/import/gnu/arm/4.9.3/bin/../lib/gcc/arm-none-eabi/4.9.3/../../../../arm-none-eabi/lib/armv6-m\libc_nano.a
END GROUP
LOAD c:/program files (x86)/cypress/psoc creator/3.3/psoc creator/import/gnu/arm/4.9.3/bin/../lib/gcc/arm-none-eabi/4.9.3/armv6-m/crtend.o
LOAD c:/program files (x86)/cypress/psoc creator/3.3/psoc creator/import/gnu/arm/4.9.3/bin/../lib/gcc/arm-none-eabi/4.9.3/armv6-m/crtn.o
START GROUP
LOAD c:/program files (x86)/cypress/psoc creator/3.3/psoc creator/import/gnu/arm/4.9.3/bin/../lib/gcc/arm-none-eabi/4.9.3/armv6-m\libgcc.a
LOAD c:/program files (x86)/cypress/psoc creator/3.3/psoc creator/import/gnu/arm/4.9.3/bin/../lib/gcc/arm-none-eabi/4.9.3/../../../../arm-none-eabi/lib/armv6-m\libc.a
LOAD c:/program files (x86)/cypress/psoc creator/3.3/psoc creator/import/gnu/arm/4.9.3/bin/../lib/gcc/arm-none-eabi/4.9.3/../../../../arm-none-eabi/lib/armv6-m\libnosys.a
END GROUP
                0x00000000                CY_APPL_ORIGIN = 0x0
                0x00000080                CY_FLASH_ROW_SIZE = 0x80
                0x00000001                CY_APPL_NUM = 0x1
                0x00000001                CY_APPL_MAX = 0x1
                0x00000040                CY_METADATA_SIZE = 0x40
                0x00000000                CY_APPL_LOADABLE = 0x0
                0x00000000                CY_CHECKSUM_EXCLUDE_SIZE = ALIGN (0x0, CY_FLASH_ROW_SIZE)
                0x00000000                CY_APP_FOR_STACK_AND_COPIER = 0x0
                0x20000390                PROVIDE (__cy_heap_start, _end)
                0x00000001                PROVIDE (__cy_region_num, ((__cy_regions_end - __cy_regions) / 0x10))
                0x20004000                PROVIDE (__cy_stack, (ORIGIN (ram) + 0x4000))
                0x20003800                PROVIDE (__cy_heap_end, (__cy_stack - 0x800))

.cybootloader   0x00000000        0x0
 *(.cybootloader)
                0x00000000                appl1_start = CY_APPL_ORIGIN?CY_APPL_ORIGIN:ALIGN (CY_FLASH_ROW_SIZE)
                0x0000ff80                appl2_start = (appl1_start + ALIGN ((((0x20000 - appl1_start) - (0x2 * CY_FLASH_ROW_SIZE)) / 0x2), CY_FLASH_ROW_SIZE))
                0x00000000                appl_start = (CY_APPL_NUM == 0x1)?appl1_start:appl2_start
                0x00000001                cy_project_type_bootloader = (appl_start == 0x0)?0x1:0x0
                0x00000000                cy_project_type_app_for_stack_and_copier = (CY_APP_FOR_STACK_AND_COPIER == 0x1)?0x1:0x0

.text           0x00000000     0x6032
 CREATE_OBJECT_SYMBOLS
                0x00000000                PROVIDE (__cy_interrupt_vector, RomVectors)
 *(.romvectors)
 .romvectors    0x00000000       0x10 .\CortexM0\ARM_GCC_493\Debug\Cm0Start.o
                0x00000000                RomVectors
                0x00000001                ASSERT ((. != __cy_interrupt_vector), No interrupt vector)
                0x00000001                ASSERT (CY_APPL_ORIGIN?(SIZEOF (.cybootloader) <= CY_APPL_ORIGIN):0x1, Wrong image location)
                0x00000010                PROVIDE (__cy_reset, Reset)
 *(.text.Reset)
 .text.Reset    0x00000010        0x8 .\CortexM0\ARM_GCC_493\Debug\Cm0Start.o
                0x00000010                Reset
                0x00000001                ASSERT ((. != __cy_reset), No reset code)
 *(.psocinit)
 .psocinit      0x00000018      0x274 .\CortexM0\ARM_GCC_493\Debug\board1.a(cyfitter_cfg.o)
                0x00000104                cyfitter_cfg
                0x0000028c                . = MAX (., 0x100)
 *(.text .text.* .gnu.linkonce.t.*)
 .text          0x0000028c       0x60 c:/program files (x86)/cypress/psoc creator/3.3/psoc creator/import/gnu/arm/4.9.3/bin/../lib/gcc/arm-none-eabi/4.9.3/armv6-m/crtbegin.o
 .text.main     0x000002ec        0xc .\CortexM0\ARM_GCC_493\Debug\main.o
                0x000002ec                main
 .text.Board_Main
                0x000002f8       0xc8 .\CortexM0\ARM_GCC_493\Debug\boardmain.o
                0x000002f8                Board_Main
 .text.Control_Init
                0x000003c0       0x10 .\CortexM0\ARM_GCC_493\Debug\control.o
                0x000003c0                Control_Init
 .text.Control_Start
                0x000003d0        0x8 .\CortexM0\ARM_GCC_493\Debug\control.o
                0x000003d0                Control_Start
 .text.Control_Update
                0x000003d8       0x34 .\CortexM0\ARM_GCC_493\Debug\control.o
                0x000003d8                Control_Update
 .text.Debug_Init
                0x0000040c       0x14 .\CortexM0\ARM_GCC_493\Debug\debug.o
                0x0000040c                Debug_Init
 .text.Debug_Start
                0x00000420        0x8 .\CortexM0\ARM_GCC_493\Debug\debug.o
                0x00000420                Debug_Start
 .text.CalcCount
                0x00000428       0x28 .\CortexM0\ARM_GCC_493\Debug\encoder.o
 .text.Encoder_Interrupt_Handler
                0x00000450       0x30 .\CortexM0\ARM_GCC_493\Debug\encoder.o
                0x00000450                Encoder_Interrupt_Handler
 .text.Encoder_Init
                0x00000480       0x14 .\CortexM0\ARM_GCC_493\Debug\encoder.o
                0x00000480                Encoder_Init
 .text.Encoder_Start
                0x00000494       0x10 .\CortexM0\ARM_GCC_493\Debug\encoder.o
                0x00000494                Encoder_Start
 .text.Encoder_GetVelocity
                0x000004a4        0xc .\CortexM0\ARM_GCC_493\Debug\encoder.o
                0x000004a4                Encoder_GetVelocity
 .text.Encoder_GetCount
                0x000004b0        0xc .\CortexM0\ARM_GCC_493\Debug\encoder.o
                0x000004b0                Encoder_GetCount
 .text.Encoder_Update
                0x000004bc       0x40 .\CortexM0\ARM_GCC_493\Debug\encoder.o
                0x000004bc                Encoder_Update
 .text.I2c_Init
                0x000004fc       0x18 .\CortexM0\ARM_GCC_493\Debug\i2c.o
                0x000004fc                I2c_Init
 .text.I2c_Start
                0x00000514       0x1c .\CortexM0\ARM_GCC_493\Debug\i2c.o
                0x00000514                I2c_Start
 .text.I2c_ReadControl
                0x00000530       0x10 .\CortexM0\ARM_GCC_493\Debug\i2c.o
                0x00000530                I2c_ReadControl
 .text.I2c_ReadVelocity
                0x00000540       0x14 .\CortexM0\ARM_GCC_493\Debug\i2c.o
                0x00000540                I2c_ReadVelocity
 .text.I2c_WriteCount
                0x00000554       0x18 .\CortexM0\ARM_GCC_493\Debug\i2c.o
                0x00000554                I2c_WriteCount
 .text.I2c_WriteVelocity
                0x0000056c       0x10 .\CortexM0\ARM_GCC_493\Debug\i2c.o
                0x0000056c                I2c_WriteVelocity
 .text.I2c_WriteUltrasonicDistance
                0x0000057c       0x1c .\CortexM0\ARM_GCC_493\Debug\i2c.o
                0x0000057c                I2c_WriteUltrasonicDistance
 .text.Infrared_Measure
                0x00000598       0xa8 .\CortexM0\ARM_GCC_493\Debug\infrared.o
                0x00000598                Infrared_Measure
 .text.CalculateCompare
                0x00000640       0x5c .\CortexM0\ARM_GCC_493\Debug\motor.o
 .text.Motor_Init
                0x0000069c        0xc .\CortexM0\ARM_GCC_493\Debug\motor.o
                0x0000069c                Motor_Init
 .text.Motor_Start
                0x000006a8       0x10 .\CortexM0\ARM_GCC_493\Debug\motor.o
                0x000006a8                Motor_Start
 .text.Motor_SetOutput
                0x000006b8        0xc .\CortexM0\ARM_GCC_493\Debug\motor.o
                0x000006b8                Motor_SetOutput
 .text.Motor_Stop
                0x000006c4       0x10 .\CortexM0\ARM_GCC_493\Debug\motor.o
                0x000006c4                Motor_Stop
 .text.Calculate
                0x000006d4      0x13c .\CortexM0\ARM_GCC_493\Debug\pid.o
 .text.PID_Update
                0x00000810       0x30 .\CortexM0\ARM_GCC_493\Debug\pid.o
                0x00000810                PID_Update
 .text.SysTickIsrHandler
                0x00000840       0x10 .\CortexM0\ARM_GCC_493\Debug\time.o
 .text.Time_Init
                0x00000850        0xc .\CortexM0\ARM_GCC_493\Debug\time.o
                0x00000850                Time_Init
 .text.Time_Start
                0x0000085c       0x34 .\CortexM0\ARM_GCC_493\Debug\time.o
                0x0000085c                Time_Start
 .text.millis   0x00000890        0xc .\CortexM0\ARM_GCC_493\Debug\time.o
                0x00000890                millis
 .text.WaitForPulseIn
                0x0000089c       0x2c .\CortexM0\ARM_GCC_493\Debug\ultrasonic.o
 .text.PulseOut
                0x000008c8       0x24 .\CortexM0\ARM_GCC_493\Debug\ultrasonic.o
 .text.CalcDistance
                0x000008ec       0x54 .\CortexM0\ARM_GCC_493\Debug\ultrasonic.o
 .text.Ultrasonic_Measure
                0x00000940       0xa0 .\CortexM0\ARM_GCC_493\Debug\ultrasonic.o
                0x00000940                Ultrasonic_Measure
 .text.MovingAverage
                0x000009e0       0x20 .\CortexM0\ARM_GCC_493\Debug\utils.o
                0x000009e0                MovingAverage
 .text.IntDefaultHandler
                0x00000a00        0x4 .\CortexM0\ARM_GCC_493\Debug\Cm0Start.o
                0x00000a00                IntDefaultHandler
 .text._sbrk    0x00000a04       0x30 .\CortexM0\ARM_GCC_493\Debug\Cm0Start.o
                0x00000a04                _sbrk
 .text.Start_c  0x00000a34       0x48 .\CortexM0\ARM_GCC_493\Debug\Cm0Start.o
                0x00000a34                Start_c
 .text.initialize_psoc
                0x00000a7c       0x54 .\CortexM0\ARM_GCC_493\Debug\Cm0Start.o
                0x00000a7c                initialize_psoc
 .text.cfg_write_bytes32
                0x00000ad0       0x34 .\CortexM0\ARM_GCC_493\Debug\board1.a(cyfitter_cfg.o)
 .text.AnalogSetDefault
                0x00000b04       0x3c .\CortexM0\ARM_GCC_493\Debug\board1.a(cyfitter_cfg.o)
 .text.CYMEMZERO
                0x00000b40        0xc .\CortexM0\ARM_GCC_493\Debug\board1.a(cyfitter_cfg.o)
 .text.HB25_PWM_Stop
                0x00000b4c       0x1c .\CortexM0\ARM_GCC_493\Debug\board1.a(HB25_PWM.o)
                0x00000b4c                HB25_PWM_Stop
 .text.HB25_PWM_WriteCounter
                0x00000b68       0x10 .\CortexM0\ARM_GCC_493\Debug\board1.a(HB25_PWM.o)
                0x00000b68                HB25_PWM_WriteCounter
 .text.HB25_PWM_WritePeriod
                0x00000b78       0x10 .\CortexM0\ARM_GCC_493\Debug\board1.a(HB25_PWM.o)
                0x00000b78                HB25_PWM_WritePeriod
 .text.HB25_PWM_WriteCompare
                0x00000b88       0x10 .\CortexM0\ARM_GCC_493\Debug\board1.a(HB25_PWM.o)
                0x00000b88                HB25_PWM_WriteCompare
 .text.HB25_PWM_TriggerCommand
                0x00000b98       0x1c .\CortexM0\ARM_GCC_493\Debug\board1.a(HB25_PWM.o)
                0x00000b98                HB25_PWM_TriggerCommand
 .text.HB25_PWM_Enable
                0x00000bb4       0x24 .\CortexM0\ARM_GCC_493\Debug\board1.a(HB25_PWM.o)
                0x00000bb4                HB25_PWM_Enable
 .text.HB25_PWM_SetInterruptMode
                0x00000bd8        0xc .\CortexM0\ARM_GCC_493\Debug\board1.a(HB25_PWM.o)
                0x00000bd8                HB25_PWM_SetInterruptMode
 .text.HB25_PWM_Init
                0x00000be4       0x4c .\CortexM0\ARM_GCC_493\Debug\board1.a(HB25_PWM.o)
                0x00000be4                HB25_PWM_Init
 .text.HB25_PWM_Start
                0x00000c30       0x20 .\CortexM0\ARM_GCC_493\Debug\board1.a(HB25_PWM.o)
                0x00000c30                HB25_PWM_Start
 .text.HB25_Enable_Pin_Write
                0x00000c50       0x18 .\CortexM0\ARM_GCC_493\Debug\board1.a(HB25_Enable_Pin.o)
                0x00000c50                HB25_Enable_Pin_Write
 .text.EZI2C_ScbEnableIntr
                0x00000c68        0xc .\CortexM0\ARM_GCC_493\Debug\board1.a(EZI2C.o)
 .text.EZI2C_Init
                0x00000c74        0x8 .\CortexM0\ARM_GCC_493\Debug\board1.a(EZI2C.o)
                0x00000c74                EZI2C_Init
 .text.EZI2C_Enable
                0x00000c7c       0x18 .\CortexM0\ARM_GCC_493\Debug\board1.a(EZI2C.o)
                0x00000c7c                EZI2C_Enable
 .text.EZI2C_Start
                0x00000c94       0x20 .\CortexM0\ARM_GCC_493\Debug\board1.a(EZI2C.o)
                0x00000c94                EZI2C_Start
 .text.EZI2C_EzI2CInit
                0x00000cb4       0xc0 .\CortexM0\ARM_GCC_493\Debug\board1.a(EZI2C_EZI2C.o)
                0x00000cb4                EZI2C_EzI2CInit
 .text.EZI2C_EzI2CSetAddress1
                0x00000d74       0x18 .\CortexM0\ARM_GCC_493\Debug\board1.a(EZI2C_EZI2C.o)
                0x00000d74                EZI2C_EzI2CSetAddress1
 .text.EZI2C_EzI2CSetBuffer1
                0x00000d8c       0x30 .\CortexM0\ARM_GCC_493\Debug\board1.a(EZI2C_EZI2C.o)
                0x00000d8c                EZI2C_EzI2CSetBuffer1
 .text.EZI2C_EZI2C_STRETCH_ISR
                0x00000dbc      0x324 .\CortexM0\ARM_GCC_493\Debug\board1.a(EZI2C_EZI2C_INT.o)
                0x00000dbc                EZI2C_EZI2C_STRETCH_ISR
 .text.ADC_Infrared_StartConvert
                0x000010e0       0x14 .\CortexM0\ARM_GCC_493\Debug\board1.a(ADC_Infrared.o)
                0x000010e0                ADC_Infrared_StartConvert
 .text.ADC_Infrared_IsEndConversion
                0x000010f4       0x28 .\CortexM0\ARM_GCC_493\Debug\board1.a(ADC_Infrared.o)
                0x000010f4                ADC_Infrared_IsEndConversion
 .text.ADC_Infrared_GetResult16
                0x0000111c       0x2c .\CortexM0\ARM_GCC_493\Debug\board1.a(ADC_Infrared.o)
                0x0000111c                ADC_Infrared_GetResult16
 .text.Encoder_Pins_Read
                0x00001148       0x10 .\CortexM0\ARM_GCC_493\Debug\board1.a(Encoder_Pins.o)
                0x00001148                Encoder_Pins_Read
 .text.Encoder_Pins_ClearInterrupt
                0x00001158       0x14 .\CortexM0\ARM_GCC_493\Debug\board1.a(Encoder_Pins.o)
                0x00001158                Encoder_Pins_ClearInterrupt
 .text.Encoder_Intr_SetVector
                0x0000116c        0xc .\CortexM0\ARM_GCC_493\Debug\board1.a(Encoder_Intr.o)
                0x0000116c                Encoder_Intr_SetVector
 .text.Encoder_Intr_SetPriority
                0x00001178       0x20 .\CortexM0\ARM_GCC_493\Debug\board1.a(Encoder_Intr.o)
                0x00001178                Encoder_Intr_SetPriority
 .text.Encoder_Intr_Enable
                0x00001198        0xc .\CortexM0\ARM_GCC_493\Debug\board1.a(Encoder_Intr.o)
                0x00001198                Encoder_Intr_Enable
 .text.Encoder_Intr_Disable
                0x000011a4        0xc .\CortexM0\ARM_GCC_493\Debug\board1.a(Encoder_Intr.o)
                0x000011a4                Encoder_Intr_Disable
 .text.Encoder_Intr_StartEx
                0x000011b0       0x1c .\CortexM0\ARM_GCC_493\Debug\board1.a(Encoder_Intr.o)
                0x000011b0                Encoder_Intr_StartEx
 .text.HCSR04_Trigger_0_Write
                0x000011cc       0x18 .\CortexM0\ARM_GCC_493\Debug\board1.a(HCSR04_Trigger_0.o)
                0x000011cc                HCSR04_Trigger_0_Write
 .text.HCSR04_Trigger_2_Write
                0x000011e4       0x18 .\CortexM0\ARM_GCC_493\Debug\board1.a(HCSR04_Trigger_2.o)
                0x000011e4                HCSR04_Trigger_2_Write
 .text.HCSR04_Trigger_3_Write
                0x000011fc       0x18 .\CortexM0\ARM_GCC_493\Debug\board1.a(HCSR04_Trigger_3.o)
                0x000011fc                HCSR04_Trigger_3_Write
 .text.HCSR04_Control_Write
                0x00001214        0xc .\CortexM0\ARM_GCC_493\Debug\board1.a(HCSR04_Control.o)
                0x00001214                HCSR04_Control_Write
 .text.HCSR04_Trigger_1_Write
                0x00001220       0x18 .\CortexM0\ARM_GCC_493\Debug\board1.a(HCSR04_Trigger_1.o)
                0x00001220                HCSR04_Trigger_1_Write
 .text          0x00001238       0x20 .\CortexM0\ARM_GCC_493\Debug\board1.a(CyBootAsmGnu.o)
                0x00001238                CyDelayCycles
                0x0000124a                CyEnterCriticalSection
                0x00001252                CyExitCriticalSection
 .text.CySysClkImoDisableWcoLock
                0x00001258       0x14 .\CortexM0\ARM_GCC_493\Debug\board1.a(CyLib.o)
                0x00001258                CySysClkImoDisableWcoLock
 .text.CySysClkImoGetWcoLock
                0x0000126c       0x14 .\CortexM0\ARM_GCC_493\Debug\board1.a(CyLib.o)
                0x0000126c                CySysClkImoGetWcoLock
 .text.CyIntEnable
                0x00001280       0x14 .\CortexM0\ARM_GCC_493\Debug\board1.a(CyLib.o)
                0x00001280                CyIntEnable
 .text.CyIntDisable
                0x00001294       0x14 .\CortexM0\ARM_GCC_493\Debug\board1.a(CyLib.o)
                0x00001294                CyIntDisable
 .text.CyHalt   0x000012a8        0x4 .\CortexM0\ARM_GCC_493\Debug\board1.a(CyLib.o)
                0x000012a8                CyHalt
 .text.CyIntSetSysVector
                0x000012ac       0x20 .\CortexM0\ARM_GCC_493\Debug\board1.a(CyLib.o)
                0x000012ac                CyIntSetSysVector
 .text.CyIntSetVector
                0x000012cc       0x24 .\CortexM0\ARM_GCC_493\Debug\board1.a(CyLib.o)
                0x000012cc                CyIntSetVector
 .text.CyIntSetPriority
                0x000012f0       0x4c .\CortexM0\ARM_GCC_493\Debug\board1.a(CyLib.o)
                0x000012f0                CyIntSetPriority
 .text.CyDelay  0x0000133c       0x30 .\CortexM0\ARM_GCC_493\Debug\board1.a(CyLib.o)
                0x0000133c                CyDelay
 .text.CySysClkImoEnableWcoLock
                0x0000136c       0xe8 .\CortexM0\ARM_GCC_493\Debug\board1.a(CyLib.o)
                0x0000136c                CySysClkImoEnableWcoLock
 .text.CySysClkWriteImoFreq
                0x00001454       0x80 .\CortexM0\ARM_GCC_493\Debug\board1.a(CyLib.o)
                0x00001454                CySysClkWriteImoFreq
 .text.CyDelayUs
                0x000014d4       0x14 .\CortexM0\ARM_GCC_493\Debug\board1.a(CyLib.o)
                0x000014d4                CyDelayUs
 .text.CySysTickEnableInterrupt
                0x000014e8       0x10 .\CortexM0\ARM_GCC_493\Debug\board1.a(CyLib.o)
                0x000014e8                CySysTickEnableInterrupt
 .text.CySysTickEnable
                0x000014f8       0x18 .\CortexM0\ARM_GCC_493\Debug\board1.a(CyLib.o)
                0x000014f8                CySysTickEnable
 .text.CySysTickSetReload
                0x00001510       0x10 .\CortexM0\ARM_GCC_493\Debug\board1.a(CyLib.o)
                0x00001510                CySysTickSetReload
 .text.CySysTickSetClockSource
                0x00001520       0x20 .\CortexM0\ARM_GCC_493\Debug\board1.a(CyLib.o)
                0x00001520                CySysTickSetClockSource
 .text.CySysTickGetCountFlag
                0x00001540       0x10 .\CortexM0\ARM_GCC_493\Debug\board1.a(CyLib.o)
                0x00001540                CySysTickGetCountFlag
 .text.CySysTickServiceCallbacks
                0x00001550       0x28 .\CortexM0\ARM_GCC_493\Debug\board1.a(CyLib.o)
 .text.CySysTickClear
                0x00001578        0xc .\CortexM0\ARM_GCC_493\Debug\board1.a(CyLib.o)
                0x00001578                CySysTickClear
 .text.CySysTickInit
                0x00001584       0x4c .\CortexM0\ARM_GCC_493\Debug\board1.a(CyLib.o)
                0x00001584                CySysTickInit
 .text.CySysTickStart
                0x000015d0       0x20 .\CortexM0\ARM_GCC_493\Debug\board1.a(CyLib.o)
                0x000015d0                CySysTickStart
 .text.CySysTickSetCallback
                0x000015f0       0x10 .\CortexM0\ARM_GCC_493\Debug\board1.a(CyLib.o)
                0x000015f0                CySysTickSetCallback
 .text.CySysTickGetCallback
                0x00001600        0xc .\CortexM0\ARM_GCC_493\Debug\board1.a(CyLib.o)
                0x00001600                CySysTickGetCallback
 .text.CySysWdtLocked
                0x0000160c       0x14 .\CortexM0\ARM_GCC_493\Debug\board1.a(CyLFClk.o)
 .text.CySysClkWcoEnabled
                0x00001620       0x14 .\CortexM0\ARM_GCC_493\Debug\board1.a(CyLFClk.o)
                0x00001620                CySysClkWcoEnabled
 .text.CySysWdtLock
                0x00001634       0x1c .\CortexM0\ARM_GCC_493\Debug\board1.a(CyLFClk.o)
                0x00001634                CySysWdtLock
 .text.CySysWdtUnlock
                0x00001650       0x30 .\CortexM0\ARM_GCC_493\Debug\board1.a(CyLFClk.o)
                0x00001650                CySysWdtUnlock
 .text.CySysWdtClearInterrupt
                0x00001680       0x4c .\CortexM0\ARM_GCC_493\Debug\board1.a(CyLFClk.o)
                0x00001680                CySysWdtClearInterrupt
 .text.CySysWdtIsr
                0x000016cc       0xa4 .\CortexM0\ARM_GCC_493\Debug\board1.a(CyLFClk.o)
                0x000016cc                CySysWdtIsr
 .text.UARTCOMMS_ScbModePostEnable
                0x00001770        0x8 .\CortexM0\ARM_GCC_493\Debug\board1.a(UARTCOMMS.o)
 .text.UARTCOMMS_Init
                0x00001778        0x8 .\CortexM0\ARM_GCC_493\Debug\board1.a(UARTCOMMS.o)
                0x00001778                UARTCOMMS_Init
 .text.UARTCOMMS_Enable
                0x00001780       0x18 .\CortexM0\ARM_GCC_493\Debug\board1.a(UARTCOMMS.o)
                0x00001780                UARTCOMMS_Enable
 .text.UARTCOMMS_Start
                0x00001798       0x20 .\CortexM0\ARM_GCC_493\Debug\board1.a(UARTCOMMS.o)
                0x00001798                UARTCOMMS_Start
 .text.UARTCOMMS_UartInit
                0x000017b8       0x98 .\CortexM0\ARM_GCC_493\Debug\board1.a(UARTCOMMS_UART.o)
                0x000017b8                UARTCOMMS_UartInit
 .text.UARTCOMMS_UartPostEnable
                0x00001850       0x14 .\CortexM0\ARM_GCC_493\Debug\board1.a(UARTCOMMS_UART.o)
                0x00001850                UARTCOMMS_UartPostEnable
 .text.UARTCOMMS_UartPutString
                0x00001864       0x18 .\CortexM0\ARM_GCC_493\Debug\board1.a(UARTCOMMS_UART.o)
                0x00001864                UARTCOMMS_UartPutString
 .text.CySysFlashSetWaitCycles
                0x0000187c       0x54 .\CortexM0\ARM_GCC_493\Debug\board1.a(CyFlash.o)
                0x0000187c                CySysFlashSetWaitCycles
 .text.UARTCOMMS_SpiUartWriteTxData
                0x000018d0       0x1c .\CortexM0\ARM_GCC_493\Debug\board1.a(UARTCOMMS_SPI_UART.o)
                0x000018d0                UARTCOMMS_SpiUartWriteTxData
 .text.pow      0x000018ec      0x35c c:/program files (x86)/cypress/psoc creator/3.3/psoc creator/import/gnu/arm/4.9.3/bin/../lib/gcc/arm-none-eabi/4.9.3/../../../../arm-none-eabi/lib/armv6-m\libm.a(lib_a-w_pow.o)
                0x000018ec                pow
 .text.__ieee754_pow
                0x00001c48      0xa8c c:/program files (x86)/cypress/psoc creator/3.3/psoc creator/import/gnu/arm/4.9.3/bin/../lib/gcc/arm-none-eabi/4.9.3/../../../../arm-none-eabi/lib/armv6-m\libm.a(lib_a-e_pow.o)
                0x00001c48                __ieee754_pow
 .text.__ieee754_sqrt
                0x000026d4      0x1ec c:/program files (x86)/cypress/psoc creator/3.3/psoc creator/import/gnu/arm/4.9.3/bin/../lib/gcc/arm-none-eabi/4.9.3/../../../../arm-none-eabi/lib/armv6-m\libm.a(lib_a-e_sqrt.o)
                0x000026d4                __ieee754_sqrt
 .text.fabs     0x000028c0        0x8 c:/program files (x86)/cypress/psoc creator/3.3/psoc creator/import/gnu/arm/4.9.3/bin/../lib/gcc/arm-none-eabi/4.9.3/../../../../arm-none-eabi/lib/armv6-m\libm.a(lib_a-s_fabs.o)
                0x000028c0                fabs
 .text.finite   0x000028c8       0x14 c:/program files (x86)/cypress/psoc creator/3.3/psoc creator/import/gnu/arm/4.9.3/bin/../lib/gcc/arm-none-eabi/4.9.3/../../../../arm-none-eabi/lib/armv6-m\libm.a(lib_a-s_finite.o)
                0x000028c8                finite
 .text.__fpclassifyd
                0x000028dc       0x5c c:/program files (x86)/cypress/psoc creator/3.3/psoc creator/import/gnu/arm/4.9.3/bin/../lib/gcc/arm-none-eabi/4.9.3/../../../../arm-none-eabi/lib/armv6-m\libm.a(lib_a-s_fpclassify.o)
                0x000028dc                __fpclassifyd
 .text.matherr  0x00002938        0x4 c:/program files (x86)/cypress/psoc creator/3.3/psoc creator/import/gnu/arm/4.9.3/bin/../lib/gcc/arm-none-eabi/4.9.3/../../../../arm-none-eabi/lib/armv6-m\libm.a(lib_a-s_matherr.o)
                0x00002938                matherr
 .text.nan      0x0000293c        0xc c:/program files (x86)/cypress/psoc creator/3.3/psoc creator/import/gnu/arm/4.9.3/bin/../lib/gcc/arm-none-eabi/4.9.3/../../../../arm-none-eabi/lib/armv6-m\libm.a(lib_a-s_nan.o)
                0x0000293c                nan
 .text.rint     0x00002948      0x144 c:/program files (x86)/cypress/psoc creator/3.3/psoc creator/import/gnu/arm/4.9.3/bin/../lib/gcc/arm-none-eabi/4.9.3/../../../../arm-none-eabi/lib/armv6-m\libm.a(lib_a-s_rint.o)
                0x00002948                rint
 .text.scalbn   0x00002a8c       0xf8 c:/program files (x86)/cypress/psoc creator/3.3/psoc creator/import/gnu/arm/4.9.3/bin/../lib/gcc/arm-none-eabi/4.9.3/../../../../arm-none-eabi/lib/armv6-m\libm.a(lib_a-s_scalbn.o)
                0x00002a8c                scalbn
 .text.copysign
                0x00002b84       0x10 c:/program files (x86)/cypress/psoc creator/3.3/psoc creator/import/gnu/arm/4.9.3/bin/../lib/gcc/arm-none-eabi/4.9.3/../../../../arm-none-eabi/lib/armv6-m\libm.a(lib_a-s_copysign.o)
                0x00002b84                copysign
 .text          0x00002b94      0x120 c:/program files (x86)/cypress/psoc creator/3.3/psoc creator/import/gnu/arm/4.9.3/bin/../lib/gcc/arm-none-eabi/4.9.3/armv6-m\libgcc.a(_udivsi3.o)
                0x00002b94                __aeabi_uidiv
                0x00002b94                __udivsi3
                0x00002ca0                __aeabi_uidivmod
 .text          0x00002cb4      0x1e0 c:/program files (x86)/cypress/psoc creator/3.3/psoc creator/import/gnu/arm/4.9.3/bin/../lib/gcc/arm-none-eabi/4.9.3/armv6-m\libgcc.a(_divsi3.o)
                0x00002cb4                __divsi3
                0x00002cb4                __aeabi_idiv
                0x00002e80                __aeabi_idivmod
 .text          0x00002e94        0x4 c:/program files (x86)/cypress/psoc creator/3.3/psoc creator/import/gnu/arm/4.9.3/bin/../lib/gcc/arm-none-eabi/4.9.3/armv6-m\libgcc.a(_dvmd_tls.o)
                0x00002e94                __aeabi_idiv0
                0x00002e94                __aeabi_ldiv0
 .text          0x00002e98       0x7c c:/program files (x86)/cypress/psoc creator/3.3/psoc creator/import/gnu/arm/4.9.3/bin/../lib/gcc/arm-none-eabi/4.9.3/armv6-m\libgcc.a(_arm_cmpdf2.o)
                0x00002e98                __aeabi_cdrcmple
                0x00002ea8                __aeabi_cdcmple
                0x00002ea8                __aeabi_cdcmpeq
                0x00002eb8                __aeabi_dcmpeq
                0x00002ec4                __aeabi_dcmplt
                0x00002ed8                __aeabi_dcmple
                0x00002eec                __aeabi_dcmpgt
                0x00002f00                __aeabi_dcmpge
 .text          0x00002f14       0x74 c:/program files (x86)/cypress/psoc creator/3.3/psoc creator/import/gnu/arm/4.9.3/bin/../lib/gcc/arm-none-eabi/4.9.3/armv6-m\libgcc.a(_arm_cmpsf2.o)
                0x00002f14                __aeabi_cfrcmple
                0x00002f1c                __aeabi_cfcmpeq
                0x00002f1c                __aeabi_cfcmple
                0x00002f2c                __aeabi_fcmpeq
                0x00002f38                __aeabi_fcmplt
                0x00002f4c                __aeabi_fcmple
                0x00002f60                __aeabi_fcmpgt
                0x00002f74                __aeabi_fcmpge
 .text          0x00002f88      0x2f8 c:/program files (x86)/cypress/psoc creator/3.3/psoc creator/import/gnu/arm/4.9.3/bin/../lib/gcc/arm-none-eabi/4.9.3/armv6-m\libgcc.a(addsf3.o)
                0x00002f88                __aeabi_fadd
 .text          0x00003280       0x54 c:/program files (x86)/cypress/psoc creator/3.3/psoc creator/import/gnu/arm/4.9.3/bin/../lib/gcc/arm-none-eabi/4.9.3/armv6-m\libgcc.a(eqsf2.o)
                0x00003280                __eqsf2
                0x00003280                __nesf2
 .text          0x000032d4       0x94 c:/program files (x86)/cypress/psoc creator/3.3/psoc creator/import/gnu/arm/4.9.3/bin/../lib/gcc/arm-none-eabi/4.9.3/armv6-m\libgcc.a(gesf2.o)
                0x000032d4                __gesf2
                0x000032d4                __gtsf2
 .text          0x00003368       0x8c c:/program files (x86)/cypress/psoc creator/3.3/psoc creator/import/gnu/arm/4.9.3/bin/../lib/gcc/arm-none-eabi/4.9.3/armv6-m\libgcc.a(lesf2.o)
                0x00003368                __ltsf2
                0x00003368                __lesf2
 .text          0x000033f4      0x264 c:/program files (x86)/cypress/psoc creator/3.3/psoc creator/import/gnu/arm/4.9.3/bin/../lib/gcc/arm-none-eabi/4.9.3/armv6-m\libgcc.a(mulsf3.o)
                0x000033f4                __aeabi_fmul
 .text          0x00003658      0x2fc c:/program files (x86)/cypress/psoc creator/3.3/psoc creator/import/gnu/arm/4.9.3/bin/../lib/gcc/arm-none-eabi/4.9.3/armv6-m\libgcc.a(subsf3.o)
                0x00003658                __aeabi_fsub
 .text          0x00003954       0x40 c:/program files (x86)/cypress/psoc creator/3.3/psoc creator/import/gnu/arm/4.9.3/bin/../lib/gcc/arm-none-eabi/4.9.3/armv6-m\libgcc.a(fixsfsi.o)
                0x00003954                __aeabi_f2iz
 .text          0x00003994       0x90 c:/program files (x86)/cypress/psoc creator/3.3/psoc creator/import/gnu/arm/4.9.3/bin/../lib/gcc/arm-none-eabi/4.9.3/armv6-m\libgcc.a(floatsisf.o)
                0x00003994                __aeabi_i2f
 .text          0x00003a24      0x650 c:/program files (x86)/cypress/psoc creator/3.3/psoc creator/import/gnu/arm/4.9.3/bin/../lib/gcc/arm-none-eabi/4.9.3/armv6-m\libgcc.a(adddf3.o)
                0x00003a24                __aeabi_dadd
 .text          0x00004074      0x648 c:/program files (x86)/cypress/psoc creator/3.3/psoc creator/import/gnu/arm/4.9.3/bin/../lib/gcc/arm-none-eabi/4.9.3/armv6-m\libgcc.a(divdf3.o)
                0x00004074                __aeabi_ddiv
 .text          0x000046bc       0x88 c:/program files (x86)/cypress/psoc creator/3.3/psoc creator/import/gnu/arm/4.9.3/bin/../lib/gcc/arm-none-eabi/4.9.3/armv6-m\libgcc.a(eqdf2.o)
                0x000046bc                __nedf2
                0x000046bc                __eqdf2
 .text          0x00004744       0xe0 c:/program files (x86)/cypress/psoc creator/3.3/psoc creator/import/gnu/arm/4.9.3/bin/../lib/gcc/arm-none-eabi/4.9.3/armv6-m\libgcc.a(gedf2.o)
                0x00004744                __gedf2
                0x00004744                __gtdf2
 .text          0x00004824       0xcc c:/program files (x86)/cypress/psoc creator/3.3/psoc creator/import/gnu/arm/4.9.3/bin/../lib/gcc/arm-none-eabi/4.9.3/armv6-m\libgcc.a(ledf2.o)
                0x00004824                __ledf2
                0x00004824                __ltdf2
 .text          0x000048f0      0x534 c:/program files (x86)/cypress/psoc creator/3.3/psoc creator/import/gnu/arm/4.9.3/bin/../lib/gcc/arm-none-eabi/4.9.3/armv6-m\libgcc.a(muldf3.o)
                0x000048f0                __aeabi_dmul
 .text          0x00004e24      0x6f4 c:/program files (x86)/cypress/psoc creator/3.3/psoc creator/import/gnu/arm/4.9.3/bin/../lib/gcc/arm-none-eabi/4.9.3/armv6-m\libgcc.a(subdf3.o)
                0x00004e24                __aeabi_dsub
 .text          0x00005518       0x78 c:/program files (x86)/cypress/psoc creator/3.3/psoc creator/import/gnu/arm/4.9.3/bin/../lib/gcc/arm-none-eabi/4.9.3/armv6-m\libgcc.a(floatsidf.o)
                0x00005518                __aeabi_i2d
 .text          0x00005590       0xa8 c:/program files (x86)/cypress/psoc creator/3.3/psoc creator/import/gnu/arm/4.9.3/bin/../lib/gcc/arm-none-eabi/4.9.3/armv6-m\libgcc.a(extendsfdf2.o)
                0x00005590                __aeabi_f2d
 .text          0x00005638      0x120 c:/program files (x86)/cypress/psoc creator/3.3/psoc creator/import/gnu/arm/4.9.3/bin/../lib/gcc/arm-none-eabi/4.9.3/armv6-m\libgcc.a(truncdfsf2.o)
                0x00005638                __aeabi_d2f
 .text          0x00005758       0x3c c:/program files (x86)/cypress/psoc creator/3.3/psoc creator/import/gnu/arm/4.9.3/bin/../lib/gcc/arm-none-eabi/4.9.3/armv6-m\libgcc.a(_clzsi2.o)
                0x00005758                __clzsi2
 .text.__errno  0x00005794        0xc c:/program files (x86)/cypress/psoc creator/3.3/psoc creator/import/gnu/arm/4.9.3/bin/../lib/gcc/arm-none-eabi/4.9.3/../../../../arm-none-eabi/lib/armv6-m\libg_nano.a(lib_a-errno.o)
                0x00005794                __errno
 .text.__libc_init_array
                0x000057a0       0x4c c:/program files (x86)/cypress/psoc creator/3.3/psoc creator/import/gnu/arm/4.9.3/bin/../lib/gcc/arm-none-eabi/4.9.3/../../../../arm-none-eabi/lib/armv6-m\libg_nano.a(lib_a-init.o)
                0x000057a0                __libc_init_array
 .text.memcpy   0x000057ec       0x12 c:/program files (x86)/cypress/psoc creator/3.3/psoc creator/import/gnu/arm/4.9.3/bin/../lib/gcc/arm-none-eabi/4.9.3/../../../../arm-none-eabi/lib/armv6-m\libg_nano.a(lib_a-memcpy.o)
                0x000057ec                memcpy
 .text.memset   0x000057fe       0x10 c:/program files (x86)/cypress/psoc creator/3.3/psoc creator/import/gnu/arm/4.9.3/bin/../lib/gcc/arm-none-eabi/4.9.3/../../../../arm-none-eabi/lib/armv6-m\libg_nano.a(lib_a-memset.o)
                0x000057fe                memset
 *fill*         0x0000580e        0x2 
 .text.snprintf
                0x00005810       0x68 c:/program files (x86)/cypress/psoc creator/3.3/psoc creator/import/gnu/arm/4.9.3/bin/../lib/gcc/arm-none-eabi/4.9.3/../../../../arm-none-eabi/lib/armv6-m\libg_nano.a(lib_a-snprintf.o)
                0x00005810                sniprintf
                0x00005810                snprintf
 .text.__ssputs_r
                0x00005878       0xc0 c:/program files (x86)/cypress/psoc creator/3.3/psoc creator/import/gnu/arm/4.9.3/bin/../lib/gcc/arm-none-eabi/4.9.3/../../../../arm-none-eabi/lib/armv6-m\libg_nano.a(lib_a-nano-svfprintf.o)
                0x00005878                __ssputs_r
 .text._svfprintf_r
                0x00005938      0x1ec c:/program files (x86)/cypress/psoc creator/3.3/psoc creator/import/gnu/arm/4.9.3/bin/../lib/gcc/arm-none-eabi/4.9.3/../../../../arm-none-eabi/lib/armv6-m\libg_nano.a(lib_a-nano-svfprintf.o)
                0x00005938                _svfiprintf_r
                0x00005938                _svfprintf_r
 .text._printf_common
                0x00005b24       0xdc c:/program files (x86)/cypress/psoc creator/3.3/psoc creator/import/gnu/arm/4.9.3/bin/../lib/gcc/arm-none-eabi/4.9.3/../../../../arm-none-eabi/lib/armv6-m\libg_nano.a(lib_a-nano-vfprintf_i.o)
                0x00005b24                _printf_common
 .text._printf_i
                0x00005c00      0x230 c:/program files (x86)/cypress/psoc creator/3.3/psoc creator/import/gnu/arm/4.9.3/bin/../lib/gcc/arm-none-eabi/4.9.3/../../../../arm-none-eabi/lib/armv6-m\libg_nano.a(lib_a-nano-vfprintf_i.o)
                0x00005c00                _printf_i
 .text.memchr   0x00005e30       0x16 c:/program files (x86)/cypress/psoc creator/3.3/psoc creator/import/gnu/arm/4.9.3/bin/../lib/gcc/arm-none-eabi/4.9.3/../../../../arm-none-eabi/lib/armv6-m\libg_nano.a(lib_a-memchr.o)
                0x00005e30                memchr
 .text.memmove  0x00005e46       0x28 c:/program files (x86)/cypress/psoc creator/3.3/psoc creator/import/gnu/arm/4.9.3/bin/../lib/gcc/arm-none-eabi/4.9.3/../../../../arm-none-eabi/lib/armv6-m\libg_nano.a(lib_a-memmove.o)
                0x00005e46                memmove
 *fill*         0x00005e6e        0x2 
 .text._free_r  0x00005e70       0x8c c:/program files (x86)/cypress/psoc creator/3.3/psoc creator/import/gnu/arm/4.9.3/bin/../lib/gcc/arm-none-eabi/4.9.3/../../../../arm-none-eabi/lib/armv6-m\libg_nano.a(lib_a-nano-freer.o)
                0x00005e70                _free_r
 .text._malloc_r
                0x00005efc       0xb0 c:/program files (x86)/cypress/psoc creator/3.3/psoc creator/import/gnu/arm/4.9.3/bin/../lib/gcc/arm-none-eabi/4.9.3/../../../../arm-none-eabi/lib/armv6-m\libg_nano.a(lib_a-nano-mallocr.o)
                0x00005efc                _malloc_r
 .text._realloc_r
                0x00005fac       0x4c c:/program files (x86)/cypress/psoc creator/3.3/psoc creator/import/gnu/arm/4.9.3/bin/../lib/gcc/arm-none-eabi/4.9.3/../../../../arm-none-eabi/lib/armv6-m\libg_nano.a(lib_a-nano-reallocr.o)
                0x00005fac                _realloc_r
 .text._sbrk_r  0x00005ff8       0x24 c:/program files (x86)/cypress/psoc creator/3.3/psoc creator/import/gnu/arm/4.9.3/bin/../lib/gcc/arm-none-eabi/4.9.3/../../../../arm-none-eabi/lib/armv6-m\libg_nano.a(lib_a-sbrkr.o)
                0x00005ff8                _sbrk_r
 .text._malloc_usable_size_r
                0x0000601c       0x16 c:/program files (x86)/cypress/psoc creator/3.3/psoc creator/import/gnu/arm/4.9.3/bin/../lib/gcc/arm-none-eabi/4.9.3/../../../../arm-none-eabi/lib/armv6-m\libg_nano.a(lib_a-nano-msizer.o)
                0x0000601c                _malloc_usable_size_r
 *(.plt)
 *(.gnu.warning)
 *(.glue_7t)
 .glue_7t       0x00000000        0x0 linker stubs
 *(.glue_7)
 .glue_7        0x00000000        0x0 linker stubs
 *(.vfp11_veneer)
 .vfp11_veneer  0x00000000        0x0 linker stubs
 *(.bootloader)
 *(.ARM.extab* .gnu.linkonce.armextab.*)
 *(.gcc_except_table)

.v4_bx          0x00006034        0x0
 .v4_bx         0x00000000        0x0 linker stubs

.iplt           0x00006034        0x0
 .iplt          0x00000000        0x0 c:/program files (x86)/cypress/psoc creator/3.3/psoc creator/import/gnu/arm/4.9.3/bin/../lib/gcc/arm-none-eabi/4.9.3/armv6-m/crtbegin.o

.eh_frame_hdr
 *(.eh_frame_hdr)

.eh_frame       0x00006034        0x4
 *(.eh_frame)
 .eh_frame      0x00006034        0x0 c:/program files (x86)/cypress/psoc creator/3.3/psoc creator/import/gnu/arm/4.9.3/bin/../lib/gcc/arm-none-eabi/4.9.3/armv6-m/crtbegin.o
 .eh_frame      0x00006034        0x4 c:/program files (x86)/cypress/psoc creator/3.3/psoc creator/import/gnu/arm/4.9.3/bin/../lib/gcc/arm-none-eabi/4.9.3/armv6-m/crtend.o
                0x00006038                PROVIDE (__exidx_start, .)

.ARM.exidx
 *(.ARM.exidx* .gnu.linkonce.armexidx.*)
                0x00006038                __exidx_end = .

.rodata         0x00006038      0x3e0
 *(.rodata .rodata.* .gnu.linkonce.r.*)
 .rodata        0x00006038        0xc .\CortexM0\ARM_GCC_493\Debug\boardmain.o
 .rodata.str1.4
                0x00006044       0x61 .\CortexM0\ARM_GCC_493\Debug\boardmain.o
                                 0x64 (size before relaxing)
 *fill*         0x000060a5        0x3 
 .rodata        0x000060a8       0x10 .\CortexM0\ARM_GCC_493\Debug\encoder.o
 .rodata.cst2   0x000060b8        0x2 .\CortexM0\ARM_GCC_493\Debug\infrared.o
                                  0x4 (size before relaxing)
 .rodata.cst1   0x000060ba        0x1 .\CortexM0\ARM_GCC_493\Debug\motor.o
 *fill*         0x000060bb        0x1 
 .rodata        0x000060bc        0xc .\CortexM0\ARM_GCC_493\Debug\pid.o
 .rodata.str1.4
                0x000060c8       0x5b .\CortexM0\ARM_GCC_493\Debug\pid.o
                                 0x5c (size before relaxing)
 *fill*         0x00006123        0x1 
 .rodata        0x00006124       0x24 .\CortexM0\ARM_GCC_493\Debug\ultrasonic.o
 .rodata.str1.4
                0x00006148       0x56 .\CortexM0\ARM_GCC_493\Debug\ultrasonic.o
                                 0x58 (size before relaxing)
 *fill*         0x0000619e        0x2 
 .rodata        0x000061a0       0xb8 .\CortexM0\ARM_GCC_493\Debug\board1.a(cyfitter_cfg.o)
 .rodata        0x00006258       0x48 .\CortexM0\ARM_GCC_493\Debug\board1.a(CyLib.o)
                0x00006258                cyImoFreqMhz2Reg
                0x00006288                cyImoFreqMhz2DpllOffset
 .rodata.str1.4
                0x000062a0        0x4 c:/program files (x86)/cypress/psoc creator/3.3/psoc creator/import/gnu/arm/4.9.3/bin/../lib/gcc/arm-none-eabi/4.9.3/../../../../arm-none-eabi/lib/armv6-m\libm.a(lib_a-w_pow.o)
 *fill*         0x000062a4        0x4 
 .rodata.dp_h   0x000062a8       0x10 c:/program files (x86)/cypress/psoc creator/3.3/psoc creator/import/gnu/arm/4.9.3/bin/../lib/gcc/arm-none-eabi/4.9.3/../../../../arm-none-eabi/lib/armv6-m\libm.a(lib_a-e_pow.o)
 .rodata.dp_l   0x000062b8       0x10 c:/program files (x86)/cypress/psoc creator/3.3/psoc creator/import/gnu/arm/4.9.3/bin/../lib/gcc/arm-none-eabi/4.9.3/../../../../arm-none-eabi/lib/armv6-m\libm.a(lib_a-e_pow.o)
 .rodata.bp     0x000062c8       0x10 c:/program files (x86)/cypress/psoc creator/3.3/psoc creator/import/gnu/arm/4.9.3/bin/../lib/gcc/arm-none-eabi/4.9.3/../../../../arm-none-eabi/lib/armv6-m\libm.a(lib_a-e_pow.o)
 .rodata.str1.4
                0x00000000        0x4 c:/program files (x86)/cypress/psoc creator/3.3/psoc creator/import/gnu/arm/4.9.3/bin/../lib/gcc/arm-none-eabi/4.9.3/../../../../arm-none-eabi/lib/armv6-m\libm.a(lib_a-e_pow.o)
 .rodata.TWO52  0x000062d8       0x10 c:/program files (x86)/cypress/psoc creator/3.3/psoc creator/import/gnu/arm/4.9.3/bin/../lib/gcc/arm-none-eabi/4.9.3/../../../../arm-none-eabi/lib/armv6-m\libm.a(lib_a-s_rint.o)
 .rodata        0x000062e8       0x40 c:/program files (x86)/cypress/psoc creator/3.3/psoc creator/import/gnu/arm/4.9.3/bin/../lib/gcc/arm-none-eabi/4.9.3/armv6-m\libgcc.a(mulsf3.o)
 .rodata        0x00006328       0x40 c:/program files (x86)/cypress/psoc creator/3.3/psoc creator/import/gnu/arm/4.9.3/bin/../lib/gcc/arm-none-eabi/4.9.3/armv6-m\libgcc.a(divdf3.o)
 .rodata        0x00006368       0x40 c:/program files (x86)/cypress/psoc creator/3.3/psoc creator/import/gnu/arm/4.9.3/bin/../lib/gcc/arm-none-eabi/4.9.3/armv6-m\libgcc.a(muldf3.o)
 .rodata.str1.1
                0x000063a8        0x2 c:/program files (x86)/cypress/psoc creator/3.3/psoc creator/import/gnu/arm/4.9.3/bin/../lib/gcc/arm-none-eabi/4.9.3/../../../../arm-none-eabi/lib/armv6-m\libg_nano.a(lib_a-impure.o)
 .rodata.str1.1
                0x000063aa       0x11 c:/program files (x86)/cypress/psoc creator/3.3/psoc creator/import/gnu/arm/4.9.3/bin/../lib/gcc/arm-none-eabi/4.9.3/../../../../arm-none-eabi/lib/armv6-m\libg_nano.a(lib_a-nano-svfprintf.o)
 .rodata.str1.1
                0x000063bb       0x22 c:/program files (x86)/cypress/psoc creator/3.3/psoc creator/import/gnu/arm/4.9.3/bin/../lib/gcc/arm-none-eabi/4.9.3/../../../../arm-none-eabi/lib/armv6-m\libg_nano.a(lib_a-nano-vfprintf_i.o)
                0x000063e0                . = ALIGN (0x4)
 *fill*         0x000063dd        0x3 
 *(.init)
 .init          0x000063e0        0x4 c:/program files (x86)/cypress/psoc creator/3.3/psoc creator/import/gnu/arm/4.9.3/bin/../lib/gcc/arm-none-eabi/4.9.3/armv6-m/crti.o
                0x000063e0                _init
 .init          0x000063e4        0x8 c:/program files (x86)/cypress/psoc creator/3.3/psoc creator/import/gnu/arm/4.9.3/bin/../lib/gcc/arm-none-eabi/4.9.3/armv6-m/crtn.o
                0x000063ec                . = ALIGN (0x4)
                0x000063ec                __preinit_array_start = .
 *(.preinit_array)
                0x000063ec                __preinit_array_end = .
                0x000063ec                . = ALIGN (0x4)
                0x000063ec                __init_array_start = .
 *(SORT(.init_array.*))
 *(.init_array)
 .init_array    0x000063ec        0x4 c:/program files (x86)/cypress/psoc creator/3.3/psoc creator/import/gnu/arm/4.9.3/bin/../lib/gcc/arm-none-eabi/4.9.3/armv6-m/crtbegin.o
 .init_array    0x000063f0        0x4 .\CortexM0\ARM_GCC_493\Debug\Cm0Start.o
                0x000063f4                __init_array_end = .
                0x000063f4                . = ALIGN (0x4)
 *(.fini)
 .fini          0x000063f4        0x4 c:/program files (x86)/cypress/psoc creator/3.3/psoc creator/import/gnu/arm/4.9.3/bin/../lib/gcc/arm-none-eabi/4.9.3/armv6-m/crti.o
                0x000063f4                _fini
 .fini          0x000063f8        0x8 c:/program files (x86)/cypress/psoc creator/3.3/psoc creator/import/gnu/arm/4.9.3/bin/../lib/gcc/arm-none-eabi/4.9.3/armv6-m/crtn.o
                0x00006400                . = ALIGN (0x4)
                0x00006400                __fini_array_start = .
 *(.fini_array)
 .fini_array    0x00006400        0x4 c:/program files (x86)/cypress/psoc creator/3.3/psoc creator/import/gnu/arm/4.9.3/bin/../lib/gcc/arm-none-eabi/4.9.3/armv6-m/crtbegin.o
 *(SORT(.fini_array.*))
                0x00006404                __fini_array_end = .
                0x00006404                . = ALIGN (0x4)
 *crtbegin.o(.ctors)
 *(EXCLUDE_FILE(*crtend.o) .ctors)
 *(SORT(.ctors.*))
 *crtend.o(.ctors)
                0x00006404                . = ALIGN (0x4)
 *crtbegin.o(.dtors)
 *(EXCLUDE_FILE(*crtend.o) .dtors)
 *(SORT(.dtors.*))
 *crtend.o(.dtors)
                0x00006404                . = ALIGN (0x4)
                0x00006404                __cy_regions = .
                0x00006404        0x4 LONG 0x6418 __cy_region_init_ram
                0x00006408        0x4 LONG 0x200000c8 __cy_region_start_data
                0x0000640c        0x4 LONG 0x88 __cy_region_init_size_ram
                0x00006410        0x4 LONG 0x240 __cy_region_zero_size_ram
                0x00006414                __cy_regions_end = .
                0x00006418                . = ALIGN (0x8)
 *fill*         0x00006414        0x4 
                0x00006418                _etext = .

.cy_checksum_exclude
                0x00006418        0x0
 *(.cy_checksum_exclude)

.ramvectors     0x20000000       0xc0
                0x20000000                __cy_region_start_ram = .
 *(.ramvectors)
 .ramvectors    0x20000000       0xc0 .\CortexM0\ARM_GCC_493\Debug\Cm0Start.o
                0x20000000                CyRamVectors

.noinit         0x200000c0        0x4
 *(.noinit)
 .noinit        0x200000c0        0x4 .\CortexM0\ARM_GCC_493\Debug\Cm0Start.o

.data           0x200000c8       0x88 load address 0x00006418
                0x200000c8                __cy_region_start_data = .
 *(.jcr)
 .jcr           0x200000c8        0x0 c:/program files (x86)/cypress/psoc creator/3.3/psoc creator/import/gnu/arm/4.9.3/bin/../lib/gcc/arm-none-eabi/4.9.3/armv6-m/crtbegin.o
 .jcr           0x200000c8        0x4 c:/program files (x86)/cypress/psoc creator/3.3/psoc creator/import/gnu/arm/4.9.3/bin/../lib/gcc/arm-none-eabi/4.9.3/armv6-m/crtend.o
 *(.got.plt)
 *(.got)
 *(.shdata)
 *(.data .data.* .gnu.linkonce.d.*)
 .data          0x200000cc        0x4 .\CortexM0\ARM_GCC_493\Debug\Cm0Start.o
 .data          0x200000d0       0x10 .\CortexM0\ARM_GCC_493\Debug\board1.a(CyLib.o)
                0x200000d0                cydelay32kMs
                0x200000d4                cydelayFreqKhz
                0x200000d8                cydelayFreqMhz
                0x200000dc                cydelayFreqHz
 .data          0x200000e0        0x4 .\CortexM0\ARM_GCC_493\Debug\board1.a(CyLFClk.o)
 .data.__fdlib_version
                0x200000e4        0x1 c:/program files (x86)/cypress/psoc creator/3.3/psoc creator/import/gnu/arm/4.9.3/bin/../lib/gcc/arm-none-eabi/4.9.3/../../../../arm-none-eabi/lib/armv6-m\libm.a(lib_a-s_lib_ver.o)
                0x200000e4                __fdlib_version
 *fill*         0x200000e5        0x3 
 .data.impure_data
                0x200000e8       0x60 c:/program files (x86)/cypress/psoc creator/3.3/psoc creator/import/gnu/arm/4.9.3/bin/../lib/gcc/arm-none-eabi/4.9.3/../../../../arm-none-eabi/lib/armv6-m\libg_nano.a(lib_a-impure.o)
 .data._impure_ptr
                0x20000148        0x4 c:/program files (x86)/cypress/psoc creator/3.3/psoc creator/import/gnu/arm/4.9.3/bin/../lib/gcc/arm-none-eabi/4.9.3/../../../../arm-none-eabi/lib/armv6-m\libg_nano.a(lib_a-impure.o)
                0x20000148                _impure_ptr
                0x20000150                . = ALIGN (0x8)
 *fill*         0x2000014c        0x4 
 *(.ram)
                0x20000150                _edata = .

.igot.plt       0x20000150        0x0 load address 0x000064a0
 .igot.plt      0x00000000        0x0 c:/program files (x86)/cypress/psoc creator/3.3/psoc creator/import/gnu/arm/4.9.3/bin/../lib/gcc/arm-none-eabi/4.9.3/armv6-m/crtbegin.o

.bss            0x20000150      0x240 load address 0x000064a0
                0x20000150                PROVIDE (__bss_start__, .)
 *(.shbss)
 *(.bss .bss.* .gnu.linkonce.b.*)
 .bss           0x20000150       0x1c c:/program files (x86)/cypress/psoc creator/3.3/psoc creator/import/gnu/arm/4.9.3/bin/../lib/gcc/arm-none-eabi/4.9.3/armv6-m/crtbegin.o
 .bss           0x2000016c       0x10 .\CortexM0\ARM_GCC_493\Debug\boardmain.o
 .bss           0x2000017c        0x4 .\CortexM0\ARM_GCC_493\Debug\control.o
 .bss           0x20000180       0x14 .\CortexM0\ARM_GCC_493\Debug\encoder.o
 .bss           0x20000194       0x20 .\CortexM0\ARM_GCC_493\Debug\i2c.o
 .bss           0x200001b4        0x8 .\CortexM0\ARM_GCC_493\Debug\infrared.o
 .bss           0x200001bc       0x18 .\CortexM0\ARM_GCC_493\Debug\pid.o
 .bss           0x200001d4        0x4 .\CortexM0\ARM_GCC_493\Debug\time.o
 .bss           0x200001d8       0x4c .\CortexM0\ARM_GCC_493\Debug\ultrasonic.o
 .bss           0x20000224        0x1 .\CortexM0\ARM_GCC_493\Debug\board1.a(HB25_PWM.o)
                0x20000224                HB25_PWM_initVar
 *fill*         0x20000225        0x3 
 .bss           0x20000228        0x8 .\CortexM0\ARM_GCC_493\Debug\board1.a(EZI2C.o)
                0x20000228                EZI2C_initVar
                0x2000022c                EZI2C_customIntrHandler
 .bss           0x20000230        0x2 .\CortexM0\ARM_GCC_493\Debug\board1.a(EZI2C_EZI2C_INT.o)
 *fill*         0x20000232        0x2 
 .bss           0x20000234       0x18 .\CortexM0\ARM_GCC_493\Debug\board1.a(CyLib.o)
                0x20000248                CySysTickInitVar
 .bss           0x2000024c       0x1c .\CortexM0\ARM_GCC_493\Debug\board1.a(CyLFClk.o)
 .bss           0x20000268        0x1 .\CortexM0\ARM_GCC_493\Debug\board1.a(UARTCOMMS.o)
                0x20000268                UARTCOMMS_initVar
 *fill*         0x20000269        0x3 
 .bss.__malloc_sbrk_start
                0x2000026c        0x4 c:/program files (x86)/cypress/psoc creator/3.3/psoc creator/import/gnu/arm/4.9.3/bin/../lib/gcc/arm-none-eabi/4.9.3/../../../../arm-none-eabi/lib/armv6-m\libg_nano.a(lib_a-nano-mallocr.o)
                0x2000026c                __malloc_sbrk_start
 .bss.__malloc_free_list
                0x20000270        0x4 c:/program files (x86)/cypress/psoc creator/3.3/psoc creator/import/gnu/arm/4.9.3/bin/../lib/gcc/arm-none-eabi/4.9.3/../../../../arm-none-eabi/lib/armv6-m\libg_nano.a(lib_a-nano-mallocr.o)
                0x20000270                __malloc_free_list
 *(COMMON)
 COMMON         0x20000274      0x100 .\CortexM0\ARM_GCC_493\Debug\boardmain.o
                0x20000274                formatted_string
 COMMON         0x20000374       0x12 .\CortexM0\ARM_GCC_493\Debug\board1.a(EZI2C_EZI2C.o)
                0x20000374                EZI2C_offsetBuf1
                0x20000376                EZI2C_indexBuf1
                0x20000378                EZI2C_fsmState
                0x2000037a                EZI2C_protectBuf1
                0x2000037c                EZI2C_curStatus
                0x20000380                EZI2C_dataBuffer1
                0x20000384                EZI2C_bufSizeBuf1
 *fill*         0x20000386        0x2 
 COMMON         0x20000388        0x4 c:/program files (x86)/cypress/psoc creator/3.3/psoc creator/import/gnu/arm/4.9.3/bin/../lib/gcc/arm-none-eabi/4.9.3/../../../../arm-none-eabi/lib/armv6-m\libg_nano.a(lib_a-reent.o)
                0x20000388                errno
                0x20000390                . = ALIGN (0x8)
 *fill*         0x2000038c        0x4 
 *(.ram.b)
                0x20000390                _end = .
                0x20000390                __end = .
                0x20000390                PROVIDE (end, .)
                0x20000390                PROVIDE (__bss_end__, .)
                0x00006418                __cy_region_init_ram = LOADADDR (.data)
                0x00000088                __cy_region_init_size_ram = (_edata - ADDR (.data))
                0x00000240                __cy_region_zero_size_ram = (_end - _edata)

.heap           0x20000390       0x80 load address 0x000064a0
                0x20000390                . = _end
                0x20000410                . = (. + 0x80)
 *fill*         0x20000390       0x80 
                0x20000410                __cy_heap_limit = .

.stack          0x20003800      0x800
                0x20003800                __cy_stack_limit = .
                0x20004000                . = (. + 0x800)
 *fill*         0x20003800      0x800 
                0x00000001                ASSERT ((__cy_stack_limit >= __cy_heap_limit), region RAM overflowed with stack)
                0x00000000                cy_checksum_exclude_size = (CY_APPL_LOADABLE == 0x1)?SIZEOF (.cy_checksum_exclude):0x0
                0x00000001                ASSERT ((cy_checksum_exclude_size <= CY_CHECKSUM_EXCLUDE_SIZE), CY_BOOT: Section .cy_checksum_exclude size exceedes specified limit.)
                0x0001ffc0                cyloadermeta_start = (cy_project_type_bootloader || cy_project_type_app_for_stack_and_copier)?(0x20000 - CY_METADATA_SIZE):0xf0000000

.cyloadermeta
 *(.cyloadermeta)
                0x0001ffc0                cyloadablemeta_start = cy_project_type_app_for_stack_and_copier?((0x20000 - CY_FLASH_ROW_SIZE) - CY_METADATA_SIZE):((0x20000 - (CY_FLASH_ROW_SIZE * (CY_APPL_NUM - 0x1))) - CY_METADATA_SIZE)

.cyloadablemeta
 *(.cyloadablemeta)

.cyflashprotect
                0x90400000       0x80
 *(.cyflashprotect)
 .cyflashprotect
                0x90400000       0x80 .\CortexM0\ARM_GCC_493\Debug\cymetadata.o
                0x90400000                cy_meta_flashprotect

.cymeta         0x90500000        0xc
 *(.cymeta)
 .cymeta        0x90500000        0xc .\CortexM0\ARM_GCC_493\Debug\cymetadata.o
                0x90500000                cy_metadata

.cychipprotect  0x90600000        0x4
 *(.cychipprotect)
 .cychipprotect
                0x90600000        0x4 .\CortexM0\ARM_GCC_493\Debug\cymetadata.o
                0x90600000                cy_meta_chipprotect

.rel.dyn        0x000064a0        0x0 load address 0x90600004
 .rel.iplt      0x00000000        0x0 c:/program files (x86)/cypress/psoc creator/3.3/psoc creator/import/gnu/arm/4.9.3/bin/../lib/gcc/arm-none-eabi/4.9.3/armv6-m/crtbegin.o

.stab
 *(.stab)

.stabstr
 *(.stabstr)

.debug
 *(.debug)

.line
 *(.line)

.debug_srcinfo
 *(.debug_srcinfo)

.debug_sfnames
 *(.debug_sfnames)

.debug_aranges  0x00000000      0xf38
 *(.debug_aranges)
 .debug_aranges
                0x00000000       0x20 .\CortexM0\ARM_GCC_493\Debug\main.o
 .debug_aranges
                0x00000020       0x20 .\CortexM0\ARM_GCC_493\Debug\boardmain.o
 .debug_aranges
                0x00000040       0x30 .\CortexM0\ARM_GCC_493\Debug\control.o
 .debug_aranges
                0x00000070       0x28 .\CortexM0\ARM_GCC_493\Debug\debug.o
 .debug_aranges
                0x00000098       0x58 .\CortexM0\ARM_GCC_493\Debug\encoder.o
 .debug_aranges
                0x000000f0       0x70 .\CortexM0\ARM_GCC_493\Debug\i2c.o
 .debug_aranges
                0x00000160       0x38 .\CortexM0\ARM_GCC_493\Debug\infrared.o
 .debug_aranges
                0x00000198       0x48 .\CortexM0\ARM_GCC_493\Debug\motor.o
 .debug_aranges
                0x000001e0       0x38 .\CortexM0\ARM_GCC_493\Debug\pid.o
 .debug_aranges
                0x00000218       0x38 .\CortexM0\ARM_GCC_493\Debug\time.o
 .debug_aranges
                0x00000250       0x58 .\CortexM0\ARM_GCC_493\Debug\ultrasonic.o
 .debug_aranges
                0x000002a8       0x20 .\CortexM0\ARM_GCC_493\Debug\utils.o
 .debug_aranges
                0x000002c8       0x18 .\CortexM0\ARM_GCC_493\Debug\cymetadata.o
 .debug_aranges
                0x000002e0       0x48 .\CortexM0\ARM_GCC_493\Debug\Cm0Start.o
 .debug_aranges
                0x00000328       0x48 .\CortexM0\ARM_GCC_493\Debug\board1.a(cyfitter_cfg.o)
 .debug_aranges
                0x00000370      0x158 .\CortexM0\ARM_GCC_493\Debug\board1.a(HB25_PWM.o)
 .debug_aranges
                0x000004c8       0x48 .\CortexM0\ARM_GCC_493\Debug\board1.a(HB25_Enable_Pin.o)
 .debug_aranges
                0x00000510       0x60 .\CortexM0\ARM_GCC_493\Debug\board1.a(EZI2C.o)
 .debug_aranges
                0x00000570       0x50 .\CortexM0\ARM_GCC_493\Debug\board1.a(EZI2C_EZI2C.o)
 .debug_aranges
                0x000005c0       0x20 .\CortexM0\ARM_GCC_493\Debug\board1.a(EZI2C_EZI2C_INT.o)
 .debug_aranges
                0x000005e0       0xa8 .\CortexM0\ARM_GCC_493\Debug\board1.a(ADC_Infrared.o)
 .debug_aranges
                0x00000688       0x20 .\CortexM0\ARM_GCC_493\Debug\board1.a(ADC_Infrared_INT.o)
 .debug_aranges
                0x000006a8       0x48 .\CortexM0\ARM_GCC_493\Debug\board1.a(Encoder_Pins.o)
 .debug_aranges
                0x000006f0       0x80 .\CortexM0\ARM_GCC_493\Debug\board1.a(Encoder_Intr.o)
 .debug_aranges
                0x00000770      0x158 .\CortexM0\ARM_GCC_493\Debug\board1.a(HCSR04_Timer.o)
 .debug_aranges
                0x000008c8       0x80 .\CortexM0\ARM_GCC_493\Debug\board1.a(HCSR04_Timeout_Intr.o)
 .debug_aranges
                0x00000948       0x48 .\CortexM0\ARM_GCC_493\Debug\board1.a(HCSR04_Trigger_0.o)
 .debug_aranges
                0x00000990       0x48 .\CortexM0\ARM_GCC_493\Debug\board1.a(HCSR04_Trigger_2.o)
 .debug_aranges
                0x000009d8       0x48 .\CortexM0\ARM_GCC_493\Debug\board1.a(HCSR04_Trigger_3.o)
 .debug_aranges
                0x00000a20       0x28 .\CortexM0\ARM_GCC_493\Debug\board1.a(HCSR04_Control.o)
 .debug_aranges
                0x00000a48       0x48 .\CortexM0\ARM_GCC_493\Debug\board1.a(HCSR04_Trigger_1.o)
 .debug_aranges
                0x00000a90       0x20 .\CortexM0\ARM_GCC_493\Debug\board1.a(CyBootAsmGnu.o)
 .debug_aranges
                0x00000ab0      0x1b8 .\CortexM0\ARM_GCC_493\Debug\board1.a(CyLib.o)
 .debug_aranges
                0x00000c68      0x150 .\CortexM0\ARM_GCC_493\Debug\board1.a(CyLFClk.o)
 .debug_aranges
                0x00000db8       0x58 .\CortexM0\ARM_GCC_493\Debug\board1.a(UARTCOMMS.o)
 .debug_aranges
                0x00000e10       0x88 .\CortexM0\ARM_GCC_493\Debug\board1.a(UARTCOMMS_UART.o)
 .debug_aranges
                0x00000e98       0x40 .\CortexM0\ARM_GCC_493\Debug\board1.a(CyFlash.o)
 .debug_aranges
                0x00000ed8       0x60 .\CortexM0\ARM_GCC_493\Debug\board1.a(UARTCOMMS_SPI_UART.o)

.debug_pubnames
 *(.debug_pubnames)

.debug_info     0x00000000     0x7feb
 *(.debug_info .gnu.linkonce.wi.*)
 .debug_info    0x00000000       0xb4 .\CortexM0\ARM_GCC_493\Debug\main.o
 .debug_info    0x000000b4      0x454 .\CortexM0\ARM_GCC_493\Debug\boardmain.o
 .debug_info    0x00000508      0x1c6 .\CortexM0\ARM_GCC_493\Debug\control.o
 .debug_info    0x000006ce      0x123 .\CortexM0\ARM_GCC_493\Debug\debug.o
 .debug_info    0x000007f1      0x36b .\CortexM0\ARM_GCC_493\Debug\encoder.o
 .debug_info    0x00000b5c      0x30d .\CortexM0\ARM_GCC_493\Debug\i2c.o
 .debug_info    0x00000e69      0x3d4 .\CortexM0\ARM_GCC_493\Debug\infrared.o
 .debug_info    0x0000123d      0x20b .\CortexM0\ARM_GCC_493\Debug\motor.o
 .debug_info    0x00001448      0x3b3 .\CortexM0\ARM_GCC_493\Debug\pid.o
 .debug_info    0x000017fb      0x1a0 .\CortexM0\ARM_GCC_493\Debug\time.o
 .debug_info    0x0000199b      0x602 .\CortexM0\ARM_GCC_493\Debug\ultrasonic.o
 .debug_info    0x00001f9d      0x10e .\CortexM0\ARM_GCC_493\Debug\utils.o
 .debug_info    0x000020ab       0xfe .\CortexM0\ARM_GCC_493\Debug\cymetadata.o
 .debug_info    0x000021a9      0x38e .\CortexM0\ARM_GCC_493\Debug\Cm0Start.o
 .debug_info    0x00002537      0x40e .\CortexM0\ARM_GCC_493\Debug\board1.a(cyfitter_cfg.o)
 .debug_info    0x00002945      0x906 .\CortexM0\ARM_GCC_493\Debug\board1.a(HB25_PWM.o)
 .debug_info    0x0000324b      0x19d .\CortexM0\ARM_GCC_493\Debug\board1.a(HB25_Enable_Pin.o)
 .debug_info    0x000033e8      0x297 .\CortexM0\ARM_GCC_493\Debug\board1.a(EZI2C.o)
 .debug_info    0x0000367f      0x347 .\CortexM0\ARM_GCC_493\Debug\board1.a(EZI2C_EZI2C.o)
 .debug_info    0x000039c6      0x1df .\CortexM0\ARM_GCC_493\Debug\board1.a(EZI2C_EZI2C_INT.o)
 .debug_info    0x00003ba5      0x5bf .\CortexM0\ARM_GCC_493\Debug\board1.a(ADC_Infrared.o)
 .debug_info    0x00004164       0xc4 .\CortexM0\ARM_GCC_493\Debug\board1.a(ADC_Infrared_INT.o)
 .debug_info    0x00004228      0x19d .\CortexM0\ARM_GCC_493\Debug\board1.a(Encoder_Pins.o)
 .debug_info    0x000043c5      0x300 .\CortexM0\ARM_GCC_493\Debug\board1.a(Encoder_Intr.o)
 .debug_info    0x000046c5      0x8dd .\CortexM0\ARM_GCC_493\Debug\board1.a(HCSR04_Timer.o)
 .debug_info    0x00004fa2      0x300 .\CortexM0\ARM_GCC_493\Debug\board1.a(HCSR04_Timeout_Intr.o)
 .debug_info    0x000052a2      0x19b .\CortexM0\ARM_GCC_493\Debug\board1.a(HCSR04_Trigger_0.o)
 .debug_info    0x0000543d      0x19d .\CortexM0\ARM_GCC_493\Debug\board1.a(HCSR04_Trigger_2.o)
 .debug_info    0x000055da      0x19d .\CortexM0\ARM_GCC_493\Debug\board1.a(HCSR04_Trigger_3.o)
 .debug_info    0x00005777       0xd6 .\CortexM0\ARM_GCC_493\Debug\board1.a(HCSR04_Control.o)
 .debug_info    0x0000584d      0x19d .\CortexM0\ARM_GCC_493\Debug\board1.a(HCSR04_Trigger_1.o)
 .debug_info    0x000059ea       0x8b .\CortexM0\ARM_GCC_493\Debug\board1.a(CyBootAsmGnu.o)
 .debug_info    0x00005a75      0xcf4 .\CortexM0\ARM_GCC_493\Debug\board1.a(CyLib.o)
 .debug_info    0x00006769      0xda4 .\CortexM0\ARM_GCC_493\Debug\board1.a(CyLFClk.o)
 .debug_info    0x0000750d      0x20a .\CortexM0\ARM_GCC_493\Debug\board1.a(UARTCOMMS.o)
 .debug_info    0x00007717      0x352 .\CortexM0\ARM_GCC_493\Debug\board1.a(UARTCOMMS_UART.o)
 .debug_info    0x00007a69      0x36b .\CortexM0\ARM_GCC_493\Debug\board1.a(CyFlash.o)
 .debug_info    0x00007dd4      0x217 .\CortexM0\ARM_GCC_493\Debug\board1.a(UARTCOMMS_SPI_UART.o)

.debug_abbrev   0x00000000     0x2e6f
 *(.debug_abbrev)
 .debug_abbrev  0x00000000       0x63 .\CortexM0\ARM_GCC_493\Debug\main.o
 .debug_abbrev  0x00000063      0x14b .\CortexM0\ARM_GCC_493\Debug\boardmain.o
 .debug_abbrev  0x000001ae       0xf0 .\CortexM0\ARM_GCC_493\Debug\control.o
 .debug_abbrev  0x0000029e       0xb9 .\CortexM0\ARM_GCC_493\Debug\debug.o
 .debug_abbrev  0x00000357      0x1c5 .\CortexM0\ARM_GCC_493\Debug\encoder.o
 .debug_abbrev  0x0000051c      0x165 .\CortexM0\ARM_GCC_493\Debug\i2c.o
 .debug_abbrev  0x00000681      0x1b5 .\CortexM0\ARM_GCC_493\Debug\infrared.o
 .debug_abbrev  0x00000836      0x124 .\CortexM0\ARM_GCC_493\Debug\motor.o
 .debug_abbrev  0x0000095a      0x1a0 .\CortexM0\ARM_GCC_493\Debug\pid.o
 .debug_abbrev  0x00000afa      0x150 .\CortexM0\ARM_GCC_493\Debug\time.o
 .debug_abbrev  0x00000c4a      0x26d .\CortexM0\ARM_GCC_493\Debug\ultrasonic.o
 .debug_abbrev  0x00000eb7       0xc3 .\CortexM0\ARM_GCC_493\Debug\utils.o
 .debug_abbrev  0x00000f7a       0x5d .\CortexM0\ARM_GCC_493\Debug\cymetadata.o
 .debug_abbrev  0x00000fd7      0x1d5 .\CortexM0\ARM_GCC_493\Debug\Cm0Start.o
 .debug_abbrev  0x000011ac      0x209 .\CortexM0\ARM_GCC_493\Debug\board1.a(cyfitter_cfg.o)
 .debug_abbrev  0x000013b5      0x133 .\CortexM0\ARM_GCC_493\Debug\board1.a(HB25_PWM.o)
 .debug_abbrev  0x000014e8       0xc8 .\CortexM0\ARM_GCC_493\Debug\board1.a(HB25_Enable_Pin.o)
 .debug_abbrev  0x000015b0      0x143 .\CortexM0\ARM_GCC_493\Debug\board1.a(EZI2C.o)
 .debug_abbrev  0x000016f3      0x170 .\CortexM0\ARM_GCC_493\Debug\board1.a(EZI2C_EZI2C.o)
 .debug_abbrev  0x00001863       0xc6 .\CortexM0\ARM_GCC_493\Debug\board1.a(EZI2C_EZI2C_INT.o)
 .debug_abbrev  0x00001929      0x1dd .\CortexM0\ARM_GCC_493\Debug\board1.a(ADC_Infrared.o)
 .debug_abbrev  0x00001b06       0x65 .\CortexM0\ARM_GCC_493\Debug\board1.a(ADC_Infrared_INT.o)
 .debug_abbrev  0x00001b6b       0xc8 .\CortexM0\ARM_GCC_493\Debug\board1.a(Encoder_Pins.o)
 .debug_abbrev  0x00001c33      0x1b4 .\CortexM0\ARM_GCC_493\Debug\board1.a(Encoder_Intr.o)
 .debug_abbrev  0x00001de7      0x133 .\CortexM0\ARM_GCC_493\Debug\board1.a(HCSR04_Timer.o)
 .debug_abbrev  0x00001f1a      0x1b4 .\CortexM0\ARM_GCC_493\Debug\board1.a(HCSR04_Timeout_Intr.o)
 .debug_abbrev  0x000020ce       0xc8 .\CortexM0\ARM_GCC_493\Debug\board1.a(HCSR04_Trigger_0.o)
 .debug_abbrev  0x00002196       0xc8 .\CortexM0\ARM_GCC_493\Debug\board1.a(HCSR04_Trigger_2.o)
 .debug_abbrev  0x0000225e       0xc8 .\CortexM0\ARM_GCC_493\Debug\board1.a(HCSR04_Trigger_3.o)
 .debug_abbrev  0x00002326       0x81 .\CortexM0\ARM_GCC_493\Debug\board1.a(HCSR04_Control.o)
 .debug_abbrev  0x000023a7       0xc8 .\CortexM0\ARM_GCC_493\Debug\board1.a(HCSR04_Trigger_1.o)
 .debug_abbrev  0x0000246f       0x14 .\CortexM0\ARM_GCC_493\Debug\board1.a(CyBootAsmGnu.o)
 .debug_abbrev  0x00002483      0x245 .\CortexM0\ARM_GCC_493\Debug\board1.a(CyLib.o)
 .debug_abbrev  0x000026c8      0x26d .\CortexM0\ARM_GCC_493\Debug\board1.a(CyLFClk.o)
 .debug_abbrev  0x00002935       0xd5 .\CortexM0\ARM_GCC_493\Debug\board1.a(UARTCOMMS.o)
 .debug_abbrev  0x00002a0a      0x13b .\CortexM0\ARM_GCC_493\Debug\board1.a(UARTCOMMS_UART.o)
 .debug_abbrev  0x00002b45      0x1c1 .\CortexM0\ARM_GCC_493\Debug\board1.a(CyFlash.o)
 .debug_abbrev  0x00002d06      0x169 .\CortexM0\ARM_GCC_493\Debug\board1.a(UARTCOMMS_SPI_UART.o)

.debug_line     0x00000000     0x3a56
 *(.debug_line)
 .debug_line    0x00000000       0x3b .\CortexM0\ARM_GCC_493\Debug\main.o
 .debug_line    0x0000003b      0x1fd .\CortexM0\ARM_GCC_493\Debug\boardmain.o
 .debug_line    0x00000238       0xb3 .\CortexM0\ARM_GCC_493\Debug\control.o
 .debug_line    0x000002eb       0x84 .\CortexM0\ARM_GCC_493\Debug\debug.o
 .debug_line    0x0000036f      0x22b .\CortexM0\ARM_GCC_493\Debug\encoder.o
 .debug_line    0x0000059a      0x14e .\CortexM0\ARM_GCC_493\Debug\i2c.o
 .debug_line    0x000006e8      0x234 .\CortexM0\ARM_GCC_493\Debug\infrared.o
 .debug_line    0x0000091c      0x114 .\CortexM0\ARM_GCC_493\Debug\motor.o
 .debug_line    0x00000a30      0x212 .\CortexM0\ARM_GCC_493\Debug\pid.o
 .debug_line    0x00000c42       0xbc .\CortexM0\ARM_GCC_493\Debug\time.o
 .debug_line    0x00000cfe      0x31e .\CortexM0\ARM_GCC_493\Debug\ultrasonic.o
 .debug_line    0x0000101c       0x77 .\CortexM0\ARM_GCC_493\Debug\utils.o
 .debug_line    0x00001093       0x53 .\CortexM0\ARM_GCC_493\Debug\cymetadata.o
 .debug_line    0x000010e6      0x249 .\CortexM0\ARM_GCC_493\Debug\Cm0Start.o
 .debug_line    0x0000132f      0x1ae .\CortexM0\ARM_GCC_493\Debug\board1.a(cyfitter_cfg.o)
 .debug_line    0x000014dd      0x383 .\CortexM0\ARM_GCC_493\Debug\board1.a(HB25_PWM.o)
 .debug_line    0x00001860       0xc9 .\CortexM0\ARM_GCC_493\Debug\board1.a(HB25_Enable_Pin.o)
 .debug_line    0x00001929      0x141 .\CortexM0\ARM_GCC_493\Debug\board1.a(EZI2C.o)
 .debug_line    0x00001a6a      0x11c .\CortexM0\ARM_GCC_493\Debug\board1.a(EZI2C_EZI2C.o)
 .debug_line    0x00001b86      0x150 .\CortexM0\ARM_GCC_493\Debug\board1.a(EZI2C_EZI2C_INT.o)
 .debug_line    0x00001cd6      0x293 .\CortexM0\ARM_GCC_493\Debug\board1.a(ADC_Infrared.o)
 .debug_line    0x00001f69       0x6d .\CortexM0\ARM_GCC_493\Debug\board1.a(ADC_Infrared_INT.o)
 .debug_line    0x00001fd6       0xc7 .\CortexM0\ARM_GCC_493\Debug\board1.a(Encoder_Pins.o)
 .debug_line    0x0000209d      0x171 .\CortexM0\ARM_GCC_493\Debug\board1.a(Encoder_Intr.o)
 .debug_line    0x0000220e      0x37f .\CortexM0\ARM_GCC_493\Debug\board1.a(HCSR04_Timer.o)
 .debug_line    0x0000258d      0x178 .\CortexM0\ARM_GCC_493\Debug\board1.a(HCSR04_Timeout_Intr.o)
 .debug_line    0x00002705       0xc9 .\CortexM0\ARM_GCC_493\Debug\board1.a(HCSR04_Trigger_0.o)
 .debug_line    0x000027ce       0xca .\CortexM0\ARM_GCC_493\Debug\board1.a(HCSR04_Trigger_2.o)
 .debug_line    0x00002898       0xca .\CortexM0\ARM_GCC_493\Debug\board1.a(HCSR04_Trigger_3.o)
 .debug_line    0x00002962       0x79 .\CortexM0\ARM_GCC_493\Debug\board1.a(HCSR04_Control.o)
 .debug_line    0x000029db       0xca .\CortexM0\ARM_GCC_493\Debug\board1.a(HCSR04_Trigger_1.o)
 .debug_line    0x00002aa5       0x68 .\CortexM0\ARM_GCC_493\Debug\board1.a(CyBootAsmGnu.o)
 .debug_line    0x00002b0d      0x51a .\CortexM0\ARM_GCC_493\Debug\board1.a(CyLib.o)
 .debug_line    0x00003027      0x4c5 .\CortexM0\ARM_GCC_493\Debug\board1.a(CyLFClk.o)
 .debug_line    0x000034ec      0x12b .\CortexM0\ARM_GCC_493\Debug\board1.a(UARTCOMMS.o)
 .debug_line    0x00003617      0x1c0 .\CortexM0\ARM_GCC_493\Debug\board1.a(UARTCOMMS_UART.o)
 .debug_line    0x000037d7      0x147 .\CortexM0\ARM_GCC_493\Debug\board1.a(CyFlash.o)
 .debug_line    0x0000391e      0x138 .\CortexM0\ARM_GCC_493\Debug\board1.a(UARTCOMMS_SPI_UART.o)

.debug_frame    0x00000000     0x2ccc
 *(.debug_frame)
 .debug_frame   0x00000000       0x2c .\CortexM0\ARM_GCC_493\Debug\main.o
 .debug_frame   0x0000002c       0x3c .\CortexM0\ARM_GCC_493\Debug\boardmain.o
 .debug_frame   0x00000068       0x64 .\CortexM0\ARM_GCC_493\Debug\control.o
 .debug_frame   0x000000cc       0x48 .\CortexM0\ARM_GCC_493\Debug\debug.o
 .debug_frame   0x00000114       0xc0 .\CortexM0\ARM_GCC_493\Debug\encoder.o
 .debug_frame   0x000001d4       0xe4 .\CortexM0\ARM_GCC_493\Debug\i2c.o
 .debug_frame   0x000002b8       0x80 .\CortexM0\ARM_GCC_493\Debug\infrared.o
 .debug_frame   0x00000338       0xa0 .\CortexM0\ARM_GCC_493\Debug\motor.o
 .debug_frame   0x000003d8       0x74 .\CortexM0\ARM_GCC_493\Debug\pid.o
 .debug_frame   0x0000044c       0x5c .\CortexM0\ARM_GCC_493\Debug\time.o
 .debug_frame   0x000004a8       0xf8 .\CortexM0\ARM_GCC_493\Debug\ultrasonic.o
 .debug_frame   0x000005a0       0x30 .\CortexM0\ARM_GCC_493\Debug\utils.o
 .debug_frame   0x000005d0       0xb0 .\CortexM0\ARM_GCC_493\Debug\Cm0Start.o
 .debug_frame   0x00000680       0xa8 .\CortexM0\ARM_GCC_493\Debug\board1.a(cyfitter_cfg.o)
 .debug_frame   0x00000728      0x390 .\CortexM0\ARM_GCC_493\Debug\board1.a(HB25_PWM.o)
 .debug_frame   0x00000ab8       0x70 .\CortexM0\ARM_GCC_493\Debug\board1.a(HB25_Enable_Pin.o)
 .debug_frame   0x00000b28       0xe8 .\CortexM0\ARM_GCC_493\Debug\board1.a(EZI2C.o)
 .debug_frame   0x00000c10       0xa8 .\CortexM0\ARM_GCC_493\Debug\board1.a(EZI2C_EZI2C.o)
 .debug_frame   0x00000cb8       0x30 .\CortexM0\ARM_GCC_493\Debug\board1.a(EZI2C_EZI2C_INT.o)
 .debug_frame   0x00000ce8      0x1b0 .\CortexM0\ARM_GCC_493\Debug\board1.a(ADC_Infrared.o)
 .debug_frame   0x00000e98       0x20 .\CortexM0\ARM_GCC_493\Debug\board1.a(ADC_Infrared_INT.o)
 .debug_frame   0x00000eb8       0x70 .\CortexM0\ARM_GCC_493\Debug\board1.a(Encoder_Pins.o)
 .debug_frame   0x00000f28      0x110 .\CortexM0\ARM_GCC_493\Debug\board1.a(Encoder_Intr.o)
 .debug_frame   0x00001038      0x390 .\CortexM0\ARM_GCC_493\Debug\board1.a(HCSR04_Timer.o)
 .debug_frame   0x000013c8      0x110 .\CortexM0\ARM_GCC_493\Debug\board1.a(HCSR04_Timeout_Intr.o)
 .debug_frame   0x000014d8       0x70 .\CortexM0\ARM_GCC_493\Debug\board1.a(HCSR04_Trigger_0.o)
 .debug_frame   0x00001548       0x70 .\CortexM0\ARM_GCC_493\Debug\board1.a(HCSR04_Trigger_2.o)
 .debug_frame   0x000015b8       0x70 .\CortexM0\ARM_GCC_493\Debug\board1.a(HCSR04_Trigger_3.o)
 .debug_frame   0x00001628       0x30 .\CortexM0\ARM_GCC_493\Debug\board1.a(HCSR04_Control.o)
 .debug_frame   0x00001658       0x70 .\CortexM0\ARM_GCC_493\Debug\board1.a(HCSR04_Trigger_1.o)
 .debug_frame   0x000016c8      0x468 .\CortexM0\ARM_GCC_493\Debug\board1.a(CyLib.o)
 .debug_frame   0x00001b30      0x3fc .\CortexM0\ARM_GCC_493\Debug\board1.a(CyLFClk.o)
 .debug_frame   0x00001f2c       0xd8 .\CortexM0\ARM_GCC_493\Debug\board1.a(UARTCOMMS.o)
 .debug_frame   0x00002004      0x130 .\CortexM0\ARM_GCC_493\Debug\board1.a(UARTCOMMS_UART.o)
 .debug_frame   0x00002134       0x90 .\CortexM0\ARM_GCC_493\Debug\board1.a(CyFlash.o)
 .debug_frame   0x000021c4       0xb0 .\CortexM0\ARM_GCC_493\Debug\board1.a(UARTCOMMS_SPI_UART.o)
 .debug_frame   0x00002274       0x38 c:/program files (x86)/cypress/psoc creator/3.3/psoc creator/import/gnu/arm/4.9.3/bin/../lib/gcc/arm-none-eabi/4.9.3/../../../../arm-none-eabi/lib/armv6-m\libm.a(lib_a-w_pow.o)
 .debug_frame   0x000022ac       0x3c c:/program files (x86)/cypress/psoc creator/3.3/psoc creator/import/gnu/arm/4.9.3/bin/../lib/gcc/arm-none-eabi/4.9.3/../../../../arm-none-eabi/lib/armv6-m\libm.a(lib_a-e_pow.o)
 .debug_frame   0x000022e8       0x3c c:/program files (x86)/cypress/psoc creator/3.3/psoc creator/import/gnu/arm/4.9.3/bin/../lib/gcc/arm-none-eabi/4.9.3/../../../../arm-none-eabi/lib/armv6-m\libm.a(lib_a-e_sqrt.o)
 .debug_frame   0x00002324       0x20 c:/program files (x86)/cypress/psoc creator/3.3/psoc creator/import/gnu/arm/4.9.3/bin/../lib/gcc/arm-none-eabi/4.9.3/../../../../arm-none-eabi/lib/armv6-m\libm.a(lib_a-s_fabs.o)
 .debug_frame   0x00002344       0x20 c:/program files (x86)/cypress/psoc creator/3.3/psoc creator/import/gnu/arm/4.9.3/bin/../lib/gcc/arm-none-eabi/4.9.3/../../../../arm-none-eabi/lib/armv6-m\libm.a(lib_a-s_finite.o)
 .debug_frame   0x00002364       0x2c c:/program files (x86)/cypress/psoc creator/3.3/psoc creator/import/gnu/arm/4.9.3/bin/../lib/gcc/arm-none-eabi/4.9.3/../../../../arm-none-eabi/lib/armv6-m\libm.a(lib_a-s_fpclassify.o)
 .debug_frame   0x00002390       0x20 c:/program files (x86)/cypress/psoc creator/3.3/psoc creator/import/gnu/arm/4.9.3/bin/../lib/gcc/arm-none-eabi/4.9.3/../../../../arm-none-eabi/lib/armv6-m\libm.a(lib_a-s_matherr.o)
 .debug_frame   0x000023b0       0x20 c:/program files (x86)/cypress/psoc creator/3.3/psoc creator/import/gnu/arm/4.9.3/bin/../lib/gcc/arm-none-eabi/4.9.3/../../../../arm-none-eabi/lib/armv6-m\libm.a(lib_a-s_nan.o)
 .debug_frame   0x000023d0       0x38 c:/program files (x86)/cypress/psoc creator/3.3/psoc creator/import/gnu/arm/4.9.3/bin/../lib/gcc/arm-none-eabi/4.9.3/../../../../arm-none-eabi/lib/armv6-m\libm.a(lib_a-s_rint.o)
 .debug_frame   0x00002408       0x30 c:/program files (x86)/cypress/psoc creator/3.3/psoc creator/import/gnu/arm/4.9.3/bin/../lib/gcc/arm-none-eabi/4.9.3/../../../../arm-none-eabi/lib/armv6-m\libm.a(lib_a-s_scalbn.o)
 .debug_frame   0x00002438       0x2c c:/program files (x86)/cypress/psoc creator/3.3/psoc creator/import/gnu/arm/4.9.3/bin/../lib/gcc/arm-none-eabi/4.9.3/../../../../arm-none-eabi/lib/armv6-m\libm.a(lib_a-s_copysign.o)
 .debug_frame   0x00002464       0x20 c:/program files (x86)/cypress/psoc creator/3.3/psoc creator/import/gnu/arm/4.9.3/bin/../lib/gcc/arm-none-eabi/4.9.3/armv6-m\libgcc.a(_udivsi3.o)
 .debug_frame   0x00002484       0x20 c:/program files (x86)/cypress/psoc creator/3.3/psoc creator/import/gnu/arm/4.9.3/bin/../lib/gcc/arm-none-eabi/4.9.3/armv6-m\libgcc.a(_divsi3.o)
 .debug_frame   0x000024a4       0x34 c:/program files (x86)/cypress/psoc creator/3.3/psoc creator/import/gnu/arm/4.9.3/bin/../lib/gcc/arm-none-eabi/4.9.3/armv6-m\libgcc.a(_muldi3.o)
 .debug_frame   0x000024d8       0x28 c:/program files (x86)/cypress/psoc creator/3.3/psoc creator/import/gnu/arm/4.9.3/bin/../lib/gcc/arm-none-eabi/4.9.3/armv6-m\libgcc.a(_fixunssfsi.o)
 .debug_frame   0x00002500       0x50 c:/program files (x86)/cypress/psoc creator/3.3/psoc creator/import/gnu/arm/4.9.3/bin/../lib/gcc/arm-none-eabi/4.9.3/armv6-m\libgcc.a(bpabi.o)
 .debug_frame   0x00002550       0x30 c:/program files (x86)/cypress/psoc creator/3.3/psoc creator/import/gnu/arm/4.9.3/bin/../lib/gcc/arm-none-eabi/4.9.3/armv6-m\libgcc.a(addsf3.o)
 .debug_frame   0x00002580       0x3c c:/program files (x86)/cypress/psoc creator/3.3/psoc creator/import/gnu/arm/4.9.3/bin/../lib/gcc/arm-none-eabi/4.9.3/armv6-m\libgcc.a(divsf3.o)
 .debug_frame   0x000025bc       0x2c c:/program files (x86)/cypress/psoc creator/3.3/psoc creator/import/gnu/arm/4.9.3/bin/../lib/gcc/arm-none-eabi/4.9.3/armv6-m\libgcc.a(eqsf2.o)
 .debug_frame   0x000025e8       0x30 c:/program files (x86)/cypress/psoc creator/3.3/psoc creator/import/gnu/arm/4.9.3/bin/../lib/gcc/arm-none-eabi/4.9.3/armv6-m\libgcc.a(gesf2.o)
 .debug_frame   0x00002618       0x30 c:/program files (x86)/cypress/psoc creator/3.3/psoc creator/import/gnu/arm/4.9.3/bin/../lib/gcc/arm-none-eabi/4.9.3/armv6-m\libgcc.a(lesf2.o)
 .debug_frame   0x00002648       0x3c c:/program files (x86)/cypress/psoc creator/3.3/psoc creator/import/gnu/arm/4.9.3/bin/../lib/gcc/arm-none-eabi/4.9.3/armv6-m\libgcc.a(mulsf3.o)
 .debug_frame   0x00002684       0x30 c:/program files (x86)/cypress/psoc creator/3.3/psoc creator/import/gnu/arm/4.9.3/bin/../lib/gcc/arm-none-eabi/4.9.3/armv6-m\libgcc.a(subsf3.o)
 .debug_frame   0x000026b4       0x20 c:/program files (x86)/cypress/psoc creator/3.3/psoc creator/import/gnu/arm/4.9.3/bin/../lib/gcc/arm-none-eabi/4.9.3/armv6-m\libgcc.a(fixsfsi.o)
 .debug_frame   0x000026d4       0x2c c:/program files (x86)/cypress/psoc creator/3.3/psoc creator/import/gnu/arm/4.9.3/bin/../lib/gcc/arm-none-eabi/4.9.3/armv6-m\libgcc.a(floatsisf.o)
 .debug_frame   0x00002700       0x38 c:/program files (x86)/cypress/psoc creator/3.3/psoc creator/import/gnu/arm/4.9.3/bin/../lib/gcc/arm-none-eabi/4.9.3/armv6-m\libgcc.a(adddf3.o)
 .debug_frame   0x00002738       0x3c c:/program files (x86)/cypress/psoc creator/3.3/psoc creator/import/gnu/arm/4.9.3/bin/../lib/gcc/arm-none-eabi/4.9.3/armv6-m\libgcc.a(divdf3.o)
 .debug_frame   0x00002774       0x38 c:/program files (x86)/cypress/psoc creator/3.3/psoc creator/import/gnu/arm/4.9.3/bin/../lib/gcc/arm-none-eabi/4.9.3/armv6-m\libgcc.a(eqdf2.o)
 .debug_frame   0x000027ac       0x38 c:/program files (x86)/cypress/psoc creator/3.3/psoc creator/import/gnu/arm/4.9.3/bin/../lib/gcc/arm-none-eabi/4.9.3/armv6-m\libgcc.a(gedf2.o)
 .debug_frame   0x000027e4       0x38 c:/program files (x86)/cypress/psoc creator/3.3/psoc creator/import/gnu/arm/4.9.3/bin/../lib/gcc/arm-none-eabi/4.9.3/armv6-m\libgcc.a(ledf2.o)
 .debug_frame   0x0000281c       0x3c c:/program files (x86)/cypress/psoc creator/3.3/psoc creator/import/gnu/arm/4.9.3/bin/../lib/gcc/arm-none-eabi/4.9.3/armv6-m\libgcc.a(muldf3.o)
 .debug_frame   0x00002858       0x3c c:/program files (x86)/cypress/psoc creator/3.3/psoc creator/import/gnu/arm/4.9.3/bin/../lib/gcc/arm-none-eabi/4.9.3/armv6-m\libgcc.a(subdf3.o)
 .debug_frame   0x00002894       0x2c c:/program files (x86)/cypress/psoc creator/3.3/psoc creator/import/gnu/arm/4.9.3/bin/../lib/gcc/arm-none-eabi/4.9.3/armv6-m\libgcc.a(floatsidf.o)
 .debug_frame   0x000028c0       0x2c c:/program files (x86)/cypress/psoc creator/3.3/psoc creator/import/gnu/arm/4.9.3/bin/../lib/gcc/arm-none-eabi/4.9.3/armv6-m\libgcc.a(extendsfdf2.o)
 .debug_frame   0x000028ec       0x2c c:/program files (x86)/cypress/psoc creator/3.3/psoc creator/import/gnu/arm/4.9.3/bin/../lib/gcc/arm-none-eabi/4.9.3/armv6-m\libgcc.a(truncdfsf2.o)
 .debug_frame   0x00002918       0x3c c:/program files (x86)/cypress/psoc creator/3.3/psoc creator/import/gnu/arm/4.9.3/bin/../lib/gcc/arm-none-eabi/4.9.3/armv6-m\libgcc.a(_divdi3.o)
 .debug_frame   0x00002954       0x3c c:/program files (x86)/cypress/psoc creator/3.3/psoc creator/import/gnu/arm/4.9.3/bin/../lib/gcc/arm-none-eabi/4.9.3/armv6-m\libgcc.a(_udivdi3.o)
 .debug_frame   0x00002990       0x20 c:/program files (x86)/cypress/psoc creator/3.3/psoc creator/import/gnu/arm/4.9.3/bin/../lib/gcc/arm-none-eabi/4.9.3/../../../../arm-none-eabi/lib/armv6-m\libg_nano.a(lib_a-errno.o)
 .debug_frame   0x000029b0       0x28 c:/program files (x86)/cypress/psoc creator/3.3/psoc creator/import/gnu/arm/4.9.3/bin/../lib/gcc/arm-none-eabi/4.9.3/../../../../arm-none-eabi/lib/armv6-m\libg_nano.a(lib_a-exit.o)
 .debug_frame   0x000029d8       0x2c c:/program files (x86)/cypress/psoc creator/3.3/psoc creator/import/gnu/arm/4.9.3/bin/../lib/gcc/arm-none-eabi/4.9.3/../../../../arm-none-eabi/lib/armv6-m\libg_nano.a(lib_a-init.o)
 .debug_frame   0x00002a04       0x28 c:/program files (x86)/cypress/psoc creator/3.3/psoc creator/import/gnu/arm/4.9.3/bin/../lib/gcc/arm-none-eabi/4.9.3/../../../../arm-none-eabi/lib/armv6-m\libg_nano.a(lib_a-memcpy.o)
 .debug_frame   0x00002a2c       0x20 c:/program files (x86)/cypress/psoc creator/3.3/psoc creator/import/gnu/arm/4.9.3/bin/../lib/gcc/arm-none-eabi/4.9.3/../../../../arm-none-eabi/lib/armv6-m\libg_nano.a(lib_a-memset.o)
 .debug_frame   0x00002a4c       0x54 c:/program files (x86)/cypress/psoc creator/3.3/psoc creator/import/gnu/arm/4.9.3/bin/../lib/gcc/arm-none-eabi/4.9.3/../../../../arm-none-eabi/lib/armv6-m\libg_nano.a(lib_a-snprintf.o)
 .debug_frame   0x00002aa0       0x74 c:/program files (x86)/cypress/psoc creator/3.3/psoc creator/import/gnu/arm/4.9.3/bin/../lib/gcc/arm-none-eabi/4.9.3/../../../../arm-none-eabi/lib/armv6-m\libg_nano.a(lib_a-nano-svfprintf.o)
 .debug_frame   0x00002b14       0x54 c:/program files (x86)/cypress/psoc creator/3.3/psoc creator/import/gnu/arm/4.9.3/bin/../lib/gcc/arm-none-eabi/4.9.3/../../../../arm-none-eabi/lib/armv6-m\libg_nano.a(lib_a-nano-vfprintf_i.o)
 .debug_frame   0x00002b68       0x20 c:/program files (x86)/cypress/psoc creator/3.3/psoc creator/import/gnu/arm/4.9.3/bin/../lib/gcc/arm-none-eabi/4.9.3/../../../../arm-none-eabi/lib/armv6-m\libg_nano.a(lib_a-memchr.o)
 .debug_frame   0x00002b88       0x28 c:/program files (x86)/cypress/psoc creator/3.3/psoc creator/import/gnu/arm/4.9.3/bin/../lib/gcc/arm-none-eabi/4.9.3/../../../../arm-none-eabi/lib/armv6-m\libg_nano.a(lib_a-memmove.o)
 .debug_frame   0x00002bb0       0x2c c:/program files (x86)/cypress/psoc creator/3.3/psoc creator/import/gnu/arm/4.9.3/bin/../lib/gcc/arm-none-eabi/4.9.3/../../../../arm-none-eabi/lib/armv6-m\libg_nano.a(lib_a-nano-freer.o)
 .debug_frame   0x00002bdc       0x2c c:/program files (x86)/cypress/psoc creator/3.3/psoc creator/import/gnu/arm/4.9.3/bin/../lib/gcc/arm-none-eabi/4.9.3/../../../../arm-none-eabi/lib/armv6-m\libg_nano.a(lib_a-nano-mallocr.o)
 .debug_frame   0x00002c08       0x30 c:/program files (x86)/cypress/psoc creator/3.3/psoc creator/import/gnu/arm/4.9.3/bin/../lib/gcc/arm-none-eabi/4.9.3/../../../../arm-none-eabi/lib/armv6-m\libg_nano.a(lib_a-nano-reallocr.o)
 .debug_frame   0x00002c38       0x2c c:/program files (x86)/cypress/psoc creator/3.3/psoc creator/import/gnu/arm/4.9.3/bin/../lib/gcc/arm-none-eabi/4.9.3/../../../../arm-none-eabi/lib/armv6-m\libg_nano.a(lib_a-sbrkr.o)
 .debug_frame   0x00002c64       0x20 c:/program files (x86)/cypress/psoc creator/3.3/psoc creator/import/gnu/arm/4.9.3/bin/../lib/gcc/arm-none-eabi/4.9.3/../../../../arm-none-eabi/lib/armv6-m\libg_nano.a(lib_a-nano-msizer.o)
 .debug_frame   0x00002c84       0x48 c:/program files (x86)/cypress/psoc creator/3.3/psoc creator/import/gnu/arm/4.9.3/bin/../lib/gcc/arm-none-eabi/4.9.3/../../../../arm-none-eabi/lib/armv6-m\libg_nano.a(lib_a-reent.o)

.debug_str      0x00000000     0x3106
 *(.debug_str)
 .debug_str     0x00000000      0x141 .\CortexM0\ARM_GCC_493\Debug\main.o
                                0x181 (size before relaxing)
 .debug_str     0x00000141      0x1d6 .\CortexM0\ARM_GCC_493\Debug\boardmain.o
                                0x355 (size before relaxing)
 .debug_str     0x00000317       0x5c .\CortexM0\ARM_GCC_493\Debug\control.o
                                0x21e (size before relaxing)
 .debug_str     0x00000373       0x2c .\CortexM0\ARM_GCC_493\Debug\debug.o
                                0x1bc (size before relaxing)
 .debug_str     0x0000039f      0x145 .\CortexM0\ARM_GCC_493\Debug\encoder.o
                                0x346 (size before relaxing)
 .debug_str     0x000004e4       0xfb .\CortexM0\ARM_GCC_493\Debug\i2c.o
                                0x2f0 (size before relaxing)
 .debug_str     0x000005df       0xa8 .\CortexM0\ARM_GCC_493\Debug\infrared.o
                                0x2c0 (size before relaxing)
 .debug_str     0x00000687       0x8c .\CortexM0\ARM_GCC_493\Debug\motor.o
                                0x24c (size before relaxing)
 .debug_str     0x00000713       0xa3 .\CortexM0\ARM_GCC_493\Debug\pid.o
                                0x2e8 (size before relaxing)
 .debug_str     0x000007b6       0x8f .\CortexM0\ARM_GCC_493\Debug\time.o
                                0x21a (size before relaxing)
 .debug_str     0x00000845      0x1b2 .\CortexM0\ARM_GCC_493\Debug\ultrasonic.o
                                0x407 (size before relaxing)
 .debug_str     0x000009f7       0x1d .\CortexM0\ARM_GCC_493\Debug\utils.o
                                0x1cd (size before relaxing)
 .debug_str     0x00000a14       0x5b .\CortexM0\ARM_GCC_493\Debug\cymetadata.o
                                0x1c9 (size before relaxing)
 .debug_str     0x00000a6f      0x142 .\CortexM0\ARM_GCC_493\Debug\Cm0Start.o
                                0x2f0 (size before relaxing)
 .debug_str     0x00000bb1      0x119 .\CortexM0\ARM_GCC_493\Debug\board1.a(cyfitter_cfg.o)
                                0x2f9 (size before relaxing)
 .debug_str     0x00000cca      0x45d .\CortexM0\ARM_GCC_493\Debug\board1.a(HB25_PWM.o)
                                0x61e (size before relaxing)
 .debug_str     0x00001127       0xdd .\CortexM0\ARM_GCC_493\Debug\board1.a(HB25_Enable_Pin.o)
                                0x277 (size before relaxing)
 .debug_str     0x00001204      0x13a .\CortexM0\ARM_GCC_493\Debug\board1.a(EZI2C.o)
                                0x2cd (size before relaxing)
 .debug_str     0x0000133e      0x121 .\CortexM0\ARM_GCC_493\Debug\board1.a(EZI2C_EZI2C.o)
                                0x334 (size before relaxing)
 .debug_str     0x0000145f       0x99 .\CortexM0\ARM_GCC_493\Debug\board1.a(EZI2C_EZI2C_INT.o)
                                0x2bd (size before relaxing)
 .debug_str     0x000014f8      0x255 .\CortexM0\ARM_GCC_493\Debug\board1.a(ADC_Infrared.o)
                                0x4ac (size before relaxing)
 .debug_str     0x0000174d       0x49 .\CortexM0\ARM_GCC_493\Debug\board1.a(ADC_Infrared_INT.o)
                                0x1be (size before relaxing)
 .debug_str     0x00001796       0x8c .\CortexM0\ARM_GCC_493\Debug\board1.a(Encoder_Pins.o)
                                0x262 (size before relaxing)
 .debug_str     0x00001822      0x133 .\CortexM0\ARM_GCC_493\Debug\board1.a(Encoder_Intr.o)
                                0x33b (size before relaxing)
 .debug_str     0x00001955      0x407 .\CortexM0\ARM_GCC_493\Debug\board1.a(HCSR04_Timer.o)
                                0x6c6 (size before relaxing)
 .debug_str     0x00001d5c      0x190 .\CortexM0\ARM_GCC_493\Debug\board1.a(HCSR04_Timeout_Intr.o)
                                0x39d (size before relaxing)
 .debug_str     0x00001eec       0xd6 .\CortexM0\ARM_GCC_493\Debug\board1.a(HCSR04_Trigger_0.o)
                                0x27e (size before relaxing)
 .debug_str     0x00001fc2       0xd6 .\CortexM0\ARM_GCC_493\Debug\board1.a(HCSR04_Trigger_2.o)
                                0x27e (size before relaxing)
 .debug_str     0x00002098       0xd6 .\CortexM0\ARM_GCC_493\Debug\board1.a(HCSR04_Trigger_3.o)
                                0x27e (size before relaxing)
 .debug_str     0x0000216e       0x3e .\CortexM0\ARM_GCC_493\Debug\board1.a(HCSR04_Control.o)
                                0x1c5 (size before relaxing)
 .debug_str     0x000021ac       0xd6 .\CortexM0\ARM_GCC_493\Debug\board1.a(HCSR04_Trigger_1.o)
                                0x27e (size before relaxing)
 .debug_str     0x00002282      0x4fa .\CortexM0\ARM_GCC_493\Debug\board1.a(CyLib.o)
                                0x7bd (size before relaxing)
 .debug_str     0x0000277c      0x4f7 .\CortexM0\ARM_GCC_493\Debug\board1.a(CyLFClk.o)
                                0x6fe (size before relaxing)
 .debug_str     0x00002c73      0x109 .\CortexM0\ARM_GCC_493\Debug\board1.a(UARTCOMMS.o)
                                0x2b0 (size before relaxing)
 .debug_str     0x00002d7c      0x1d0 .\CortexM0\ARM_GCC_493\Debug\board1.a(UARTCOMMS_UART.o)
                                0x3c0 (size before relaxing)
 .debug_str     0x00002f4c       0xb2 .\CortexM0\ARM_GCC_493\Debug\board1.a(CyFlash.o)
                                0x29f (size before relaxing)
 .debug_str     0x00002ffe      0x108 .\CortexM0\ARM_GCC_493\Debug\board1.a(UARTCOMMS_SPI_UART.o)
                                0x2ef (size before relaxing)

.debug_loc      0x00000000     0x336c
 *(.debug_loc)
 .debug_loc     0x00000000       0x2a .\CortexM0\ARM_GCC_493\Debug\control.o
 .debug_loc     0x0000002a       0xc5 .\CortexM0\ARM_GCC_493\Debug\encoder.o
 .debug_loc     0x000000ef       0x83 .\CortexM0\ARM_GCC_493\Debug\i2c.o
 .debug_loc     0x00000172       0xf2 .\CortexM0\ARM_GCC_493\Debug\infrared.o
 .debug_loc     0x00000264       0xe1 .\CortexM0\ARM_GCC_493\Debug\motor.o
 .debug_loc     0x00000345      0x157 .\CortexM0\ARM_GCC_493\Debug\pid.o
 .debug_loc     0x0000049c       0x1f .\CortexM0\ARM_GCC_493\Debug\time.o
 .debug_loc     0x000004bb      0x107 .\CortexM0\ARM_GCC_493\Debug\ultrasonic.o
 .debug_loc     0x000005c2       0x60 .\CortexM0\ARM_GCC_493\Debug\utils.o
 .debug_loc     0x00000622      0x14f .\CortexM0\ARM_GCC_493\Debug\Cm0Start.o
 .debug_loc     0x00000771      0x136 .\CortexM0\ARM_GCC_493\Debug\board1.a(cyfitter_cfg.o)
 .debug_loc     0x000008a7      0x547 .\CortexM0\ARM_GCC_493\Debug\board1.a(HB25_PWM.o)
 .debug_loc     0x00000dee       0xa2 .\CortexM0\ARM_GCC_493\Debug\board1.a(HB25_Enable_Pin.o)
 .debug_loc     0x00000e90       0x7e .\CortexM0\ARM_GCC_493\Debug\board1.a(EZI2C.o)
 .debug_loc     0x00000f0e       0xe1 .\CortexM0\ARM_GCC_493\Debug\board1.a(EZI2C_EZI2C.o)
 .debug_loc     0x00000fef      0x132 .\CortexM0\ARM_GCC_493\Debug\board1.a(EZI2C_EZI2C_INT.o)
 .debug_loc     0x00001121      0x47d .\CortexM0\ARM_GCC_493\Debug\board1.a(ADC_Infrared.o)
 .debug_loc     0x0000159e       0xa2 .\CortexM0\ARM_GCC_493\Debug\board1.a(Encoder_Pins.o)
 .debug_loc     0x00001640       0x82 .\CortexM0\ARM_GCC_493\Debug\board1.a(Encoder_Intr.o)
 .debug_loc     0x000016c2      0x547 .\CortexM0\ARM_GCC_493\Debug\board1.a(HCSR04_Timer.o)
 .debug_loc     0x00001c09       0x82 .\CortexM0\ARM_GCC_493\Debug\board1.a(HCSR04_Timeout_Intr.o)
 .debug_loc     0x00001c8b       0x81 .\CortexM0\ARM_GCC_493\Debug\board1.a(HCSR04_Trigger_0.o)
 .debug_loc     0x00001d0c       0xa2 .\CortexM0\ARM_GCC_493\Debug\board1.a(HCSR04_Trigger_2.o)
 .debug_loc     0x00001dae       0xa2 .\CortexM0\ARM_GCC_493\Debug\board1.a(HCSR04_Trigger_3.o)
 .debug_loc     0x00001e50       0xa2 .\CortexM0\ARM_GCC_493\Debug\board1.a(HCSR04_Trigger_1.o)
 .debug_loc     0x00001ef2      0x7be .\CortexM0\ARM_GCC_493\Debug\board1.a(CyLib.o)
 .debug_loc     0x000026b0      0x8af .\CortexM0\ARM_GCC_493\Debug\board1.a(CyLFClk.o)
 .debug_loc     0x00002f5f       0x7e .\CortexM0\ARM_GCC_493\Debug\board1.a(UARTCOMMS.o)
 .debug_loc     0x00002fdd      0x1b2 .\CortexM0\ARM_GCC_493\Debug\board1.a(UARTCOMMS_UART.o)
 .debug_loc     0x0000318f      0x147 .\CortexM0\ARM_GCC_493\Debug\board1.a(CyFlash.o)
 .debug_loc     0x000032d6       0x96 .\CortexM0\ARM_GCC_493\Debug\board1.a(UARTCOMMS_SPI_UART.o)

.debug_macinfo